Java HotSpot(TM) 64-Bit Server VM (25.131-b11) for windows-amd64 JRE (1.8.0_131-b11), built on Mar 15 2017 01:23:53 by "java_re" with MS VC++ 10.0 (VS2010)
Memory: 4k page, physical 8249108k(2304524k free), swap 23535604k(4071324k free)
CommandLine flags: -XX:-BytecodeVerificationLocal -XX:-BytecodeVerificationRemote -XX:InitialHeapSize=5242880 -XX:+ManagementServer -XX:MaxHeapSize=5242880 -XX:+PrintGC -XX:+PrintGCDetails -XX:+PrintGCTimeStamps -XX:TieredStopAtLevel=1 -XX:+UseCompressedClassPointers -XX:+UseCompressedOops -XX:-UseLargePagesIndividualAllocation -XX:+UseParallelGC 
2.468: [GC (Allocation Failure) [PSYoungGen: 1024K->490K(1536K)] 1024K->770K(5632K), 0.0152789 secs] [Times: user=0.00 sys=0.00, real=0.02 secs] 
2.924: [GC (Allocation Failure) [PSYoungGen: 1510K->482K(1536K)] 1790K->1034K(5632K), 0.0008556 secs] [Times: user=0.00 sys=0.00, real=0.00 secs] 
2.970: [GC (Allocation Failure) [PSYoungGen: 1506K->482K(1536K)] 2058K->1396K(5632K), 0.0008363 secs] [Times: user=0.00 sys=0.00, real=0.00 secs] 
2.976: [GC (Allocation Failure) [PSYoungGen: 1258K->482K(1536K)] 2172K->1739K(5632K), 0.0005797 secs] [Times: user=0.00 sys=0.00, real=0.00 secs] 
3.006: [GC (Allocation Failure) [PSYoungGen: 1505K->482K(1536K)] 2762K->1921K(5632K), 0.0005211 secs] [Times: user=0.00 sys=0.00, real=0.00 secs] 
3.077: [GC (Allocation Failure) [PSYoungGen: 1506K->498K(1536K)] 2945K->2073K(5632K), 0.0009122 secs] [Times: user=0.00 sys=0.00, real=0.00 secs] 
3.103: [GC (Allocation Failure) [PSYoungGen: 1522K->464K(1536K)] 3097K->2337K(5632K), 0.0005439 secs] [Times: user=0.00 sys=0.00, real=0.00 secs] 
3.123: [GC (Allocation Failure) [PSYoungGen: 1486K->512K(1536K)] 3360K->2497K(5632K), 0.0007566 secs] [Times: user=0.02 sys=0.00, real=0.00 secs] 
3.233: [GC (Allocation Failure) [PSYoungGen: 1536K->512K(1536K)] 3521K->2697K(5632K), 0.0008209 secs] [Times: user=0.13 sys=0.00, real=0.00 secs] 
3.249: [GC (Allocation Failure) [PSYoungGen: 1528K->288K(1536K)] 3714K->2801K(5632K), 0.0009097 secs] [Times: user=0.02 sys=0.00, real=0.00 secs] 
3.268: [GC (Allocation Failure) [PSYoungGen: 1312K->256K(1536K)] 3825K->2969K(5632K), 0.0013084 secs] [Times: user=0.00 sys=0.00, real=0.00 secs] 
3.289: [GC (Allocation Failure) [PSYoungGen: 1280K->288K(1536K)] 3993K->3161K(5632K), 0.0006033 secs] [Times: user=0.00 sys=0.00, real=0.00 secs] 
3.378: [GC (Allocation Failure) [PSYoungGen: 1312K->358K(1536K)] 4185K->3376K(5632K), 0.0007632 secs] [Times: user=0.00 sys=0.00, real=0.00 secs] 
3.389: [GC (Allocation Failure) [PSYoungGen: 1378K->416K(1536K)] 4396K->3545K(5632K), 0.0009077 secs] [Times: user=0.01 sys=0.00, real=0.00 secs] 
3.400: [GC (Allocation Failure) [PSYoungGen: 1403K->427K(1536K)] 4533K->3793K(5632K), 0.0005899 secs] [Times: user=0.00 sys=0.00, real=0.00 secs] 
3.453: [GC (Allocation Failure) [PSYoungGen: 1451K->307K(1536K)] 4817K->3871K(5632K), 0.0011705 secs] [Times: user=0.00 sys=0.00, real=0.00 secs] 
3.473: [GC (Allocation Failure) [PSYoungGen: 1331K->160K(1536K)] 4895K->3764K(5632K), 0.0006548 secs] [Times: user=0.00 sys=0.00, real=0.00 secs] 
3.491: [GC (Allocation Failure) [PSYoungGen: 1184K->256K(1536K)] 4788K->3900K(5632K), 0.0008676 secs] [Times: user=0.00 sys=0.00, real=0.00 secs] 
3.516: [GC (Allocation Failure) [PSYoungGen: 1280K->314K(1536K)] 4924K->4126K(5632K), 0.0010957 secs] [Times: user=0.00 sys=0.00, real=0.00 secs] 
3.517: [Full GC (Ergonomics) [PSYoungGen: 314K->0K(1536K)] [ParOldGen: 3812K->2720K(4096K)] 4126K->2720K(5632K), [Metaspace: 9289K->9289K(1058816K)], 0.0177652 secs] [Times: user=0.11 sys=0.00, real=0.02 secs] 
3.560: [GC (Allocation Failure) [PSYoungGen: 1024K->256K(1536K)] 3744K->2984K(5632K), 0.0006110 secs] [Times: user=0.00 sys=0.00, real=0.00 secs] 
3.571: [GC (Allocation Failure) [PSYoungGen: 1280K->352K(1536K)] 4008K->3160K(5632K), 0.0007817 secs] [Times: user=0.00 sys=0.00, real=0.00 secs] 
3.577: [GC (Allocation Failure) [PSYoungGen: 1374K->244K(1536K)] 4183K->3149K(5632K), 0.0006007 secs] [Times: user=0.00 sys=0.00, real=0.00 secs] 
3.650: [GC (Allocation Failure) [PSYoungGen: 1255K->320K(1536K)] 4161K->3321K(5632K), 0.0005899 secs] [Times: user=0.00 sys=0.00, real=0.00 secs] 
3.658: [GC (Allocation Failure) [PSYoungGen: 1344K->293K(1536K)] 4345K->3400K(5632K), 0.0004531 secs] [Times: user=0.00 sys=0.00, real=0.00 secs] 
3.690: [GC (Allocation Failure) [PSYoungGen: 1317K->352K(1536K)] 4424K->3547K(5632K), 0.0023250 secs] [Times: user=0.00 sys=0.00, real=0.00 secs] 
3.715: [GC (Allocation Failure) [PSYoungGen: 1375K->352K(1536K)] 4570K->3619K(5632K), 0.0010200 secs] [Times: user=0.00 sys=0.00, real=0.00 secs] 
3.727: [GC (Allocation Failure) [PSYoungGen: 1376K->384K(1536K)] 4643K->3715K(5632K), 0.0005629 secs] [Times: user=0.00 sys=0.00, real=0.00 secs] 
3.733: [GC (Allocation Failure) [PSYoungGen: 1408K->324K(1536K)] 4739K->3735K(5632K), 0.0006738 secs] [Times: user=0.00 sys=0.00, real=0.00 secs] 
3.739: [GC (Allocation Failure) [PSYoungGen: 1348K->320K(1536K)] 4759K->3787K(5632K), 0.0008425 secs] [Times: user=0.00 sys=0.00, real=0.00 secs] 
3.757: [GC (Allocation Failure) [PSYoungGen: 1344K->380K(1536K)] 4811K->3911K(5632K), 0.0006249 secs] [Times: user=0.00 sys=0.00, real=0.00 secs] 
3.767: [GC (Allocation Failure) [PSYoungGen: 1404K->352K(1536K)] 4935K->3955K(5632K), 0.0005751 secs] [Times: user=0.00 sys=0.00, real=0.00 secs] 
3.780: [GC (Allocation Failure) [PSYoungGen: 1376K->320K(1536K)] 4979K->4019K(5632K), 0.0013224 secs] [Times: user=0.03 sys=0.01, real=0.00 secs] 
3.791: [GC (Allocation Failure) [PSYoungGen: 1344K->336K(1536K)] 5043K->4107K(5632K), 0.0009384 secs] [Times: user=0.00 sys=0.00, real=0.00 secs] 
3.807: [GC (Allocation Failure) [PSYoungGen: 1360K->320K(1536K)] 5131K->4143K(5632K), 0.0006827 secs] [Times: user=0.00 sys=0.00, real=0.00 secs] 
3.832: [GC (Allocation Failure) [PSYoungGen: 1344K->320K(1536K)] 5167K->4191K(5632K), 0.0007293 secs] [Times: user=0.00 sys=0.00, real=0.00 secs] 
3.832: [Full GC (Ergonomics) [PSYoungGen: 320K->0K(1536K)] [ParOldGen: 3871K->3303K(4096K)] 4191K->3303K(5632K), [Metaspace: 11120K->11120K(1058816K)], 0.0134627 secs] [Times: user=0.13 sys=0.00, real=0.01 secs] 
3.851: [GC (Allocation Failure) [PSYoungGen: 1024K->320K(1536K)] 4327K->3623K(5632K), 0.0004932 secs] [Times: user=0.00 sys=0.00, real=0.00 secs] 
3.864: [GC (Allocation Failure) [PSYoungGen: 1344K->352K(1536K)] 4647K->3735K(5632K), 0.0005888 secs] [Times: user=0.00 sys=0.00, real=0.00 secs] 
3.884: [GC (Allocation Failure) [PSYoungGen: 1363K->352K(1536K)] 4746K->3791K(5632K), 0.0007799 secs] [Times: user=0.00 sys=0.00, real=0.00 secs] 
3.895: [GC (Allocation Failure) [PSYoungGen: 1376K->320K(1536K)] 4815K->3855K(5632K), 0.0005495 secs] [Times: user=0.00 sys=0.00, real=0.00 secs] 
3.910: [GC (Allocation Failure) [PSYoungGen: 1344K->320K(1536K)] 4879K->3951K(5632K), 0.0010249 secs] [Times: user=0.00 sys=0.00, real=0.00 secs] 
3.916: [GC (Allocation Failure) [PSYoungGen: 1344K->369K(1536K)] 4975K->4120K(5632K), 0.0006793 secs] [Times: user=0.00 sys=0.00, real=0.00 secs] 
3.923: [GC (Allocation Failure) [PSYoungGen: 1393K->352K(1536K)] 5144K->4167K(5632K), 0.0006835 secs] [Times: user=0.00 sys=0.00, real=0.00 secs] 
3.929: [GC (Allocation Failure) [PSYoungGen: 1376K->352K(1536K)] 5191K->4247K(5632K), 0.0007999 secs] [Times: user=0.00 sys=0.00, real=0.00 secs] 
3.941: [GC (Allocation Failure) [PSYoungGen: 1373K->352K(1536K)] 5268K->4327K(5632K), 0.0007962 secs] [Times: user=0.00 sys=0.00, real=0.00 secs] 
3.941: [Full GC (Ergonomics) [PSYoungGen: 352K->0K(1536K)] [ParOldGen: 3975K->3615K(4096K)] 4327K->3615K(5632K), [Metaspace: 12439K->12437K(1060864K)], 0.0324187 secs] [Times: user=0.14 sys=0.00, real=0.03 secs] 
3.978: [GC (Allocation Failure) [PSYoungGen: 1024K->452K(1536K)] 4639K->4068K(5632K), 0.0007450 secs] [Times: user=0.00 sys=0.00, real=0.00 secs] 
3.983: [GC (Allocation Failure) [PSYoungGen: 1476K->409K(1536K)] 5091K->4025K(5632K), 0.0006446 secs] [Times: user=0.00 sys=0.00, real=0.00 secs] 
3.987: [GC (Allocation Failure) [PSYoungGen: 1433K->406K(1536K)] 5049K->4021K(5632K), 0.0006773 secs] [Times: user=0.00 sys=0.00, real=0.00 secs] 
3.998: [GC (Allocation Failure) [PSYoungGen: 1430K->414K(1536K)] 5045K->4106K(5632K), 0.0131055 secs] [Times: user=0.00 sys=0.00, real=0.01 secs] 
4.014: [GC (Allocation Failure) [PSYoungGen: 1438K->417K(1536K)] 5130K->4110K(5632K), 0.0007322 secs] [Times: user=0.03 sys=0.00, real=0.00 secs] 
4.018: [GC (Allocation Failure) [PSYoungGen: 1441K->416K(1536K)] 5134K->4180K(5632K), 0.0006738 secs] [Times: user=0.00 sys=0.00, real=0.00 secs] 
4.021: [GC (Allocation Failure) [PSYoungGen: 1440K->307K(1536K)] 5204K->4191K(5632K), 0.0005569 secs] [Times: user=0.00 sys=0.00, real=0.00 secs] 
4.037: [GC (Allocation Failure) [PSYoungGen: 1331K->352K(1536K)] 5215K->4324K(5632K), 0.0021009 secs] [Times: user=0.00 sys=0.00, real=0.00 secs] 
4.039: [Full GC (Ergonomics) [PSYoungGen: 352K->0K(1536K)] [ParOldGen: 3972K->3819K(4096K)] 4324K->3819K(5632K), [Metaspace: 13400K->13400K(1060864K)], 0.0261811 secs] [Times: user=0.14 sys=0.00, real=0.03 secs] 
4.103: [GC (Allocation Failure) [PSYoungGen: 1024K->288K(1536K)] 4843K->4115K(5632K), 0.0014239 secs] [Times: user=0.00 sys=0.00, real=0.00 secs] 
4.112: [GC (Allocation Failure) [PSYoungGen: 1312K->320K(1536K)] 5139K->4147K(5632K), 0.0012820 secs] [Times: user=0.00 sys=0.00, real=0.00 secs] 
4.137: [GC (GCLocker Initiated GC) [PSYoungGen: 1344K->384K(1536K)] 5174K->4222K(5632K), 0.0022133 secs] [Times: user=0.00 sys=0.00, real=0.00 secs] 
4.149: [GC (Allocation Failure) [PSYoungGen: 1408K->352K(1536K)] 5250K->4202K(5632K), 0.0027048 secs] [Times: user=0.00 sys=0.00, real=0.00 secs] 
4.161: [GC (GCLocker Initiated GC) [PSYoungGen: 1376K->320K(1536K)] 5227K->4171K(5632K), 0.0015784 secs] [Times: user=0.00 sys=0.00, real=0.00 secs] 
4.181: [GC (Allocation Failure) [PSYoungGen: 1344K->384K(1536K)] 5205K->4245K(5632K), 0.0008371 secs] [Times: user=0.00 sys=0.00, real=0.00 secs] 
4.186: [GC (Allocation Failure) [PSYoungGen: 1396K->406K(1536K)] 5258K->4268K(5632K), 0.0007484 secs] [Times: user=0.02 sys=0.02, real=0.00 secs] 
4.240: [GC (Allocation Failure) [PSYoungGen: 1430K->475K(1536K)] 5292K->4336K(5632K), 0.0006992 secs] [Times: user=0.00 sys=0.00, real=0.00 secs] 
4.255: [GC (Allocation Failure) [PSYoungGen: 1499K->465K(1536K)] 5360K->4327K(5632K), 0.0005550 secs] [Times: user=0.00 sys=0.00, real=0.00 secs] 
4.262: [GC (Allocation Failure) [PSYoungGen: 1489K->448K(1536K)] 5351K->4429K(5632K), 0.0006519 secs] [Times: user=0.00 sys=0.00, real=0.00 secs] 
4.262: [Full GC (Ergonomics) [PSYoungGen: 448K->0K(1536K)] [ParOldGen: 3981K->4091K(4096K)] 4429K->4091K(5632K), [Metaspace: 14286K->14286K(1062912K)], 0.0143016 secs] [Times: user=0.02 sys=0.00, real=0.01 secs] 
4.284: [Full GC (Ergonomics) [PSYoungGen: 986K->29K(1536K)] [ParOldGen: 4091K->4081K(4096K)] 5078K->4110K(5632K), [Metaspace: 14410K->14410K(1062912K)], 0.0324073 secs] [Times: user=0.22 sys=0.00, real=0.03 secs] 
4.320: [Full GC (Ergonomics) [PSYoungGen: 1024K->0K(1536K)] [ParOldGen: 4081K->4061K(4096K)] 5105K->4061K(5632K), [Metaspace: 14454K->14448K(1062912K)], 0.0255021 secs] [Times: user=0.25 sys=0.00, real=0.03 secs] 
4.351: [Full GC (Ergonomics) [PSYoungGen: 1024K->0K(1536K)] [ParOldGen: 4061K->4048K(4096K)] 5085K->4048K(5632K), [Metaspace: 14482K->14482K(1062912K)], 0.0088485 secs] [Times: user=0.13 sys=0.00, real=0.01 secs] 
4.364: [Full GC (Ergonomics) [PSYoungGen: 1022K->0K(1536K)] [ParOldGen: 4048K->4085K(4096K)] 5071K->4085K(5632K), [Metaspace: 14517K->14517K(1062912K)], 0.0087213 secs] [Times: user=0.00 sys=0.00, real=0.01 secs] 
4.375: [Full GC (Ergonomics) [PSYoungGen: 1024K->0K(1536K)] [ParOldGen: 4085K->4082K(4096K)] 5109K->4082K(5632K), [Metaspace: 14549K->14549K(1062912K)], 0.0097411 secs] [Times: user=0.00 sys=0.00, real=0.01 secs] 
4.390: [Full GC (Ergonomics) [PSYoungGen: 1024K->25K(1536K)] [ParOldGen: 4082K->4073K(4096K)] 5106K->4098K(5632K), [Metaspace: 14650K->14650K(1062912K)], 0.0190558 secs] [Times: user=0.08 sys=0.00, real=0.02 secs] 
4.411: [Full GC (Ergonomics) [PSYoungGen: 1024K->0K(1536K)] [ParOldGen: 4073K->4060K(4096K)] 5097K->4060K(5632K), [Metaspace: 14671K->14660K(1062912K)], 0.0202911 secs] [Times: user=0.11 sys=0.00, real=0.02 secs] 
4.436: [Full GC (Ergonomics) [PSYoungGen: 1024K->26K(1536K)] [ParOldGen: 4060K->4071K(4096K)] 5084K->4097K(5632K), [Metaspace: 14686K->14686K(1062912K)], 0.0185170 secs] [Times: user=0.16 sys=0.00, real=0.02 secs] 
4.458: [Full GC (Ergonomics) [PSYoungGen: 1024K->25K(1536K)] [ParOldGen: 4071K->4086K(4096K)] 5095K->4112K(5632K), [Metaspace: 14711K->14711K(1062912K)], 0.0198849 secs] [Times: user=0.13 sys=0.00, real=0.02 secs] 
4.480: [Full GC (Ergonomics) [PSYoungGen: 1024K->65K(1536K)] [ParOldGen: 4086K->4069K(4096K)] 5110K->4135K(5632K), [Metaspace: 14734K->14734K(1062912K)], 0.0169142 secs] [Times: user=0.02 sys=0.00, real=0.02 secs] 
4.500: [Full GC (Ergonomics) [PSYoungGen: 1024K->88K(1536K)] [ParOldGen: 4069K->4056K(4096K)] 5093K->4145K(5632K), [Metaspace: 14757K->14757K(1062912K)], 0.0162022 secs] [Times: user=0.00 sys=0.00, real=0.02 secs] 
4.519: [Full GC (Ergonomics) [PSYoungGen: 1024K->97K(1536K)] [ParOldGen: 4056K->4045K(4096K)] 5080K->4143K(5632K), [Metaspace: 14783K->14783K(1062912K)], 0.0175297 secs] [Times: user=0.13 sys=0.00, real=0.02 secs] 
4.540: [Full GC (Ergonomics) [PSYoungGen: 1024K->115K(1536K)] [ParOldGen: 4045K->4030K(4096K)] 5069K->4145K(5632K), [Metaspace: 14802K->14802K(1062912K)], 0.0181546 secs] [Times: user=0.02 sys=0.00, real=0.02 secs] 
4.560: [Full GC (Ergonomics) [PSYoungGen: 1024K->127K(1536K)] [ParOldGen: 4030K->4029K(4096K)] 5054K->4157K(5632K), [Metaspace: 14827K->14827K(1062912K)], 0.0240836 secs] [Times: user=0.19 sys=0.00, real=0.02 secs] 
4.586: [Full GC (Ergonomics) [PSYoungGen: 1024K->185K(1536K)] [ParOldGen: 4029K->4010K(4096K)] 5053K->4195K(5632K), [Metaspace: 14881K->14881K(1062912K)], 0.0289814 secs] [Times: user=0.25 sys=0.00, real=0.03 secs] 
4.618: [Full GC (Ergonomics) [PSYoungGen: 1024K->183K(1536K)] [ParOldGen: 4010K->3965K(4096K)] 5034K->4148K(5632K), [Metaspace: 14912K->14908K(1062912K)], 0.0342243 secs] [Times: user=0.14 sys=0.00, real=0.04 secs] 
4.655: [Full GC (Ergonomics) [PSYoungGen: 1024K->192K(1536K)] [ParOldGen: 3965K->3965K(4096K)] 4989K->4157K(5632K), [Metaspace: 14938K->14938K(1062912K)], 0.0093471 secs] [Times: user=0.09 sys=0.00, real=0.01 secs] 
4.666: [Full GC (Ergonomics) [PSYoungGen: 1024K->222K(1536K)] [ParOldGen: 3965K->3964K(4096K)] 4989K->4186K(5632K), [Metaspace: 14967K->14967K(1062912K)], 0.0149979 secs] [Times: user=0.02 sys=0.00, real=0.01 secs] 
4.683: [Full GC (Ergonomics) [PSYoungGen: 1024K->253K(1536K)] [ParOldGen: 3964K->3963K(4096K)] 4988K->4216K(5632K), [Metaspace: 15002K->15002K(1062912K)], 0.0241325 secs] [Times: user=0.13 sys=0.00, real=0.02 secs] 
4.710: [Full GC (Ergonomics) [PSYoungGen: 1023K->273K(1536K)] [ParOldGen: 3963K->3963K(4096K)] 4986K->4236K(5632K), [Metaspace: 15037K->15037K(1062912K)], 0.0088820 secs] [Times: user=0.13 sys=0.00, real=0.01 secs] 
4.720: [Full GC (Ergonomics) [PSYoungGen: 1024K->275K(1536K)] [ParOldGen: 3963K->3962K(4096K)] 4987K->4238K(5632K), [Metaspace: 15061K->15061K(1062912K)], 0.0164127 secs] [Times: user=0.13 sys=0.00, real=0.02 secs] 
4.749: [Full GC (Ergonomics) [PSYoungGen: 1024K->341K(1536K)] [ParOldGen: 3962K->3962K(4096K)] 4986K->4303K(5632K), [Metaspace: 15104K->15104K(1062912K)], 0.0345964 secs] [Times: user=0.38 sys=0.00, real=0.04 secs] 
4.786: [Full GC (Ergonomics) [PSYoungGen: 1020K->362K(1536K)] [ParOldGen: 3962K->3954K(4096K)] 4983K->4317K(5632K), [Metaspace: 15153K->15153K(1062912K)], 0.0146150 secs] [Times: user=0.13 sys=0.00, real=0.01 secs] 
4.802: [Full GC (Ergonomics) [PSYoungGen: 1024K->351K(1536K)] [ParOldGen: 3954K->3933K(4096K)] 4978K->4285K(5632K), [Metaspace: 15213K->15213K(1062912K)], 0.0218086 secs] [Times: user=0.13 sys=0.00, real=0.02 secs] 
4.836: [GC (Allocation Failure) [PSYoungGen: 1024K->512K(1536K)] 4957K->4453K(5632K), 0.0024300 secs] [Times: user=0.00 sys=0.00, real=0.00 secs] 
4.855: [GC (Allocation Failure) [PSYoungGen: 1536K->512K(1536K)] 5477K->4549K(5632K), 0.0021504 secs] [Times: user=0.00 sys=0.00, real=0.00 secs] 
4.857: [Full GC (Ergonomics) [PSYoungGen: 512K->344K(1536K)] [ParOldGen: 4037K->4010K(4096K)] 4549K->4355K(5632K), [Metaspace: 15370K->15370K(1062912K)], 0.0468895 secs] [Times: user=0.27 sys=0.00, real=0.05 secs] 
4.907: [Full GC (Ergonomics) [PSYoungGen: 1368K->341K(1536K)] [ParOldGen: 4010K->4029K(4096K)] 5379K->4370K(5632K), [Metaspace: 15446K->15446K(1062912K)], 0.0092678 secs] [Times: user=0.00 sys=0.00, real=0.01 secs] 
4.919: [Full GC (Ergonomics) [PSYoungGen: 1365K->337K(1536K)] [ParOldGen: 4029K->3991K(4096K)] 5394K->4328K(5632K), [Metaspace: 15517K->15514K(1062912K)], 0.0192987 secs] [Times: user=0.02 sys=0.00, real=0.02 secs] 
4.940: [Full GC (Ergonomics) [PSYoungGen: 1361K->337K(1536K)] [ParOldGen: 3991K->3975K(4096K)] 5352K->4313K(5632K), [Metaspace: 15556K->15556K(1062912K)], 0.0269903 secs] [Times: user=0.13 sys=0.00, real=0.03 secs] 
4.970: [Full GC (Ergonomics) [PSYoungGen: 1361K->337K(1536K)] [ParOldGen: 3975K->3997K(4096K)] 5337K->4334K(5632K), [Metaspace: 15622K->15622K(1062912K)], 0.0212201 secs] [Times: user=0.13 sys=0.00, real=0.02 secs] 
4.994: [Full GC (Ergonomics) [PSYoungGen: 1355K->337K(1536K)] [ParOldGen: 3997K->4027K(4096K)] 5353K->4364K(5632K), [Metaspace: 15689K->15689K(1062912K)], 0.0213788 secs] [Times: user=0.02 sys=0.00, real=0.02 secs] 
5.018: [Full GC (Ergonomics) [PSYoungGen: 1361K->337K(1536K)] [ParOldGen: 4027K->4083K(4096K)] 5388K->4420K(5632K), [Metaspace: 15826K->15826K(1062912K)], 0.0198223 secs] [Times: user=0.13 sys=0.00, real=0.02 secs] 
5.040: [Full GC (Ergonomics) [PSYoungGen: 1361K->337K(1536K)] [ParOldGen: 4083K->4023K(4096K)] 5444K->4360K(5632K), [Metaspace: 15873K->15873K(1062912K)], 0.0084599 secs] [Times: user=0.11 sys=0.00, real=0.01 secs] 
5.051: [Full GC (Ergonomics) [PSYoungGen: 1361K->337K(1536K)] [ParOldGen: 4032K->4060K(4096K)] 5393K->4397K(5632K), [Metaspace: 15933K->15933K(1062912K)], 0.0134687 secs] [Times: user=0.11 sys=0.00, real=0.01 secs] 
5.067: [Full GC (Ergonomics) [PSYoungGen: 1361K->412K(1536K)] [ParOldGen: 4060K->4027K(4096K)] 5421K->4439K(5632K), [Metaspace: 15991K->15991K(1062912K)], 0.0278835 secs] [Times: user=0.16 sys=0.00, real=0.03 secs] 
5.096: [Full GC (Ergonomics) [PSYoungGen: 1024K->412K(1536K)] [ParOldGen: 4027K->3997K(4096K)] 5051K->4410K(5632K), [Metaspace: 16039K->16039K(1062912K)], 0.0086056 secs] [Times: user=0.00 sys=0.00, real=0.01 secs] 
5.108: [Full GC (Ergonomics) [PSYoungGen: 1024K->422K(1536K)] [ParOldGen: 3997K->3997K(4096K)] 5021K->4420K(5632K), [Metaspace: 16116K->16116K(1062912K)], 0.0172527 secs] [Times: user=0.13 sys=0.00, real=0.02 secs] 
5.131: [Full GC (Ergonomics) [PSYoungGen: 1024K->421K(1536K)] [ParOldGen: 3997K->3996K(4096K)] 5021K->4418K(5632K), [Metaspace: 16166K->16166K(1064960K)], 0.0236163 secs] [Times: user=0.01 sys=0.00, real=0.02 secs] 
5.157: [Full GC (Ergonomics) [PSYoungGen: 1024K->409K(1536K)] [ParOldGen: 3996K->3984K(4096K)] 5020K->4393K(5632K), [Metaspace: 16191K->16191K(1064960K)], 0.0227308 secs] [Times: user=0.13 sys=0.00, real=0.02 secs] 
5.186: [Full GC (Ergonomics) [PSYoungGen: 1023K->417K(1536K)] [ParOldGen: 3984K->3960K(4096K)] 5007K->4378K(5632K), [Metaspace: 16223K->16223K(1064960K)], 0.0439193 secs] [Times: user=0.34 sys=0.02, real=0.04 secs] 
5.231: [Full GC (Ergonomics) [PSYoungGen: 1024K->452K(1536K)] [ParOldGen: 3961K->3926K(4096K)] 4985K->4378K(5632K), [Metaspace: 16258K->16258K(1064960K)], 0.0184416 secs] [Times: user=0.02 sys=0.00, real=0.02 secs] 
5.258: [GC (Allocation Failure) [PSYoungGen: 1024K->512K(1536K)] 4962K->4506K(5632K), 0.0019666 secs] [Times: user=0.00 sys=0.00, real=0.00 secs] 
5.260: [Full GC (Ergonomics) [PSYoungGen: 512K->417K(1536K)] [ParOldGen: 3994K->3964K(4096K)] 4506K->4382K(5632K), [Metaspace: 16310K->16310K(1064960K)], 0.0209886 secs] [Times: user=0.14 sys=0.00, real=0.02 secs] 
5.307: [Full GC (Ergonomics) [PSYoungGen: 1441K->414K(1536K)] [ParOldGen: 3964K->4034K(4096K)] 5406K->4449K(5632K), [Metaspace: 16402K->16402K(1064960K)], 0.0253110 secs] [Times: user=0.23 sys=0.00, real=0.02 secs] 
5.375: [Full GC (Ergonomics) [PSYoungGen: 1438K->396K(1536K)] [ParOldGen: 4034K->4069K(4096K)] 5473K->4466K(5632K), [Metaspace: 16529K->16525K(1064960K)], 0.0636882 secs] [Times: user=0.39 sys=0.00, real=0.06 secs] 
5.450: [Full GC (Ergonomics) [PSYoungGen: 1419K->396K(1536K)] [ParOldGen: 4069K->4072K(4096K)] 5489K->4468K(5632K), [Metaspace: 16598K->16598K(1064960K)], 0.0266433 secs] [Times: user=0.06 sys=0.00, real=0.03 secs] 
5.479: [Full GC (Ergonomics) [PSYoungGen: 1420K->515K(1536K)] [ParOldGen: 4072K->4015K(4096K)] 5492K->4531K(5632K), [Metaspace: 16684K->16684K(1064960K)], 0.0343449 secs] [Times: user=0.13 sys=0.00, real=0.03 secs] 
5.515: [Full GC (Ergonomics) [PSYoungGen: 1024K->444K(1536K)] [ParOldGen: 4015K->3991K(4096K)] 5039K->4436K(5632K), [Metaspace: 16726K->16726K(1064960K)], 0.0089276 secs] [Times: user=0.00 sys=0.00, real=0.01 secs] 
5.525: [Full GC (Ergonomics) [PSYoungGen: 1024K->463K(1536K)] [ParOldGen: 3991K->3991K(4096K)] 5015K->4455K(5632K), [Metaspace: 16744K->16744K(1064960K)], 0.0090064 secs] [Times: user=0.02 sys=0.00, real=0.01 secs] 
5.544: [Full GC (Ergonomics) [PSYoungGen: 1024K->455K(1536K)] [ParOldGen: 3991K->3991K(4096K)] 5015K->4447K(5632K), [Metaspace: 16762K->16762K(1064960K)], 0.0248246 secs] [Times: user=0.25 sys=0.00, real=0.02 secs] 
5.571: [Full GC (Ergonomics) [PSYoungGen: 1024K->461K(1536K)] [ParOldGen: 3991K->3990K(4096K)] 5015K->4452K(5632K), [Metaspace: 16782K->16782K(1064960K)], 0.0290838 secs] [Times: user=0.14 sys=0.00, real=0.03 secs] 
5.602: [Full GC (Ergonomics) [PSYoungGen: 1024K->467K(1536K)] [ParOldGen: 3990K->3990K(4096K)] 5014K->4457K(5632K), [Metaspace: 16795K->16795K(1064960K)], 0.0088144 secs] [Times: user=0.13 sys=0.00, real=0.01 secs] 
5.623: [Full GC (Ergonomics) [PSYoungGen: 1024K->477K(1536K)] [ParOldGen: 3990K->3900K(4096K)] 5014K->4378K(5632K), [Metaspace: 16824K->16824K(1064960K)], 0.0491417 secs] [Times: user=0.36 sys=0.01, real=0.05 secs] 
5.707: [GC (Allocation Failure) [PSYoungGen: 1024K->512K(1536K)] 4924K->4436K(5632K), 0.0027392 secs] [Times: user=0.00 sys=0.00, real=0.00 secs] 
5.740: [GC (Allocation Failure) --[PSYoungGen: 1536K->1536K(1536K)] 5460K->5628K(5632K), 0.0207624 secs] [Times: user=0.00 sys=0.00, real=0.02 secs] 
5.762: [Full GC (Ergonomics) [PSYoungGen: 1536K->333K(1536K)] [ParOldGen: 4092K->4074K(4096K)] 5628K->4408K(5632K), [Metaspace: 16989K->16989K(1064960K)], 0.0659350 secs] [Times: user=0.36 sys=0.00, real=0.07 secs] 
5.832: [Full GC (Ergonomics) [PSYoungGen: 1357K->422K(1536K)] [ParOldGen: 4074K->4074K(4096K)] 5432K->4497K(5632K), [Metaspace: 17117K->17117K(1064960K)], 0.0139031 secs] [Times: user=0.13 sys=0.00, real=0.01 secs] 
5.881: [Full GC (Ergonomics) [PSYoungGen: 1024K->402K(1536K)] [ParOldGen: 4074K->4073K(4096K)] 5098K->4475K(5632K), [Metaspace: 17172K->17172K(1064960K)], 0.0226955 secs] [Times: user=0.13 sys=0.00, real=0.02 secs] 
5.916: [Full GC (Ergonomics) [PSYoungGen: 971K->461K(1536K)] [ParOldGen: 4073K->4052K(4096K)] 5044K->4513K(5632K), [Metaspace: 17201K->17201K(1064960K)], 0.0128290 secs] [Times: user=0.01 sys=0.00, real=0.01 secs] 
5.931: [Full GC (Ergonomics) [PSYoungGen: 1024K->452K(1536K)] [ParOldGen: 4052K->4050K(4096K)] 5076K->4502K(5632K), [Metaspace: 17277K->17277K(1064960K)], 0.0149228 secs] [Times: user=0.02 sys=0.00, real=0.01 secs] 
5.959: [Full GC (Ergonomics) [PSYoungGen: 1024K->408K(1536K)] [ParOldGen: 4050K->4050K(4096K)] 5074K->4459K(5632K), [Metaspace: 17286K->17286K(1064960K)], 0.0330237 secs] [Times: user=0.09 sys=0.02, real=0.03 secs] 
5.994: [Full GC (Ergonomics) [PSYoungGen: 1024K->431K(1536K)] [ParOldGen: 4050K->4048K(4096K)] 5074K->4479K(5632K), [Metaspace: 17293K->17293K(1064960K)], 0.0331047 secs] [Times: user=0.13 sys=0.00, real=0.03 secs] 
6.031: [Full GC (Ergonomics) [PSYoungGen: 1024K->473K(1536K)] [ParOldGen: 4048K->4042K(4096K)] 5072K->4516K(5632K), [Metaspace: 17317K->17317K(1064960K)], 0.0294272 secs] [Times: user=0.13 sys=0.00, real=0.03 secs] 
6.066: [Full GC (Ergonomics) [PSYoungGen: 1024K->488K(1536K)] [ParOldGen: 4042K->4041K(4096K)] 5066K->4530K(5632K), [Metaspace: 17386K->17386K(1064960K)], 0.0287991 secs] [Times: user=0.20 sys=0.00, real=0.03 secs] 
6.107: [Full GC (Ergonomics) [PSYoungGen: 1024K->523K(1536K)] [ParOldGen: 4043K->4037K(4096K)] 5067K->4561K(5632K), [Metaspace: 17408K->17408K(1064960K)], 0.0472567 secs] [Times: user=0.26 sys=0.00, real=0.05 secs] 
6.156: [Full GC (Ergonomics) [PSYoungGen: 1024K->535K(1536K)] [ParOldGen: 4058K->4038K(4096K)] 5082K->4573K(5632K), [Metaspace: 17480K->17480K(1064960K)], 0.0189883 secs] [Times: user=0.13 sys=0.00, real=0.02 secs] 
6.177: [Full GC (Ergonomics) [PSYoungGen: 1024K->509K(1536K)] [ParOldGen: 4038K->4035K(4096K)] 5062K->4544K(5632K), [Metaspace: 17535K->17535K(1064960K)], 0.0174572 secs] [Times: user=0.08 sys=0.00, real=0.02 secs] 
6.196: [Full GC (Ergonomics) [PSYoungGen: 1024K->538K(1536K)] [ParOldGen: 4035K->4035K(4096K)] 5059K->4574K(5632K), [Metaspace: 17592K->17590K(1064960K)], 0.0102243 secs] [Times: user=0.02 sys=0.00, real=0.01 secs] 
6.208: [Full GC (Ergonomics) [PSYoungGen: 1024K->533K(1536K)] [ParOldGen: 4035K->4030K(4096K)] 5059K->4564K(5632K), [Metaspace: 17624K->17624K(1064960K)], 0.0103290 secs] [Times: user=0.13 sys=0.00, real=0.01 secs] 
6.220: [Full GC (Ergonomics) [PSYoungGen: 1024K->521K(1536K)] [ParOldGen: 4030K->4030K(4096K)] 5054K->4551K(5632K), [Metaspace: 17648K->17648K(1064960K)], 0.0099635 secs] [Times: user=0.00 sys=0.00, real=0.01 secs] 
6.231: [Full GC (Ergonomics) [PSYoungGen: 1024K->521K(1536K)] [ParOldGen: 4030K->4030K(4096K)] 5054K->4551K(5632K), [Metaspace: 17683K->17683K(1064960K)], 0.0109306 secs] [Times: user=0.02 sys=0.00, real=0.01 secs] 
6.243: [Full GC (Ergonomics) [PSYoungGen: 1024K->542K(1536K)] [ParOldGen: 4030K->4030K(4096K)] 5054K->4572K(5632K), [Metaspace: 17719K->17719K(1064960K)], 0.0101143 secs] [Times: user=0.01 sys=0.00, real=0.01 secs] 
6.254: [Full GC (Ergonomics) [PSYoungGen: 1024K->542K(1536K)] [ParOldGen: 4030K->4027K(4096K)] 5054K->4569K(5632K), [Metaspace: 17746K->17746K(1064960K)], 0.0240697 secs] [Times: user=0.13 sys=0.00, real=0.02 secs] 
6.280: [Full GC (Ergonomics) [PSYoungGen: 1024K->537K(1536K)] [ParOldGen: 4027K->4027K(4096K)] 5051K->4564K(5632K), [Metaspace: 17760K->17760K(1064960K)], 0.0105423 secs] [Times: user=0.13 sys=0.00, real=0.01 secs] 
6.291: [Full GC (Ergonomics) [PSYoungGen: 1024K->546K(1536K)] [ParOldGen: 4027K->4010K(4096K)] 5051K->4556K(5632K), [Metaspace: 17788K->17784K(1064960K)], 0.0201281 secs] [Times: user=0.02 sys=0.00, real=0.02 secs] 
6.313: [Full GC (Ergonomics) [PSYoungGen: 1024K->548K(1536K)] [ParOldGen: 4010K->4010K(4096K)] 5034K->4558K(5632K), [Metaspace: 17802K->17802K(1064960K)], 0.0105088 secs] [Times: user=0.00 sys=0.00, real=0.01 secs] 
6.325: [Full GC (Ergonomics) [PSYoungGen: 1018K->564K(1536K)] [ParOldGen: 4010K->4009K(4096K)] 5028K->4574K(5632K), [Metaspace: 17824K->17824K(1064960K)], 0.0096361 secs] [Times: user=0.01 sys=0.00, real=0.01 secs] 
6.336: [Full GC (Ergonomics) [PSYoungGen: 1024K->559K(1536K)] [ParOldGen: 4009K->4009K(4096K)] 5033K->4568K(5632K), [Metaspace: 17853K->17853K(1064960K)], 0.0088061 secs] [Times: user=0.09 sys=0.00, real=0.01 secs] 
6.346: [Full GC (Ergonomics) [PSYoungGen: 1024K->605K(1536K)] [ParOldGen: 4009K->4009K(4096K)] 5033K->4615K(5632K), [Metaspace: 17892K->17892K(1064960K)], 0.0088070 secs] [Times: user=0.00 sys=0.00, real=0.01 secs] 
6.356: [Full GC (Ergonomics) [PSYoungGen: 1024K->587K(1536K)] [ParOldGen: 4009K->4009K(4096K)] 5033K->4596K(5632K), [Metaspace: 17928K->17928K(1064960K)], 0.0112529 secs] [Times: user=0.02 sys=0.00, real=0.01 secs] 
6.369: [Full GC (Ergonomics) [PSYoungGen: 1024K->564K(1536K)] [ParOldGen: 4009K->4009K(4096K)] 5033K->4573K(5632K), [Metaspace: 17954K->17954K(1064960K)], 0.0153335 secs] [Times: user=0.01 sys=0.00, real=0.02 secs] 
6.385: [Full GC (Ergonomics) [PSYoungGen: 1024K->597K(1536K)] [ParOldGen: 4009K->4009K(4096K)] 5033K->4606K(5632K), [Metaspace: 17982K->17982K(1064960K)], 0.0100907 secs] [Times: user=0.02 sys=0.00, real=0.01 secs] 
6.397: [Full GC (Ergonomics) [PSYoungGen: 1006K->644K(1536K)] [ParOldGen: 4009K->4008K(4096K)] 5015K->4653K(5632K), [Metaspace: 18014K->18014K(1064960K)], 0.0094307 secs] [Times: user=0.13 sys=0.00, real=0.01 secs] 
6.408: [Full GC (Ergonomics) [PSYoungGen: 1024K->607K(1536K)] [ParOldGen: 4008K->4008K(4096K)] 5032K->4616K(5632K), [Metaspace: 18061K->18061K(1064960K)], 0.0147399 secs] [Times: user=0.11 sys=0.00, real=0.02 secs] 
6.430: [Full GC (Ergonomics) [PSYoungGen: 1024K->603K(1536K)] [ParOldGen: 4008K->4008K(4096K)] 5032K->4611K(5632K), [Metaspace: 18089K->18089K(1064960K)], 0.0089588 secs] [Times: user=0.13 sys=0.00, real=0.01 secs] 
6.440: [Full GC (Ergonomics) [PSYoungGen: 1024K->612K(1536K)] [ParOldGen: 4008K->4008K(4096K)] 5032K->4621K(5632K), [Metaspace: 18108K->18108K(1064960K)], 0.0098193 secs] [Times: user=0.00 sys=0.00, real=0.01 secs] 
6.452: [Full GC (Ergonomics) [PSYoungGen: 1024K->621K(1536K)] [ParOldGen: 4008K->3999K(4096K)] 5032K->4621K(5632K), [Metaspace: 18125K->18125K(1064960K)], 0.0148497 secs] [Times: user=0.11 sys=0.00, real=0.01 secs] 
6.468: [Full GC (Ergonomics) [PSYoungGen: 1024K->623K(1536K)] [ParOldGen: 3999K->3999K(4096K)] 5023K->4623K(5632K), [Metaspace: 18135K->18135K(1064960K)], 0.0112904 secs] [Times: user=0.13 sys=0.00, real=0.01 secs] 
6.481: [Full GC (Ergonomics) [PSYoungGen: 1018K->672K(1536K)] [ParOldGen: 3999K->3999K(4096K)] 5017K->4671K(5632K), [Metaspace: 18146K->18146K(1064960K)], 0.0136974 secs] [Times: user=0.01 sys=0.00, real=0.01 secs] 
6.496: [Full GC (Ergonomics) [PSYoungGen: 1024K->675K(1536K)] [ParOldGen: 3999K->3969K(4096K)] 5023K->4645K(5632K), [Metaspace: 18175K->18175K(1064960K)], 0.0202078 secs] [Times: user=0.02 sys=0.00, real=0.02 secs] 
6.525: [Full GC (Ergonomics) [PSYoungGen: 1024K->680K(1536K)] [ParOldGen: 3969K->3969K(4096K)] 4993K->4650K(5632K), [Metaspace: 18196K->18196K(1064960K)], 0.0154214 secs] [Times: user=0.02 sys=0.00, real=0.02 secs] 
6.542: [Full GC (Ergonomics) [PSYoungGen: 1011K->792K(1536K)] [ParOldGen: 3969K->3969K(4096K)] 4981K->4761K(5632K), [Metaspace: 18217K->18217K(1064960K)], 0.0113994 secs] [Times: user=0.02 sys=0.00, real=0.01 secs] 
6.554: [Full GC (Ergonomics) [PSYoungGen: 1024K->767K(1536K)] [ParOldGen: 3969K->3969K(4096K)] 4993K->4736K(5632K), [Metaspace: 18287K->18287K(1064960K)], 0.0158842 secs] [Times: user=0.13 sys=0.00, real=0.02 secs] 
6.571: [Full GC (Ergonomics) [PSYoungGen: 1024K->760K(1536K)] [ParOldGen: 3969K->3969K(4096K)] 4993K->4729K(5632K), [Metaspace: 18306K->18306K(1064960K)], 0.0159115 secs] [Times: user=0.02 sys=0.00, real=0.02 secs] 
6.587: [Full GC (Ergonomics) [PSYoungGen: 1024K->803K(1536K)] [ParOldGen: 4032K->3989K(4096K)] 5056K->4793K(5632K), [Metaspace: 18327K->18327K(1064960K)], 0.0092649 secs] [Times: user=0.02 sys=0.00, real=0.01 secs] 
6.597: [Full GC (Ergonomics) [PSYoungGen: 1024K->738K(1536K)] [ParOldGen: 3989K->3989K(4096K)] 5013K->4728K(5632K), [Metaspace: 18333K->18333K(1064960K)], 0.0115060 secs] [Times: user=0.13 sys=0.00, real=0.01 secs] 
6.610: [Full GC (Ergonomics) [PSYoungGen: 1024K->790K(1536K)] [ParOldGen: 3989K->3969K(4096K)] 5013K->4759K(5632K), [Metaspace: 18389K->18389K(1064960K)], 0.0091329 secs] [Times: user=0.00 sys=0.00, real=0.01 secs] 
6.620: [Full GC (Ergonomics) [PSYoungGen: 974K->841K(1536K)] [ParOldGen: 3969K->3969K(4096K)] 4944K->4810K(5632K), [Metaspace: 18393K->18393K(1064960K)], 0.0115763 secs] [Times: user=0.01 sys=0.00, real=0.01 secs] 
6.632: [Full GC (Ergonomics) [PSYoungGen: 1024K->780K(1536K)] [ParOldGen: 3969K->3969K(4096K)] 4993K->4749K(5632K), [Metaspace: 18436K->18436K(1067008K)], 0.0085700 secs] [Times: user=0.13 sys=0.00, real=0.01 secs] 
6.641: [Full GC (Ergonomics) [PSYoungGen: 999K->862K(1536K)] [ParOldGen: 3969K->3969K(4096K)] 4968K->4831K(5632K), [Metaspace: 18442K->18442K(1067008K)], 0.0114122 secs] [Times: user=0.00 sys=0.00, real=0.01 secs] 
6.653: [Full GC (Ergonomics) [PSYoungGen: 996K->869K(1536K)] [ParOldGen: 3969K->3969K(4096K)] 4965K->4838K(5632K), [Metaspace: 18442K->18442K(1067008K)], 0.0091764 secs] [Times: user=0.02 sys=0.00, real=0.01 secs] 
6.663: [Full GC (Ergonomics) [PSYoungGen: 1024K->831K(1536K)] [ParOldGen: 3969K->3969K(4096K)] 4993K->4800K(5632K), [Metaspace: 18483K->18483K(1067008K)], 0.0088263 secs] [Times: user=0.13 sys=0.00, real=0.01 secs] 
6.673: [Full GC (Ergonomics) [PSYoungGen: 1024K->886K(1536K)] [ParOldGen: 3969K->3969K(4096K)] 4993K->4855K(5632K), [Metaspace: 18495K->18495K(1067008K)], 0.0106021 secs] [Times: user=0.00 sys=0.00, real=0.01 secs] 
6.684: [Full GC (Ergonomics) [PSYoungGen: 1019K->932K(1536K)] [ParOldGen: 3969K->3969K(4096K)] 4988K->4901K(5632K), [Metaspace: 18509K->18509K(1067008K)], 0.0108166 secs] [Times: user=0.01 sys=0.00, real=0.01 secs] 
6.695: [Full GC (Ergonomics) [PSYoungGen: 986K->940K(1536K)] [ParOldGen: 3969K->3969K(4096K)] 4955K->4910K(5632K), [Metaspace: 18509K->18509K(1067008K)], 0.0093312 secs] [Times: user=0.09 sys=0.00, real=0.01 secs] 
6.704: [Full GC (Ergonomics) [PSYoungGen: 1019K->955K(1536K)] [ParOldGen: 3969K->3969K(4096K)] 4988K->4924K(5632K), [Metaspace: 18509K->18509K(1067008K)], 0.0097086 secs] [Times: user=0.00 sys=0.00, real=0.01 secs] 
6.715: [Full GC (Ergonomics) [PSYoungGen: 1021K->924K(1536K)] [ParOldGen: 3969K->3969K(4096K)] 4990K->4893K(5632K), [Metaspace: 18541K->18541K(1067008K)], 0.0095127 secs] [Times: user=0.02 sys=0.00, real=0.01 secs] 
6.725: [Full GC (Ergonomics) [PSYoungGen: 1024K->732K(1536K)] [ParOldGen: 3969K->3969K(4096K)] 4993K->4702K(5632K), [Metaspace: 18568K->18568K(1067008K)], 0.0126455 secs] [Times: user=0.13 sys=0.00, real=0.01 secs] 
6.739: [Full GC (Ergonomics) [PSYoungGen: 1024K->749K(1536K)] [ParOldGen: 3969K->3969K(4096K)] 4993K->4718K(5632K), [Metaspace: 18622K->18622K(1067008K)], 0.0119848 secs] [Times: user=0.13 sys=0.00, real=0.01 secs] 
6.751: [Full GC (Ergonomics) [PSYoungGen: 956K->794K(1536K)] [ParOldGen: 3969K->3969K(4096K)] 4925K->4763K(5632K), [Metaspace: 18623K->18623K(1067008K)], 0.0132355 secs] [Times: user=0.00 sys=0.00, real=0.01 secs] 
6.766: [Full GC (Ergonomics) [PSYoungGen: 1024K->809K(1536K)] [ParOldGen: 3969K->3969K(4096K)] 4993K->4778K(5632K), [Metaspace: 18666K->18666K(1067008K)], 0.0087188 secs] [Times: user=0.00 sys=0.00, real=0.01 secs] 
6.775: [Full GC (Ergonomics) [PSYoungGen: 1024K->699K(1536K)] [ParOldGen: 3969K->3969K(4096K)] 4993K->4669K(5632K), [Metaspace: 18697K->18697K(1067008K)], 0.0098438 secs] [Times: user=0.02 sys=0.00, real=0.01 secs] 
6.786: [Full GC (Ergonomics) [PSYoungGen: 1024K->697K(1536K)] [ParOldGen: 3969K->3968K(4096K)] 4993K->4665K(5632K), [Metaspace: 18705K->18705K(1067008K)], 0.0118118 secs] [Times: user=0.11 sys=0.00, real=0.01 secs] 
6.799: [Full GC (Ergonomics) [PSYoungGen: 1024K->706K(1536K)] [ParOldGen: 3968K->3968K(4096K)] 4992K->4674K(5632K), [Metaspace: 18763K->18763K(1067008K)], 0.0164227 secs] [Times: user=0.13 sys=0.00, real=0.02 secs] 
6.817: [Full GC (Ergonomics) [PSYoungGen: 1023K->720K(1536K)] [ParOldGen: 3968K->3968K(4096K)] 4992K->4689K(5632K), [Metaspace: 18787K->18787K(1067008K)], 0.0088997 secs] [Times: user=0.00 sys=0.00, real=0.01 secs] 
6.826: [Full GC (Ergonomics) [PSYoungGen: 1024K->701K(1536K)] [ParOldGen: 3968K->3968K(4096K)] 4992K->4669K(5632K), [Metaspace: 18796K->18796K(1067008K)], 0.0095340 secs] [Times: user=0.11 sys=0.00, real=0.01 secs] 
6.837: [Full GC (Ergonomics) [PSYoungGen: 1024K->718K(1536K)] [ParOldGen: 3968K->3968K(4096K)] 4992K->4687K(5632K), [Metaspace: 18815K->18815K(1067008K)], 0.0089950 secs] [Times: user=0.02 sys=0.00, real=0.01 secs] 
6.847: [Full GC (Ergonomics) [PSYoungGen: 1012K->769K(1536K)] [ParOldGen: 3968K->3968K(4096K)] 4980K->4737K(5632K), [Metaspace: 18840K->18840K(1067008K)], 0.0090197 secs] [Times: user=0.00 sys=0.00, real=0.01 secs] 
6.859: [Full GC (Ergonomics) [PSYoungGen: 987K->762K(1536K)] [ParOldGen: 3968K->3968K(4096K)] 4956K->4730K(5632K), [Metaspace: 18858K->18858K(1067008K)], 0.0096555 secs] [Times: user=0.11 sys=0.02, real=0.01 secs] 
6.869: [Full GC (Ergonomics) [PSYoungGen: 1007K->862K(1536K)] [ParOldGen: 3968K->3968K(4096K)] 4975K->4830K(5632K), [Metaspace: 18858K->18858K(1067008K)], 0.0096941 secs] [Times: user=0.02 sys=0.00, real=0.01 secs] 
6.879: [Full GC (Ergonomics) [PSYoungGen: 1024K->800K(1536K)] [ParOldGen: 3968K->3968K(4096K)] 4992K->4769K(5632K), [Metaspace: 18896K->18896K(1067008K)], 0.0089219 secs] [Times: user=0.00 sys=0.00, real=0.01 secs] 
6.889: [Full GC (Ergonomics) [PSYoungGen: 1024K->720K(1536K)] [ParOldGen: 3968K->3968K(4096K)] 4992K->4689K(5632K), [Metaspace: 18919K->18919K(1067008K)], 0.0093349 secs] [Times: user=0.13 sys=0.00, real=0.01 secs] 
6.899: [Full GC (Ergonomics) [PSYoungGen: 1024K->750K(1536K)] [ParOldGen: 3968K->3968K(4096K)] 4992K->4718K(5632K), [Metaspace: 18934K->18934K(1067008K)], 0.0090356 secs] [Times: user=0.02 sys=0.00, real=0.01 secs] 
6.909: [Full GC (Ergonomics) [PSYoungGen: 1024K->722K(1536K)] [ParOldGen: 3968K->3968K(4096K)] 4992K->4691K(5632K), [Metaspace: 18953K->18953K(1067008K)], 0.0091998 secs] [Times: user=0.00 sys=0.00, real=0.01 secs] 
6.919: [Full GC (Ergonomics) [PSYoungGen: 1024K->790K(1536K)] [ParOldGen: 3968K->3968K(4096K)] 4992K->4758K(5632K), [Metaspace: 18968K->18968K(1067008K)], 0.0087632 secs] [Times: user=0.13 sys=0.00, real=0.01 secs] 
6.929: [Full GC (Ergonomics) [PSYoungGen: 1024K->751K(1536K)] [ParOldGen: 3968K->3968K(4096K)] 4992K->4719K(5632K), [Metaspace: 18982K->18982K(1067008K)], 0.0114142 secs] [Times: user=0.13 sys=0.00, real=0.01 secs] 
6.941: [Full GC (Ergonomics) [PSYoungGen: 1024K->757K(1536K)] [ParOldGen: 3968K->3968K(4096K)] 4992K->4725K(5632K), [Metaspace: 19020K->19020K(1067008K)], 0.0092131 secs] [Times: user=0.00 sys=0.00, real=0.01 secs] 
6.951: [Full GC (Ergonomics) [PSYoungGen: 1024K->748K(1536K)] [ParOldGen: 3968K->3968K(4096K)] 4992K->4717K(5632K), [Metaspace: 19048K->19048K(1067008K)], 0.0155281 secs] [Times: user=0.13 sys=0.00, real=0.01 secs] 
6.967: [Full GC (Ergonomics) [PSYoungGen: 1024K->756K(1536K)] [ParOldGen: 3968K->3968K(4096K)] 4992K->4724K(5632K), [Metaspace: 19052K->19052K(1067008K)], 0.0092973 secs] [Times: user=0.13 sys=0.00, real=0.01 secs] 
6.977: [Full GC (Ergonomics) [PSYoungGen: 1024K->736K(1536K)] [ParOldGen: 3968K->3968K(4096K)] 4992K->4705K(5632K), [Metaspace: 19068K->19068K(1067008K)], 0.0090109 secs] [Times: user=0.02 sys=0.00, real=0.01 secs] 
6.987: [Full GC (Ergonomics) [PSYoungGen: 1024K->740K(1536K)] [ParOldGen: 3968K->3968K(4096K)] 4992K->4708K(5632K), [Metaspace: 19086K->19086K(1067008K)], 0.0096717 secs] [Times: user=0.00 sys=0.00, real=0.01 secs] 
6.998: [Full GC (Ergonomics) [PSYoungGen: 1024K->790K(1536K)] [ParOldGen: 3968K->3968K(4096K)] 4992K->4758K(5632K), [Metaspace: 19113K->19113K(1067008K)], 0.0097058 secs] [Times: user=0.13 sys=0.00, real=0.01 secs] 
7.009: [Full GC (Ergonomics) [PSYoungGen: 1021K->772K(1536K)] [ParOldGen: 3968K->3968K(4096K)] 4989K->4740K(5632K), [Metaspace: 19125K->19125K(1067008K)], 0.0086266 secs] [Times: user=0.02 sys=0.00, real=0.01 secs] 
7.018: [Full GC (Ergonomics) [PSYoungGen: 1024K->743K(1536K)] [ParOldGen: 3968K->3968K(4096K)] 4992K->4711K(5632K), [Metaspace: 19151K->19151K(1067008K)], 0.0092282 secs] [Times: user=0.00 sys=0.00, real=0.01 secs] 
7.028: [Full GC (Ergonomics) [PSYoungGen: 1024K->751K(1536K)] [ParOldGen: 3968K->3968K(4096K)] 4992K->4720K(5632K), [Metaspace: 19164K->19164K(1067008K)], 0.0089859 secs] [Times: user=0.02 sys=0.00, real=0.01 secs] 
7.038: [Full GC (Ergonomics) [PSYoungGen: 1024K->761K(1536K)] [ParOldGen: 3968K->3968K(4096K)] 4992K->4729K(5632K), [Metaspace: 19177K->19177K(1067008K)], 0.0086030 secs] [Times: user=0.00 sys=0.00, real=0.01 secs] 
7.047: [Full GC (Ergonomics) [PSYoungGen: 1024K->756K(1536K)] [ParOldGen: 3968K->3968K(4096K)] 4992K->4724K(5632K), [Metaspace: 19200K->19200K(1067008K)], 0.0117598 secs] [Times: user=0.00 sys=0.00, real=0.01 secs] 
7.060: [Full GC (Ergonomics) [PSYoungGen: 1024K->759K(1536K)] [ParOldGen: 3968K->3968K(4096K)] 4992K->4728K(5632K), [Metaspace: 19217K->19217K(1067008K)], 0.0116855 secs] [Times: user=0.13 sys=0.00, real=0.01 secs] 
7.072: [Full GC (Ergonomics) [PSYoungGen: 1019K->790K(1536K)] [ParOldGen: 3968K->3968K(4096K)] 4988K->4758K(5632K), [Metaspace: 19227K->19227K(1067008K)], 0.0158740 secs] [Times: user=0.02 sys=0.00, real=0.02 secs] 
7.090: [Full GC (Ergonomics) [PSYoungGen: 1024K->751K(1536K)] [ParOldGen: 3968K->3968K(4096K)] 4992K->4719K(5632K), [Metaspace: 19261K->19261K(1067008K)], 0.0327805 secs] [Times: user=0.08 sys=0.00, real=0.03 secs] 
7.125: [Full GC (Ergonomics) [PSYoungGen: 1024K->775K(1536K)] [ParOldGen: 3968K->3968K(4096K)] 4992K->4743K(5632K), [Metaspace: 19267K->19267K(1067008K)], 0.0154066 secs] [Times: user=0.00 sys=0.00, real=0.02 secs] 
7.141: [Full GC (Ergonomics) [PSYoungGen: 1024K->771K(1536K)] [ParOldGen: 3968K->3968K(4096K)] 4992K->4739K(5632K), [Metaspace: 19280K->19280K(1067008K)], 0.0131041 secs] [Times: user=0.00 sys=0.00, real=0.01 secs] 
7.155: [Full GC (Ergonomics) [PSYoungGen: 1024K->796K(1536K)] [ParOldGen: 3968K->3967K(4096K)] 4992K->4764K(5632K), [Metaspace: 19286K->19286K(1067008K)], 0.0214741 secs] [Times: user=0.22 sys=0.00, real=0.02 secs] 
7.177: [Full GC (Ergonomics) [PSYoungGen: 1024K->809K(1536K)] [ParOldGen: 3967K->3967K(4096K)] 4991K->4777K(5632K), [Metaspace: 19295K->19295K(1067008K)], 0.0122112 secs] [Times: user=0.11 sys=0.00, real=0.01 secs] 
7.190: [Full GC (Ergonomics) [PSYoungGen: 1010K->831K(1536K)] [ParOldGen: 3967K->3967K(4096K)] 4978K->4799K(5632K), [Metaspace: 19304K->19304K(1067008K)], 0.0144944 secs] [Times: user=0.05 sys=0.01, real=0.01 secs] 
7.206: [Full GC (Ergonomics) [PSYoungGen: 1023K->794K(1536K)] [ParOldGen: 3967K->3967K(4096K)] 4991K->4762K(5632K), [Metaspace: 19330K->19330K(1067008K)], 0.0110871 secs] [Times: user=0.00 sys=0.00, real=0.01 secs] 
7.218: [Full GC (Ergonomics) [PSYoungGen: 1024K->815K(1536K)] [ParOldGen: 3967K->3967K(4096K)] 4991K->4783K(5632K), [Metaspace: 19344K->19344K(1067008K)], 0.0196764 secs] [Times: user=0.11 sys=0.00, real=0.02 secs] 
7.239: [Full GC (Ergonomics) [PSYoungGen: 1023K->842K(1536K)] [ParOldGen: 3967K->3967K(4096K)] 4991K->4810K(5632K), [Metaspace: 19356K->19356K(1067008K)], 0.0106567 secs] [Times: user=0.09 sys=0.02, real=0.01 secs] 
7.250: [Full GC (Ergonomics) [PSYoungGen: 1024K->830K(1536K)] [ParOldGen: 3967K->3967K(4096K)] 4991K->4798K(5632K), [Metaspace: 19358K->19358K(1067008K)], 0.0095562 secs] [Times: user=0.00 sys=0.00, real=0.01 secs] 
7.260: [Full GC (Ergonomics) [PSYoungGen: 1024K->896K(1536K)] [ParOldGen: 3967K->3967K(4096K)] 4991K->4863K(5632K), [Metaspace: 19362K->19362K(1067008K)], 0.0100355 secs] [Times: user=0.02 sys=0.00, real=0.01 secs] 
7.271: [Full GC (Ergonomics) [PSYoungGen: 1024K->881K(1536K)] [ParOldGen: 3967K->3967K(4096K)] 4991K->4849K(5632K), [Metaspace: 19362K->19362K(1067008K)], 0.0099109 secs] [Times: user=0.00 sys=0.00, real=0.01 secs] 
7.281: [Full GC (Ergonomics) [PSYoungGen: 1024K->876K(1536K)] [ParOldGen: 3967K->3967K(4096K)] 4991K->4844K(5632K), [Metaspace: 19364K->19364K(1067008K)], 0.0101029 secs] [Times: user=0.00 sys=0.00, real=0.01 secs] 
7.292: [Full GC (Ergonomics) [PSYoungGen: 1024K->942K(1536K)] [ParOldGen: 3967K->3967K(4096K)] 4991K->4910K(5632K), [Metaspace: 19364K->19364K(1067008K)], 0.0106004 secs] [Times: user=0.02 sys=0.00, real=0.01 secs] 
7.303: [Full GC (Ergonomics) [PSYoungGen: 1004K->943K(1536K)] [ParOldGen: 3967K->3967K(4096K)] 4972K->4910K(5632K), [Metaspace: 19364K->19364K(1067008K)], 0.0094888 secs] [Times: user=0.13 sys=0.00, real=0.01 secs] 
7.313: [Full GC (Ergonomics) [PSYoungGen: 1024K->916K(1536K)] [ParOldGen: 3967K->3967K(4096K)] 4991K->4884K(5632K), [Metaspace: 19390K->19390K(1067008K)], 0.0095001 secs] [Times: user=0.00 sys=0.00, real=0.01 secs] 
7.323: [Full GC (Ergonomics) [PSYoungGen: 1024K->920K(1536K)] [ParOldGen: 3967K->3967K(4096K)] 4991K->4888K(5632K), [Metaspace: 19390K->19390K(1067008K)], 0.0102340 secs] [Times: user=0.02 sys=0.00, real=0.01 secs] 
7.334: [Full GC (Ergonomics) [PSYoungGen: 1024K->934K(1536K)] [ParOldGen: 3967K->3967K(4096K)] 4991K->4902K(5632K), [Metaspace: 19391K->19391K(1067008K)], 0.0092897 secs] [Times: user=0.13 sys=0.00, real=0.01 secs] 
7.344: [Full GC (Ergonomics) [PSYoungGen: 1023K->929K(1536K)] [ParOldGen: 3967K->3967K(4096K)] 4991K->4897K(5632K), [Metaspace: 19396K->19396K(1067008K)], 0.0094731 secs] [Times: user=0.00 sys=0.00, real=0.01 secs] 
7.354: [Full GC (Ergonomics) [PSYoungGen: 1024K->856K(1536K)] [ParOldGen: 3967K->3967K(4096K)] 4991K->4824K(5632K), [Metaspace: 19415K->19415K(1067008K)], 0.0092538 secs] [Times: user=0.02 sys=0.00, real=0.01 secs] 
7.364: [Full GC (Ergonomics) [PSYoungGen: 1024K->867K(1536K)] [ParOldGen: 3967K->3967K(4096K)] 4991K->4835K(5632K), [Metaspace: 19424K->19424K(1067008K)], 0.0131291 secs] [Times: user=0.09 sys=0.01, real=0.01 secs] 
7.379: [Full GC (Ergonomics) [PSYoungGen: 1023K->838K(1536K)] [ParOldGen: 3967K->3967K(4096K)] 4991K->4806K(5632K), [Metaspace: 19429K->19429K(1067008K)], 0.0161439 secs] [Times: user=0.09 sys=0.02, real=0.02 secs] 
7.396: [Full GC (Ergonomics) [PSYoungGen: 1024K->841K(1536K)] [ParOldGen: 3967K->3967K(4096K)] 4991K->4809K(5632K), [Metaspace: 19438K->19438K(1067008K)], 0.0100833 secs] [Times: user=0.11 sys=0.00, real=0.01 secs] 
7.407: [Full GC (Ergonomics) [PSYoungGen: 1016K->920K(1536K)] [ParOldGen: 3967K->3967K(4096K)] 4984K->4888K(5632K), [Metaspace: 19449K->19449K(1067008K)], 0.0151165 secs] [Times: user=0.09 sys=0.02, real=0.01 secs] 
7.423: [Full GC (Ergonomics) [PSYoungGen: 1020K->869K(1536K)] [ParOldGen: 3967K->3967K(4096K)] 4988K->4836K(5632K), [Metaspace: 19451K->19451K(1067008K)], 0.0197566 secs] [Times: user=0.11 sys=0.00, real=0.02 secs] 
7.446: [Full GC (Ergonomics) [PSYoungGen: 1024K->865K(1536K)] [ParOldGen: 3967K->3967K(4096K)] 4991K->4833K(5632K), [Metaspace: 19461K->19461K(1067008K)], 0.0219136 secs] [Times: user=0.01 sys=0.00, real=0.02 secs] 
7.469: [Full GC (Ergonomics) [PSYoungGen: 1024K->879K(1536K)] [ParOldGen: 3967K->3967K(4096K)] 4991K->4846K(5632K), [Metaspace: 19470K->19470K(1067008K)], 0.0190677 secs] [Times: user=0.11 sys=0.00, real=0.02 secs] 
7.493: [Full GC (Ergonomics) [PSYoungGen: 1024K->861K(1536K)] [ParOldGen: 3967K->3955K(4096K)] 4991K->4816K(5632K), [Metaspace: 19478K->19478K(1067008K)], 0.0306517 secs] [Times: user=0.13 sys=0.00, real=0.03 secs] 
7.524: [Full GC (Ergonomics) [PSYoungGen: 1023K->823K(1536K)] [ParOldGen: 3955K->3938K(4096K)] 4978K->4761K(5632K), [Metaspace: 19491K->19491K(1067008K)], 0.0233369 secs] [Times: user=0.11 sys=0.02, real=0.02 secs] 
7.549: [GC (Allocation Failure) --[PSYoungGen: 1024K->1024K(1536K)] 4962K->5114K(5632K), 0.0020258 secs] [Times: user=0.00 sys=0.00, real=0.00 secs] 
7.551: [Full GC (Ergonomics) [PSYoungGen: 1024K->677K(1536K)] [ParOldGen: 4090K->4089K(4096K)] 5114K->4766K(5632K), [Metaspace: 19511K->19511K(1067008K)], 0.0113786 secs] [Times: user=0.03 sys=0.02, real=0.01 secs] 
7.563: [Full GC (Ergonomics) [PSYoungGen: 1024K->692K(1536K)] [ParOldGen: 4089K->4089K(4096K)] 5113K->4781K(5632K), [Metaspace: 19538K->19538K(1067008K)], 0.0133310 secs] [Times: user=0.00 sys=0.00, real=0.01 secs] 
7.578: [Full GC (Ergonomics) [PSYoungGen: 1024K->687K(1536K)] [ParOldGen: 4089K->4089K(4096K)] 5113K->4776K(5632K), [Metaspace: 19582K->19582K(1067008K)], 0.0128068 secs] [Times: user=0.00 sys=0.00, real=0.01 secs] 
7.592: [Full GC (Ergonomics) [PSYoungGen: 1024K->708K(1536K)] [ParOldGen: 4089K->4089K(4096K)] 5113K->4797K(5632K), [Metaspace: 19601K->19601K(1067008K)], 0.0138209 secs] [Times: user=0.08 sys=0.00, real=0.01 secs] 
7.607: [Full GC (Ergonomics) [PSYoungGen: 1024K->719K(1536K)] [ParOldGen: 4089K->4089K(4096K)] 5113K->4808K(5632K), [Metaspace: 19624K->19624K(1067008K)], 0.0113396 secs] [Times: user=0.11 sys=0.00, real=0.01 secs] 
7.619: [Full GC (Ergonomics) [PSYoungGen: 1024K->729K(1536K)] [ParOldGen: 4089K->4089K(4096K)] 5113K->4818K(5632K), [Metaspace: 19643K->19643K(1067008K)], 0.0174236 secs] [Times: user=0.01 sys=0.00, real=0.02 secs] 
7.638: [Full GC (Ergonomics) [PSYoungGen: 1024K->719K(1536K)] [ParOldGen: 4089K->4088K(4096K)] 5113K->4807K(5632K), [Metaspace: 19668K->19668K(1067008K)], 0.0226784 secs] [Times: user=0.09 sys=0.00, real=0.02 secs] 
7.662: [Full GC (Ergonomics) [PSYoungGen: 1024K->723K(1536K)] [ParOldGen: 4088K->4088K(4096K)] 5112K->4811K(5632K), [Metaspace: 19690K->19690K(1067008K)], 0.0155949 secs] [Times: user=0.11 sys=0.00, real=0.02 secs] 
7.679: [Full GC (Ergonomics) [PSYoungGen: 1024K->742K(1536K)] [ParOldGen: 4088K->4087K(4096K)] 5112K->4830K(5632K), [Metaspace: 19715K->19715K(1067008K)], 0.0223576 secs] [Times: user=0.01 sys=0.00, real=0.02 secs] 
7.702: [Full GC (Ergonomics) [PSYoungGen: 1024K->740K(1536K)] [ParOldGen: 4087K->4087K(4096K)] 5111K->4828K(5632K), [Metaspace: 19738K->19738K(1067008K)], 0.0179242 secs] [Times: user=0.25 sys=0.00, real=0.02 secs] 
7.721: [Full GC (Ergonomics) [PSYoungGen: 1024K->755K(1536K)] [ParOldGen: 4087K->4087K(4096K)] 5111K->4842K(5632K), [Metaspace: 19769K->19769K(1067008K)], 0.0166599 secs] [Times: user=0.13 sys=0.00, real=0.02 secs] 
7.739: [Full GC (Ergonomics) [PSYoungGen: 1024K->782K(1536K)] [ParOldGen: 4087K->4086K(4096K)] 5111K->4869K(5632K), [Metaspace: 19778K->19778K(1067008K)], 0.0244997 secs] [Times: user=0.13 sys=0.00, real=0.03 secs] 
7.764: [Full GC (Ergonomics) [PSYoungGen: 1024K->794K(1536K)] [ParOldGen: 4086K->4086K(4096K)] 5110K->4881K(5632K), [Metaspace: 19782K->19782K(1067008K)], 0.0137591 secs] [Times: user=0.08 sys=0.00, real=0.01 secs] 
7.779: [Full GC (Ergonomics) [PSYoungGen: 1024K->815K(1536K)] [ParOldGen: 4086K->4086K(4096K)] 5110K->4902K(5632K), [Metaspace: 19794K->19794K(1067008K)], 0.0193371 secs] [Times: user=0.25 sys=0.00, real=0.02 secs] 
7.799: [Full GC (Ergonomics) [PSYoungGen: 1024K->811K(1536K)] [ParOldGen: 4086K->4086K(4096K)] 5110K->4898K(5632K), [Metaspace: 19801K->19801K(1067008K)], 0.0138137 secs] [Times: user=0.13 sys=0.00, real=0.01 secs] 
7.814: [Full GC (Ergonomics) [PSYoungGen: 1024K->823K(1536K)] [ParOldGen: 4086K->4086K(4096K)] 5110K->4910K(5632K), [Metaspace: 19814K->19814K(1067008K)], 0.0102943 secs] [Times: user=0.00 sys=0.00, real=0.01 secs] 
7.825: [Full GC (Ergonomics) [PSYoungGen: 1022K->820K(1536K)] [ParOldGen: 4086K->4086K(4096K)] 5109K->4907K(5632K), [Metaspace: 19822K->19822K(1067008K)], 0.0112463 secs] [Times: user=0.02 sys=0.00, real=0.01 secs] 
7.837: [Full GC (Ergonomics) [PSYoungGen: 1024K->844K(1536K)] [ParOldGen: 4086K->4086K(4096K)] 5110K->4930K(5632K), [Metaspace: 19840K->19840K(1067008K)], 0.0105813 secs] [Times: user=0.02 sys=0.00, real=0.01 secs] 
7.849: [Full GC (Ergonomics) [PSYoungGen: 1024K->821K(1536K)] [ParOldGen: 4086K->4086K(4096K)] 5110K->4908K(5632K), [Metaspace: 19847K->19847K(1067008K)], 0.0145738 secs] [Times: user=0.11 sys=0.00, real=0.01 secs] 
7.864: [Full GC (Ergonomics) [PSYoungGen: 1013K->834K(1536K)] [ParOldGen: 4086K->4085K(4096K)] 5100K->4919K(5632K), [Metaspace: 19853K->19853K(1067008K)], 0.0239445 secs] [Times: user=0.11 sys=0.00, real=0.02 secs] 
7.889: [Full GC (Ergonomics) [PSYoungGen: 1024K->882K(1536K)] [ParOldGen: 4085K->4085K(4096K)] 5109K->4968K(5632K), [Metaspace: 19868K->19868K(1067008K)], 0.0128927 secs] [Times: user=0.13 sys=0.00, real=0.01 secs] 
7.902: [Full GC (Ergonomics) [PSYoungGen: 1024K->876K(1536K)] [ParOldGen: 4085K->4085K(4096K)] 5109K->4962K(5632K), [Metaspace: 19875K->19875K(1067008K)], 0.0112043 secs] [Times: user=0.02 sys=0.02, real=0.01 secs] 
7.914: [Full GC (Ergonomics) [PSYoungGen: 1024K->848K(1536K)] [ParOldGen: 4085K->4085K(4096K)] 5109K->4934K(5632K), [Metaspace: 19898K->19898K(1067008K)], 0.0105719 secs] [Times: user=0.02 sys=0.01, real=0.01 secs] 
7.926: [Full GC (Ergonomics) [PSYoungGen: 1024K->855K(1536K)] [ParOldGen: 4094K->4086K(4096K)] 5118K->4942K(5632K), [Metaspace: 19921K->19921K(1067008K)], 0.0125175 secs] [Times: user=0.11 sys=0.02, real=0.01 secs] 
7.939: [Full GC (Ergonomics) [PSYoungGen: 1022K->860K(1536K)] [ParOldGen: 4086K->4085K(4096K)] 5108K->4946K(5632K), [Metaspace: 19928K->19928K(1067008K)], 0.0125335 secs] [Times: user=0.00 sys=0.00, real=0.01 secs] 
7.952: [Full GC (Ergonomics) [PSYoungGen: 1024K->855K(1536K)] [ParOldGen: 4085K->4085K(4096K)] 5109K->4941K(5632K), [Metaspace: 19942K->19942K(1067008K)], 0.0140322 secs] [Times: user=0.00 sys=0.00, real=0.01 secs] 
7.967: [Full GC (Ergonomics) [PSYoungGen: 1023K->851K(1536K)] [ParOldGen: 4085K->4085K(4096K)] 5109K->4937K(5632K), [Metaspace: 19948K->19948K(1067008K)], 0.0135765 secs] [Times: user=0.09 sys=0.00, real=0.01 secs] 
7.981: [Full GC (Ergonomics) [PSYoungGen: 1024K->860K(1536K)] [ParOldGen: 4085K->4085K(4096K)] 5109K->4945K(5632K), [Metaspace: 19959K->19959K(1067008K)], 0.0123218 secs] [Times: user=0.02 sys=0.02, real=0.01 secs] 
7.995: [Full GC (Ergonomics) [PSYoungGen: 1024K->878K(1536K)] [ParOldGen: 4085K->4085K(4096K)] 5109K->4963K(5632K), [Metaspace: 19968K->19968K(1067008K)], 0.0118824 secs] [Times: user=0.01 sys=0.00, real=0.01 secs] 
8.008: [Full GC (Ergonomics) [PSYoungGen: 1024K->873K(1536K)] [ParOldGen: 4085K->4085K(4096K)] 5109K->4959K(5632K), [Metaspace: 19972K->19972K(1067008K)], 0.0142256 secs] [Times: user=0.02 sys=0.00, real=0.01 secs] 
8.023: [Full GC (Ergonomics) [PSYoungGen: 1024K->885K(1536K)] [ParOldGen: 4085K->4085K(4096K)] 5109K->4971K(5632K), [Metaspace: 19981K->19981K(1067008K)], 0.0209442 secs] [Times: user=0.01 sys=0.00, real=0.02 secs] 
8.044: [Full GC (Ergonomics) [PSYoungGen: 1024K->879K(1536K)] [ParOldGen: 4085K->4085K(4096K)] 5109K->4965K(5632K), [Metaspace: 19982K->19982K(1067008K)], 0.0113579 secs] [Times: user=0.02 sys=0.00, real=0.01 secs] 
8.057: [Full GC (Ergonomics) [PSYoungGen: 1024K->868K(1536K)] [ParOldGen: 4085K->4084K(4096K)] 5109K->4953K(5632K), [Metaspace: 19984K->19984K(1067008K)], 0.0191508 secs] [Times: user=0.02 sys=0.00, real=0.02 secs] 
8.077: [Full GC (Ergonomics) [PSYoungGen: 1024K->879K(1536K)] [ParOldGen: 4084K->4084K(4096K)] 5108K->4964K(5632K), [Metaspace: 19986K->19986K(1067008K)], 0.0135737 secs] [Times: user=0.11 sys=0.00, real=0.01 secs] 
8.092: [Full GC (Ergonomics) [PSYoungGen: 1024K->873K(1536K)] [ParOldGen: 4084K->4084K(4096K)] 5108K->4958K(5632K), [Metaspace: 19993K->19993K(1067008K)], 0.0139892 secs] [Times: user=0.11 sys=0.00, real=0.01 secs] 
8.107: [Full GC (Ergonomics) [PSYoungGen: 1023K->896K(1536K)] [ParOldGen: 4084K->4084K(4096K)] 5108K->4980K(5632K), [Metaspace: 19999K->19999K(1067008K)], 0.0187909 secs] [Times: user=0.17 sys=0.00, real=0.02 secs] 
8.127: [Full GC (Ergonomics) [PSYoungGen: 1024K->896K(1536K)] [ParOldGen: 4084K->4084K(4096K)] 5108K->4981K(5632K), [Metaspace: 20008K->20008K(1067008K)], 0.0112341 secs] [Times: user=0.00 sys=0.00, real=0.01 secs] 
8.140: [Full GC (Ergonomics) [PSYoungGen: 1024K->885K(1536K)] [ParOldGen: 4084K->4084K(4096K)] 5108K->4969K(5632K), [Metaspace: 20020K->20020K(1067008K)], 0.0289026 secs] [Times: user=0.25 sys=0.00, real=0.03 secs] 
8.181: [Full GC (Ergonomics) [PSYoungGen: 1024K->903K(1536K)] [ParOldGen: 4084K->4084K(4096K)] 5108K->4988K(5632K), [Metaspace: 20039K->20039K(1067008K)], 0.0272133 secs] [Times: user=0.25 sys=0.00, real=0.03 secs] 
8.210: [Full GC (Ergonomics) [PSYoungGen: 1024K->894K(1536K)] [ParOldGen: 4084K->4084K(4096K)] 5108K->4979K(5632K), [Metaspace: 20054K->20054K(1067008K)], 0.0158083 secs] [Times: user=0.02 sys=0.00, real=0.02 secs] 
8.227: [Full GC (Ergonomics) [PSYoungGen: 1024K->895K(1536K)] [ParOldGen: 4084K->4084K(4096K)] 5108K->4980K(5632K), [Metaspace: 20065K->20065K(1067008K)], 0.0131291 secs] [Times: user=0.13 sys=0.00, real=0.01 secs] 
8.241: [Full GC (Ergonomics) [PSYoungGen: 1024K->903K(1536K)] [ParOldGen: 4084K->4084K(4096K)] 5108K->4987K(5632K), [Metaspace: 20081K->20081K(1067008K)], 0.0096845 secs] [Times: user=0.13 sys=0.00, real=0.01 secs] 
8.251: [Full GC (Ergonomics) [PSYoungGen: 1023K->906K(1536K)] [ParOldGen: 4084K->4084K(4096K)] 5108K->4990K(5632K), [Metaspace: 20086K->20086K(1067008K)], 0.0097311 secs] [Times: user=0.00 sys=0.00, real=0.01 secs] 
8.262: [Full GC (Ergonomics) [PSYoungGen: 1024K->907K(1536K)] [ParOldGen: 4084K->4084K(4096K)] 5108K->4992K(5632K), [Metaspace: 20099K->20099K(1067008K)], 0.0091992 secs] [Times: user=0.02 sys=0.00, real=0.01 secs] 
8.273: [Full GC (Ergonomics) [PSYoungGen: 1024K->909K(1536K)] [ParOldGen: 4084K->4084K(4096K)] 5108K->4993K(5632K), [Metaspace: 20111K->20111K(1067008K)], 0.0099848 secs] [Times: user=0.13 sys=0.00, real=0.01 secs] 
8.284: [Full GC (Ergonomics) [PSYoungGen: 1024K->910K(1536K)] [ParOldGen: 4084K->4084K(4096K)] 5108K->4995K(5632K), [Metaspace: 20119K->20119K(1067008K)], 0.0100929 secs] [Times: user=0.00 sys=0.00, real=0.01 secs] 
8.296: [Full GC (Ergonomics) [PSYoungGen: 1024K->917K(1536K)] [ParOldGen: 4084K->4061K(4096K)] 5108K->4978K(5632K), [Metaspace: 20127K->20127K(1067008K)], 0.0236766 secs] [Times: user=0.25 sys=0.00, real=0.02 secs] 
8.320: [Full GC (Ergonomics) [PSYoungGen: 1019K->917K(1536K)] [ParOldGen: 4061K->4061K(4096K)] 5081K->4978K(5632K), [Metaspace: 20133K->20133K(1067008K)], 0.0154686 secs] [Times: user=0.13 sys=0.00, real=0.01 secs] 
8.336: [Full GC (Ergonomics) [PSYoungGen: 1024K->924K(1536K)] [ParOldGen: 4061K->4061K(4096K)] 5085K->4985K(5632K), [Metaspace: 20140K->20140K(1067008K)], 0.0093318 secs] [Times: user=0.01 sys=0.00, real=0.01 secs] 
8.346: [Full GC (Ergonomics) [PSYoungGen: 1023K->923K(1536K)] [ParOldGen: 4061K->4061K(4096K)] 5085K->4984K(5632K), [Metaspace: 20145K->20145K(1067008K)], 0.0098981 secs] [Times: user=0.00 sys=0.00, real=0.01 secs] 
8.357: [Full GC (Ergonomics) [PSYoungGen: 1024K->923K(1536K)] [ParOldGen: 4061K->4061K(4096K)] 5085K->4984K(5632K), [Metaspace: 20154K->20154K(1067008K)], 0.0137142 secs] [Times: user=0.13 sys=0.00, real=0.01 secs] 
8.371: [Full GC (Ergonomics) [PSYoungGen: 1024K->924K(1536K)] [ParOldGen: 4061K->4061K(4096K)] 5085K->4985K(5632K), [Metaspace: 20161K->20161K(1067008K)], 0.0138157 secs] [Times: user=0.02 sys=0.00, real=0.01 secs] 
8.386: [Full GC (Ergonomics) [PSYoungGen: 1022K->933K(1536K)] [ParOldGen: 4061K->4061K(4096K)] 5083K->4994K(5632K), [Metaspace: 20169K->20169K(1067008K)], 0.0133495 secs] [Times: user=0.01 sys=0.00, real=0.01 secs] 
8.401: [Full GC (Ergonomics) [PSYoungGen: 1024K->924K(1536K)] [ParOldGen: 4061K->4061K(4096K)] 5085K->4985K(5632K), [Metaspace: 20176K->20176K(1067008K)], 0.0139102 secs] [Times: user=0.02 sys=0.00, real=0.01 secs] 
8.415: [Full GC (Ergonomics) [PSYoungGen: 1019K->929K(1536K)] [ParOldGen: 4061K->4061K(4096K)] 5080K->4991K(5632K), [Metaspace: 20184K->20184K(1067008K)], 0.0136883 secs] [Times: user=0.02 sys=0.00, real=0.01 secs] 
8.430: [Full GC (Ergonomics) [PSYoungGen: 1023K->936K(1536K)] [ParOldGen: 4061K->4061K(4096K)] 5085K->4998K(5632K), [Metaspace: 20190K->20190K(1067008K)], 0.0137199 secs] [Times: user=0.02 sys=0.00, real=0.01 secs] 
8.444: [Full GC (Ergonomics) [PSYoungGen: 1024K->880K(1536K)] [ParOldGen: 4061K->4025K(4096K)] 5085K->4906K(5632K), [Metaspace: 20205K->20205K(1067008K)], 0.0130694 secs] [Times: user=0.13 sys=0.00, real=0.01 secs] 
8.459: [Full GC (Ergonomics) [PSYoungGen: 1022K->894K(1536K)] [ParOldGen: 4025K->4025K(4096K)] 5048K->4920K(5632K), [Metaspace: 20226K->20226K(1067008K)], 0.0093116 secs] [Times: user=0.00 sys=0.00, real=0.01 secs] 
8.469: [Full GC (Ergonomics) [PSYoungGen: 1021K->886K(1536K)] [ParOldGen: 4025K->4025K(4096K)] 5047K->4912K(5632K), [Metaspace: 20243K->20243K(1067008K)], 0.0098844 secs] [Times: user=0.00 sys=0.00, real=0.01 secs] 
8.481: [Full GC (Ergonomics) [PSYoungGen: 1024K->897K(1536K)] [ParOldGen: 4025K->4025K(4096K)] 5049K->4923K(5632K), [Metaspace: 20258K->20258K(1067008K)], 0.0154015 secs] [Times: user=0.00 sys=0.00, real=0.02 secs] 
8.498: [Full GC (Ergonomics) [PSYoungGen: 1024K->914K(1536K)] [ParOldGen: 4025K->4025K(4096K)] 5049K->4940K(5632K), [Metaspace: 20282K->20282K(1067008K)], 0.0100153 secs] [Times: user=0.13 sys=0.00, real=0.01 secs] 
8.509: [Full GC (Ergonomics) [PSYoungGen: 1009K->956K(1536K)] [ParOldGen: 4025K->4025K(4096K)] 5035K->4982K(5632K), [Metaspace: 20282K->20282K(1067008K)], 0.0138032 secs] [Times: user=0.02 sys=0.00, real=0.01 secs] 
8.523: [Full GC (Ergonomics) [PSYoungGen: 1024K->897K(1536K)] [ParOldGen: 4025K->4025K(4096K)] 5049K->4923K(5632K), [Metaspace: 20324K->20324K(1067008K)], 0.0111127 secs] [Times: user=0.01 sys=0.00, real=0.01 secs] 
8.536: [Full GC (Ergonomics) [PSYoungGen: 1009K->922K(1536K)] [ParOldGen: 4025K->4025K(4096K)] 5035K->4948K(5632K), [Metaspace: 20328K->20328K(1067008K)], 0.0098489 secs] [Times: user=0.00 sys=0.00, real=0.01 secs] 
8.546: [Full GC (Ergonomics) [PSYoungGen: 1024K->916K(1536K)] [ParOldGen: 4025K->4025K(4096K)] 5049K->4942K(5632K), [Metaspace: 20346K->20346K(1067008K)], 0.0098950 secs] [Times: user=0.13 sys=0.00, real=0.01 secs] 
8.557: [Full GC (Ergonomics) [PSYoungGen: 1024K->912K(1536K)] [ParOldGen: 4025K->4025K(4096K)] 5049K->4938K(5632K), [Metaspace: 20359K->20359K(1067008K)], 0.0100486 secs] [Times: user=0.02 sys=0.00, real=0.01 secs] 
8.567: [Full GC (Ergonomics) [PSYoungGen: 1023K->927K(1536K)] [ParOldGen: 4025K->4025K(4096K)] 5049K->4953K(5632K), [Metaspace: 20362K->20362K(1067008K)], 0.0100440 secs] [Times: user=0.13 sys=0.00, real=0.01 secs] 
8.578: [Full GC (Ergonomics) [PSYoungGen: 1024K->908K(1536K)] [ParOldGen: 4025K->4025K(4096K)] 5049K->4933K(5632K), [Metaspace: 20379K->20379K(1067008K)], 0.0097251 secs] [Times: user=0.00 sys=0.00, real=0.01 secs] 
8.589: [Full GC (Ergonomics) [PSYoungGen: 1024K->907K(1536K)] [ParOldGen: 4025K->4025K(4096K)] 5049K->4933K(5632K), [Metaspace: 20382K->20382K(1067008K)], 0.0104593 secs] [Times: user=0.01 sys=0.00, real=0.01 secs] 
8.600: [Full GC (Ergonomics) [PSYoungGen: 1024K->917K(1536K)] [ParOldGen: 4025K->4025K(4096K)] 5049K->4943K(5632K), [Metaspace: 20387K->20387K(1067008K)], 0.0100969 secs] [Times: user=0.13 sys=0.00, real=0.01 secs] 
8.621: [Full GC (Ergonomics) [PSYoungGen: 1024K->907K(1536K)] [ParOldGen: 4025K->4025K(4096K)] 5049K->4933K(5632K), [Metaspace: 20391K->20391K(1067008K)], 0.0101967 secs] [Times: user=0.02 sys=0.00, real=0.01 secs] 
8.632: [Full GC (Ergonomics) [PSYoungGen: 1024K->926K(1536K)] [ParOldGen: 4025K->4025K(4096K)] 5049K->4952K(5632K), [Metaspace: 20411K->20411K(1067008K)], 0.0113820 secs] [Times: user=0.08 sys=0.00, real=0.01 secs] 
8.645: [Full GC (Ergonomics) [PSYoungGen: 1024K->917K(1536K)] [ParOldGen: 4025K->4025K(4096K)] 5049K->4943K(5632K), [Metaspace: 20413K->20413K(1067008K)], 0.0100358 secs] [Times: user=0.00 sys=0.00, real=0.01 secs] 
8.656: [Full GC (Ergonomics) [PSYoungGen: 1024K->922K(1536K)] [ParOldGen: 4025K->4025K(4096K)] 5049K->4948K(5632K), [Metaspace: 20428K->20428K(1067008K)], 0.0122925 secs] [Times: user=0.08 sys=0.00, real=0.01 secs] 
8.668: [Full GC (Ergonomics) [PSYoungGen: 1024K->916K(1536K)] [ParOldGen: 4025K->4025K(4096K)] 5049K->4942K(5632K), [Metaspace: 20432K->20432K(1067008K)], 0.0116235 secs] [Times: user=0.02 sys=0.00, real=0.01 secs] 
8.681: [Full GC (Ergonomics) [PSYoungGen: 1024K->909K(1536K)] [ParOldGen: 4025K->4025K(4096K)] 5049K->4935K(5632K), [Metaspace: 20436K->20436K(1067008K)], 0.0135540 secs] [Times: user=0.02 sys=0.00, real=0.01 secs] 
8.695: [Full GC (Ergonomics) [PSYoungGen: 1024K->935K(1536K)] [ParOldGen: 4025K->4025K(4096K)] 5049K->4961K(5632K), [Metaspace: 20446K->20446K(1067008K)], 0.0100975 secs] [Times: user=0.13 sys=0.00, real=0.01 secs] 
8.707: [Full GC (Ergonomics) [PSYoungGen: 1015K->915K(1536K)] [ParOldGen: 4025K->4025K(4096K)] 5041K->4941K(5632K), [Metaspace: 20464K->20464K(1067008K)], 0.0140146 secs] [Times: user=0.13 sys=0.00, real=0.01 secs] 
8.722: [Full GC (Ergonomics) [PSYoungGen: 1024K->926K(1536K)] [ParOldGen: 4025K->4025K(4096K)] 5049K->4952K(5632K), [Metaspace: 20477K->20477K(1067008K)], 0.0142967 secs] [Times: user=0.13 sys=0.00, real=0.01 secs] 
8.737: [Full GC (Ergonomics) [PSYoungGen: 1022K->938K(1536K)] [ParOldGen: 4025K->4025K(4096K)] 5048K->4964K(5632K), [Metaspace: 20477K->20477K(1067008K)], 0.0102852 secs] [Times: user=0.00 sys=0.00, real=0.01 secs] 
8.748: [Full GC (Ergonomics) [PSYoungGen: 1009K->960K(1536K)] [ParOldGen: 4025K->4025K(4096K)] 5035K->4986K(5632K), [Metaspace: 20477K->20477K(1067008K)], 0.0100887 secs] [Times: user=0.13 sys=0.00, real=0.01 secs] 
8.759: [Full GC (Ergonomics) [PSYoungGen: 1010K->979K(1536K)] [ParOldGen: 4025K->4025K(4096K)] 5036K->5004K(5632K), [Metaspace: 20477K->20477K(1067008K)], 0.0098005 secs] [Times: user=0.01 sys=0.00, real=0.01 secs] 
8.769: [Full GC (Ergonomics) [PSYoungGen: 1020K->1018K(1536K)] [ParOldGen: 4025K->4025K(4096K)] 5046K->5044K(5632K), [Metaspace: 20477K->20477K(1067008K)], 0.0102764 secs] [Times: user=0.00 sys=0.00, real=0.01 secs] 
8.779: [Full GC (Ergonomics) [PSYoungGen: 1024K->928K(1536K)] [ParOldGen: 4050K->4050K(4096K)] 5074K->4978K(5632K), [Metaspace: 20477K->20477K(1067008K)], 0.0104303 secs] [Times: user=0.13 sys=0.00, real=0.01 secs] 
8.791: [Full GC (Ergonomics) [PSYoungGen: 1024K->945K(1536K)] [ParOldGen: 4050K->4030K(4096K)] 5074K->4975K(5632K), [Metaspace: 20477K->20477K(1067008K)], 0.0102644 secs] [Times: user=0.02 sys=0.00, real=0.01 secs] 
8.802: [Full GC (Ergonomics) [PSYoungGen: 1019K->952K(1536K)] [ParOldGen: 4030K->4030K(4096K)] 5049K->4982K(5632K), [Metaspace: 20477K->20477K(1067008K)], 0.0096395 secs] [Times: user=0.00 sys=0.00, real=0.01 secs] 
8.812: [Full GC (Ergonomics) [PSYoungGen: 1020K->954K(1536K)] [ParOldGen: 4030K->4030K(4096K)] 5050K->4984K(5632K), [Metaspace: 20477K->20477K(1067008K)], 0.0105842 secs] [Times: user=0.00 sys=0.00, real=0.01 secs] 
8.824: [Full GC (Ergonomics) [PSYoungGen: 1021K->953K(1536K)] [ParOldGen: 4030K->4030K(4096K)] 5052K->4983K(5632K), [Metaspace: 20477K->20477K(1067008K)], 0.0098841 secs] [Times: user=0.01 sys=0.00, real=0.01 secs] 
8.835: [Full GC (Ergonomics) [PSYoungGen: 1017K->954K(1536K)] [ParOldGen: 4030K->4030K(4096K)] 5048K->4984K(5632K), [Metaspace: 20477K->20477K(1067008K)], 0.0098463 secs] [Times: user=0.13 sys=0.00, real=0.01 secs] 
8.845: [Full GC (Ergonomics) [PSYoungGen: 1020K->957K(1536K)] [ParOldGen: 4030K->4030K(4096K)] 5050K->4987K(5632K), [Metaspace: 20477K->20477K(1067008K)], 0.0100036 secs] [Times: user=0.00 sys=0.00, real=0.01 secs] 
8.856: [Full GC (Ergonomics) [PSYoungGen: 1021K->912K(1536K)] [ParOldGen: 4030K->4030K(4096K)] 5052K->4942K(5632K), [Metaspace: 20477K->20477K(1067008K)], 0.0104493 secs] [Times: user=0.02 sys=0.00, real=0.01 secs] 
8.868: [Full GC (Ergonomics) [PSYoungGen: 1020K->926K(1536K)] [ParOldGen: 4030K->4030K(4096K)] 5050K->4957K(5632K), [Metaspace: 20477K->20477K(1067008K)], 0.0095368 secs] [Times: user=0.02 sys=0.00, real=0.01 secs] 
8.878: [Full GC (Ergonomics) [PSYoungGen: 998K->961K(1536K)] [ParOldGen: 4030K->4030K(4096K)] 5029K->4991K(5632K), [Metaspace: 20477K->20477K(1067008K)], 0.0119765 secs] [Times: user=0.00 sys=0.00, real=0.01 secs] 
8.890: [Full GC (Ergonomics) [PSYoungGen: 1024K->945K(1536K)] [ParOldGen: 4030K->4030K(4096K)] 5054K->4975K(5632K), [Metaspace: 20477K->20477K(1067008K)], 0.0097926 secs] [Times: user=0.13 sys=0.00, real=0.01 secs] 
8.900: [Full GC (Ergonomics) [PSYoungGen: 1024K->943K(1536K)] [ParOldGen: 4030K->4030K(4096K)] 5054K->4973K(5632K), [Metaspace: 20480K->20480K(1067008K)], 0.0099243 secs] [Times: user=0.02 sys=0.00, real=0.01 secs] 
8.911: [Full GC (Ergonomics) [PSYoungGen: 1020K->957K(1536K)] [ParOldGen: 4030K->4030K(4096K)] 5051K->4988K(5632K), [Metaspace: 20484K->20484K(1067008K)], 0.0098867 secs] [Times: user=0.00 sys=0.00, real=0.01 secs] 
8.922: [Full GC (Ergonomics) [PSYoungGen: 1024K->951K(1536K)] [ParOldGen: 4030K->4030K(4096K)] 5054K->4981K(5632K), [Metaspace: 20504K->20504K(1067008K)], 0.0152351 secs] [Times: user=0.00 sys=0.00, real=0.01 secs] 
8.938: [Full GC (Ergonomics) [PSYoungGen: 1023K->949K(1536K)] [ParOldGen: 4030K->4030K(4096K)] 5054K->4979K(5632K), [Metaspace: 20553K->20553K(1067008K)], 0.0100255 secs] [Times: user=0.00 sys=0.00, real=0.01 secs] 
8.949: [Full GC (Ergonomics) [PSYoungGen: 1024K->944K(1536K)] [ParOldGen: 4030K->4030K(4096K)] 5054K->4974K(5632K), [Metaspace: 20587K->20587K(1067008K)], 0.0133956 secs] [Times: user=0.01 sys=0.00, real=0.01 secs] 
8.963: [Full GC (Ergonomics) [PSYoungGen: 1024K->944K(1536K)] [ParOldGen: 4030K->4030K(4096K)] 5054K->4974K(5632K), [Metaspace: 20587K->20587K(1067008K)], 0.0111243 secs] [Times: user=0.02 sys=0.00, real=0.01 secs] 
8.975: [Full GC (Ergonomics) [PSYoungGen: 1024K->936K(1536K)] [ParOldGen: 4030K->4030K(4096K)] 5054K->4967K(5632K), [Metaspace: 20587K->20587K(1067008K)], 0.0132798 secs] [Times: user=0.13 sys=0.00, real=0.01 secs] 
8.989: [Full GC (Ergonomics) [PSYoungGen: 1024K->952K(1536K)] [ParOldGen: 4030K->4008K(4096K)] 5054K->4960K(5632K), [Metaspace: 20588K->20588K(1067008K)], 0.0162540 secs] [Times: user=0.13 sys=0.00, real=0.02 secs] 
9.006: [Full GC (Ergonomics) [PSYoungGen: 1020K->956K(1536K)] [ParOldGen: 4008K->4007K(4096K)] 5028K->4963K(5632K), [Metaspace: 20596K->20596K(1067008K)], 0.0154314 secs] [Times: user=0.13 sys=0.00, real=0.02 secs] 
9.022: [Full GC (Ergonomics) [PSYoungGen: 1024K->963K(1536K)] [ParOldGen: 4007K->4007K(4096K)] 5031K->4970K(5632K), [Metaspace: 20605K->20605K(1067008K)], 0.0138928 secs] [Times: user=0.13 sys=0.00, real=0.01 secs] 
9.036: [Full GC (Ergonomics) [PSYoungGen: 1024K->955K(1536K)] [ParOldGen: 4007K->4007K(4096K)] 5031K->4962K(5632K), [Metaspace: 20605K->20605K(1067008K)], 0.0134488 secs] [Times: user=0.13 sys=0.00, real=0.01 secs] 
9.050: [Full GC (Ergonomics) [PSYoungGen: 1024K->954K(1536K)] [ParOldGen: 4007K->4007K(4096K)] 5031K->4961K(5632K), [Metaspace: 20605K->20605K(1067008K)], 0.0094299 secs] [Times: user=0.00 sys=0.00, real=0.01 secs] 
9.059: [Full GC (Ergonomics) [PSYoungGen: 1024K->955K(1536K)] [ParOldGen: 4007K->4007K(4096K)] 5031K->4962K(5632K), [Metaspace: 20605K->20605K(1067008K)], 0.0106422 secs] [Times: user=0.01 sys=0.00, real=0.01 secs] 
9.070: [Full GC (Ergonomics) [PSYoungGen: 1024K->955K(1536K)] [ParOldGen: 4007K->4007K(4096K)] 5031K->4962K(5632K), [Metaspace: 20605K->20605K(1067008K)], 0.0106305 secs] [Times: user=0.13 sys=0.00, real=0.01 secs] 
9.081: [Full GC (Ergonomics) [PSYoungGen: 1024K->955K(1536K)] [ParOldGen: 4007K->4007K(4096K)] 5031K->4962K(5632K), [Metaspace: 20605K->20605K(1067008K)], 0.0104820 secs] [Times: user=0.00 sys=0.00, real=0.01 secs] 
9.092: [Full GC (Ergonomics) [PSYoungGen: 1023K->955K(1536K)] [ParOldGen: 4007K->4007K(4096K)] 5030K->4962K(5632K), [Metaspace: 20605K->20605K(1067008K)], 0.0103779 secs] [Times: user=0.11 sys=0.00, real=0.01 secs] 
9.103: [Full GC (Ergonomics) [PSYoungGen: 1023K->955K(1536K)] [ParOldGen: 4007K->4007K(4096K)] 5030K->4962K(5632K), [Metaspace: 20605K->20605K(1067008K)], 0.0097872 secs] [Times: user=0.01 sys=0.00, real=0.01 secs] 
9.113: [Full GC (Ergonomics) [PSYoungGen: 1024K->954K(1536K)] [ParOldGen: 4007K->4006K(4096K)] 5031K->4961K(5632K), [Metaspace: 20605K->20605K(1067008K)], 0.0170462 secs] [Times: user=0.13 sys=0.00, real=0.02 secs] 
9.131: [Full GC (Ergonomics) [PSYoungGen: 1024K->957K(1536K)] [ParOldGen: 4006K->4006K(4096K)] 5030K->4964K(5632K), [Metaspace: 20605K->20605K(1067008K)], 0.0098796 secs] [Times: user=0.11 sys=0.00, real=0.01 secs] 
9.141: [Full GC (Ergonomics) [PSYoungGen: 1023K->959K(1536K)] [ParOldGen: 4006K->4006K(4096K)] 5030K->4966K(5632K), [Metaspace: 20605K->20605K(1067008K)], 0.0139153 secs] [Times: user=0.00 sys=0.00, real=0.01 secs] 
9.155: [Full GC (Ergonomics) [PSYoungGen: 1024K->959K(1536K)] [ParOldGen: 4006K->4006K(4096K)] 5030K->4966K(5632K), [Metaspace: 20605K->20605K(1067008K)], 0.0106903 secs] [Times: user=0.13 sys=0.00, real=0.01 secs] 
9.166: [Full GC (Ergonomics) [PSYoungGen: 1024K->958K(1536K)] [ParOldGen: 4006K->4006K(4096K)] 5030K->4965K(5632K), [Metaspace: 20605K->20605K(1067008K)], 0.0105495 secs] [Times: user=0.01 sys=0.00, real=0.01 secs] 
9.177: [Full GC (Ergonomics) [PSYoungGen: 1024K->962K(1536K)] [ParOldGen: 4006K->4006K(4096K)] 5030K->4969K(5632K), [Metaspace: 20605K->20605K(1067008K)], 0.0102201 secs] [Times: user=0.13 sys=0.00, real=0.01 secs] 
9.188: [Full GC (Ergonomics) [PSYoungGen: 1024K->958K(1536K)] [ParOldGen: 4006K->4006K(4096K)] 5030K->4965K(5632K), [Metaspace: 20605K->20605K(1067008K)], 0.0141562 secs] [Times: user=0.00 sys=0.00, real=0.01 secs] 
9.203: [Full GC (Ergonomics) [PSYoungGen: 1024K->956K(1536K)] [ParOldGen: 4006K->4006K(4096K)] 5030K->4963K(5632K), [Metaspace: 20605K->20605K(1067008K)], 0.0110743 secs] [Times: user=0.00 sys=0.00, real=0.01 secs] 
9.214: [Full GC (Ergonomics) [PSYoungGen: 1024K->957K(1536K)] [ParOldGen: 4006K->4006K(4096K)] 5030K->4964K(5632K), [Metaspace: 20605K->20605K(1067008K)], 0.0114952 secs] [Times: user=0.02 sys=0.00, real=0.01 secs] 
9.226: [Full GC (Ergonomics) [PSYoungGen: 1024K->964K(1536K)] [ParOldGen: 4006K->4006K(4096K)] 5030K->4971K(5632K), [Metaspace: 20605K->20605K(1067008K)], 0.0148073 secs] [Times: user=0.02 sys=0.00, real=0.02 secs] 
9.242: [Full GC (Ergonomics) [PSYoungGen: 1024K->957K(1536K)] [ParOldGen: 4006K->4006K(4096K)] 5030K->4964K(5632K), [Metaspace: 20605K->20605K(1067008K)], 0.0103987 secs] [Times: user=0.13 sys=0.00, real=0.01 secs] 
9.252: [Full GC (Ergonomics) [PSYoungGen: 1024K->951K(1536K)] [ParOldGen: 4006K->4006K(4096K)] 5030K->4958K(5632K), [Metaspace: 20605K->20605K(1067008K)], 0.0108063 secs] [Times: user=0.00 sys=0.00, real=0.01 secs] 
9.264: [Full GC (Ergonomics) [PSYoungGen: 1024K->951K(1536K)] [ParOldGen: 4006K->4006K(4096K)] 5030K->4958K(5632K), [Metaspace: 20605K->20605K(1067008K)], 0.0106189 secs] [Times: user=0.13 sys=0.00, real=0.01 secs] 
9.275: [Full GC (Ergonomics) [PSYoungGen: 1024K->949K(1536K)] [ParOldGen: 4006K->4006K(4096K)] 5030K->4956K(5632K), [Metaspace: 20605K->20605K(1067008K)], 0.0177797 secs] [Times: user=0.02 sys=0.00, real=0.02 secs] 
9.293: [Full GC (Ergonomics) [PSYoungGen: 1024K->945K(1536K)] [ParOldGen: 4006K->4006K(4096K)] 5030K->4952K(5632K), [Metaspace: 20605K->20605K(1067008K)], 0.0116110 secs] [Times: user=0.02 sys=0.00, real=0.01 secs] 
9.305: [Full GC (Ergonomics) [PSYoungGen: 1024K->941K(1536K)] [ParOldGen: 4006K->4006K(4096K)] 5030K->4948K(5632K), [Metaspace: 20605K->20605K(1067008K)], 0.0111095 secs] [Times: user=0.01 sys=0.00, real=0.01 secs] 
9.317: [Full GC (Ergonomics) [PSYoungGen: 1024K->940K(1536K)] [ParOldGen: 4006K->4006K(4096K)] 5030K->4947K(5632K), [Metaspace: 20605K->20605K(1067008K)], 0.0104451 secs] [Times: user=0.00 sys=0.00, real=0.01 secs] 
9.328: [Full GC (Ergonomics) [PSYoungGen: 1024K->941K(1536K)] [ParOldGen: 4006K->4006K(4096K)] 5030K->4948K(5632K), [Metaspace: 20605K->20605K(1067008K)], 0.0110782 secs] [Times: user=0.00 sys=0.00, real=0.01 secs] 
9.339: [Full GC (Ergonomics) [PSYoungGen: 1024K->942K(1536K)] [ParOldGen: 4006K->4006K(4096K)] 5030K->4949K(5632K), [Metaspace: 20605K->20605K(1067008K)], 0.0112628 secs] [Times: user=0.01 sys=0.00, real=0.01 secs] 
9.351: [Full GC (Ergonomics) [PSYoungGen: 1024K->941K(1536K)] [ParOldGen: 4006K->4006K(4096K)] 5030K->4948K(5632K), [Metaspace: 20605K->20605K(1067008K)], 0.0096751 secs] [Times: user=0.13 sys=0.00, real=0.01 secs] 
9.361: [Full GC (Ergonomics) [PSYoungGen: 1024K->940K(1536K)] [ParOldGen: 4006K->4006K(4096K)] 5030K->4947K(5632K), [Metaspace: 20605K->20605K(1067008K)], 0.0108780 secs] [Times: user=0.00 sys=0.00, real=0.01 secs] 
9.373: [Full GC (Ergonomics) [PSYoungGen: 1024K->953K(1536K)] [ParOldGen: 4006K->4006K(4096K)] 5030K->4960K(5632K), [Metaspace: 20613K->20613K(1067008K)], 0.0109502 secs] [Times: user=0.13 sys=0.00, real=0.01 secs] 
9.385: [Full GC (Ergonomics) [PSYoungGen: 1024K->958K(1536K)] [ParOldGen: 4006K->4006K(4096K)] 5030K->4965K(5632K), [Metaspace: 20623K->20623K(1067008K)], 0.0102926 secs] [Times: user=0.02 sys=0.00, real=0.01 secs] 
9.395: [Full GC (Ergonomics) [PSYoungGen: 1012K->987K(1536K)] [ParOldGen: 4006K->4006K(4096K)] 5019K->4994K(5632K), [Metaspace: 20623K->20623K(1067008K)], 0.0109300 secs] [Times: user=0.02 sys=0.00, real=0.01 secs] 
9.407: [Full GC (Ergonomics) [PSYoungGen: 1009K->992K(1536K)] [ParOldGen: 4006K->4006K(4096K)] 5016K->4998K(5632K), [Metaspace: 20623K->20623K(1067008K)], 0.0122675 secs] [Times: user=0.00 sys=0.00, real=0.01 secs] 
9.420: [Full GC (Ergonomics) [PSYoungGen: 1024K->955K(1536K)] [ParOldGen: 4006K->4006K(4096K)] 5030K->4962K(5632K), [Metaspace: 20635K->20635K(1067008K)], 0.0105981 secs] [Times: user=0.13 sys=0.00, real=0.01 secs] 
9.431: [Full GC (Ergonomics) [PSYoungGen: 1024K->961K(1536K)] [ParOldGen: 4006K->4006K(4096K)] 5030K->4967K(5632K), [Metaspace: 20641K->20641K(1067008K)], 0.0108353 secs] [Times: user=0.02 sys=0.00, real=0.01 secs] 
9.443: [Full GC (Ergonomics) [PSYoungGen: 1024K->963K(1536K)] [ParOldGen: 4006K->4006K(4096K)] 5030K->4970K(5632K), [Metaspace: 20650K->20650K(1067008K)], 0.0109121 secs] [Times: user=0.11 sys=0.00, real=0.01 secs] 
9.454: [Full GC (Ergonomics) [PSYoungGen: 1024K->964K(1536K)] [ParOldGen: 4006K->4006K(4096K)] 5030K->4971K(5632K), [Metaspace: 20658K->20658K(1067008K)], 0.0109084 secs] [Times: user=0.00 sys=0.00, real=0.01 secs] 
9.466: [Full GC (Ergonomics) [PSYoungGen: 1024K->958K(1536K)] [ParOldGen: 4006K->4006K(4096K)] 5030K->4965K(5632K), [Metaspace: 20659K->20659K(1067008K)], 0.0123927 secs] [Times: user=0.11 sys=0.00, real=0.01 secs] 
9.481: [Full GC (Ergonomics) [PSYoungGen: 1024K->959K(1536K)] [ParOldGen: 4006K->4005K(4096K)] 5030K->4965K(5632K), [Metaspace: 20660K->20660K(1067008K)], 0.0240938 secs] [Times: user=0.13 sys=0.00, real=0.02 secs] 
9.506: [Full GC (Ergonomics) [PSYoungGen: 1024K->964K(1536K)] [ParOldGen: 4005K->4005K(4096K)] 5029K->4969K(5632K), [Metaspace: 20666K->20666K(1067008K)], 0.0108908 secs] [Times: user=0.13 sys=0.00, real=0.01 secs] 
9.517: [Full GC (Ergonomics) [PSYoungGen: 1016K->995K(1536K)] [ParOldGen: 4005K->4005K(4096K)] 5021K->5000K(5632K), [Metaspace: 20666K->20666K(1067008K)], 0.0186393 secs] [Times: user=0.13 sys=0.00, real=0.02 secs] 
9.536: [Full GC (Ergonomics) [PSYoungGen: 1012K->1003K(1536K)] [ParOldGen: 4005K->4005K(4096K)] 5017K->5008K(5632K), [Metaspace: 20666K->20666K(1067008K)], 0.0106146 secs] [Times: user=0.00 sys=0.02, real=0.01 secs] 
9.548: [Full GC (Ergonomics) [PSYoungGen: 1024K->998K(1536K)] [ParOldGen: 4066K->4007K(4096K)] 5090K->5006K(5632K), [Metaspace: 20694K->20694K(1069056K)], 0.0105705 secs] [Times: user=0.00 sys=0.00, real=0.01 secs] 
9.559: [Full GC (Ergonomics) [PSYoungGen: 1017K->968K(1536K)] [ParOldGen: 4007K->4006K(4096K)] 5025K->4974K(5632K), [Metaspace: 20694K->20694K(1069056K)], 0.0102807 secs] [Times: user=0.02 sys=0.00, real=0.01 secs] 
9.569: [Full GC (Ergonomics) [PSYoungGen: 1012K->1007K(1536K)] [ParOldGen: 4006K->4006K(4096K)] 5018K->5013K(5632K), [Metaspace: 20694K->20694K(1069056K)], 0.0105350 secs] [Times: user=0.13 sys=0.00, real=0.01 secs] 
9.580: [Full GC (Ergonomics) [PSYoungGen: 1022K->1015K(1536K)] [ParOldGen: 4006K->4006K(4096K)] 5028K->5021K(5632K), [Metaspace: 20694K->20694K(1069056K)], 0.0101805 secs] [Times: user=0.00 sys=0.00, real=0.01 secs] 
9.591: [Full GC (Ergonomics) [PSYoungGen: 1017K->1000K(1536K)] [ParOldGen: 4069K->4038K(4096K)] 5086K->5038K(5632K), [Metaspace: 20694K->20694K(1069056K)], 0.0104072 secs] [Times: user=0.02 sys=0.00, real=0.01 secs] 
9.602: [Full GC (Ergonomics) [PSYoungGen: 1024K->967K(1536K)] [ParOldGen: 4079K->4006K(4096K)] 5103K->4974K(5632K), [Metaspace: 20719K->20719K(1069056K)], 0.0100099 secs] [Times: user=0.02 sys=0.00, real=0.01 secs] 
9.612: [Full GC (Ergonomics) [PSYoungGen: 1024K->971K(1536K)] [ParOldGen: 4006K->4006K(4096K)] 5030K->4977K(5632K), [Metaspace: 20720K->20720K(1069056K)], 0.0105643 secs] [Times: user=0.00 sys=0.00, real=0.01 secs] 
9.623: [Full GC (Ergonomics) [PSYoungGen: 1024K->977K(1536K)] [ParOldGen: 4006K->4006K(4096K)] 5030K->4983K(5632K), [Metaspace: 20723K->20723K(1069056K)], 0.0115041 secs] [Times: user=0.11 sys=0.00, real=0.01 secs] 
9.636: [Full GC (Ergonomics) [PSYoungGen: 1024K->979K(1536K)] [ParOldGen: 4006K->4006K(4096K)] 5030K->4985K(5632K), [Metaspace: 20726K->20726K(1069056K)], 0.0101811 secs] [Times: user=0.02 sys=0.00, real=0.01 secs] 
9.647: [Full GC (Ergonomics) [PSYoungGen: 1022K->974K(1536K)] [ParOldGen: 4006K->4006K(4096K)] 5028K->4980K(5632K), [Metaspace: 20731K->20731K(1069056K)], 0.0100639 secs] [Times: user=0.13 sys=0.00, real=0.01 secs] 
9.657: [Full GC (Ergonomics) [PSYoungGen: 1023K->989K(1536K)] [ParOldGen: 4006K->4006K(4096K)] 5029K->4995K(5632K), [Metaspace: 20735K->20735K(1069056K)], 0.0098159 secs] [Times: user=0.00 sys=0.00, real=0.01 secs] 
9.667: [Full GC (Ergonomics) [PSYoungGen: 1024K->983K(1536K)] [ParOldGen: 4006K->4006K(4096K)] 5030K->4989K(5632K), [Metaspace: 20745K->20745K(1069056K)], 0.0103256 secs] [Times: user=0.02 sys=0.00, real=0.01 secs] 
9.678: [Full GC (Ergonomics) [PSYoungGen: 1021K->990K(1536K)] [ParOldGen: 4006K->4006K(4096K)] 5027K->4996K(5632K), [Metaspace: 20745K->20745K(1069056K)], 0.0098654 secs] [Times: user=0.13 sys=0.00, real=0.01 secs] 
9.688: [Full GC (Ergonomics) [PSYoungGen: 1023K->983K(1536K)] [ParOldGen: 4006K->4006K(4096K)] 5029K->4989K(5632K), [Metaspace: 20753K->20753K(1069056K)], 0.0130765 secs] [Times: user=0.00 sys=0.00, real=0.01 secs] 
9.702: [Full GC (Ergonomics) [PSYoungGen: 1018K->990K(1536K)] [ParOldGen: 4006K->4006K(4096K)] 5024K->4996K(5632K), [Metaspace: 20753K->20753K(1069056K)], 0.0214505 secs] [Times: user=0.09 sys=0.00, real=0.02 secs] 
9.724: [Full GC (Ergonomics) [PSYoungGen: 1024K->972K(1536K)] [ParOldGen: 4006K->4006K(4096K)] 5030K->4978K(5632K), [Metaspace: 20763K->20763K(1069056K)], 0.0124137 secs] [Times: user=0.09 sys=0.00, real=0.01 secs] 
9.737: [Full GC (Ergonomics) [PSYoungGen: 1024K->980K(1536K)] [ParOldGen: 4006K->4006K(4096K)] 5030K->4986K(5632K), [Metaspace: 20769K->20769K(1069056K)], 0.0136095 secs] [Times: user=0.11 sys=0.00, real=0.01 secs] 
9.752: [Full GC (Ergonomics) [PSYoungGen: 1024K->984K(1536K)] [ParOldGen: 4006K->4006K(4096K)] 5030K->4990K(5632K), [Metaspace: 20770K->20770K(1069056K)], 0.0115612 secs] [Times: user=0.00 sys=0.00, real=0.01 secs] 
9.764: [Full GC (Ergonomics) [PSYoungGen: 1024K->991K(1536K)] [ParOldGen: 4006K->4006K(4096K)] 5030K->4997K(5632K), [Metaspace: 20772K->20772K(1069056K)], 0.0102758 secs] [Times: user=0.13 sys=0.00, real=0.01 secs] 
9.775: [Full GC (Ergonomics) [PSYoungGen: 1024K->993K(1536K)] [ParOldGen: 4006K->4006K(4096K)] 5030K->4999K(5632K), [Metaspace: 20773K->20773K(1069056K)], 0.0118778 secs] [Times: user=0.02 sys=0.00, real=0.01 secs] 
9.787: [Full GC (Ergonomics) [PSYoungGen: 1024K->991K(1536K)] [ParOldGen: 4006K->4006K(4096K)] 5030K->4997K(5632K), [Metaspace: 20774K->20774K(1069056K)], 0.0196969 secs] [Times: user=0.02 sys=0.00, real=0.02 secs] 
9.808: [Full GC (Ergonomics) [PSYoungGen: 1024K->997K(1536K)] [ParOldGen: 4006K->4006K(4096K)] 5030K->5003K(5632K), [Metaspace: 20777K->20777K(1069056K)], 0.0146725 secs] [Times: user=0.02 sys=0.00, real=0.01 secs] 
9.823: [Full GC (Ergonomics) [PSYoungGen: 1024K->993K(1536K)] [ParOldGen: 4006K->4006K(4096K)] 5030K->4999K(5632K), [Metaspace: 20777K->20777K(1069056K)], 0.0134940 secs] [Times: user=0.02 sys=0.00, real=0.01 secs] 
9.837: [Full GC (Ergonomics) [PSYoungGen: 1022K->1008K(1536K)] [ParOldGen: 4006K->4006K(4096K)] 5028K->5014K(5632K), [Metaspace: 20777K->20777K(1069056K)], 0.0128483 secs] [Times: user=0.02 sys=0.00, real=0.01 secs] 
9.850: [Full GC (Ergonomics) [PSYoungGen: 1022K->1016K(1536K)] [ParOldGen: 4006K->4006K(4096K)] 5028K->5022K(5632K), [Metaspace: 20777K->20777K(1069056K)], 0.0114711 secs] [Times: user=0.09 sys=0.00, real=0.01 secs] 
9.862: [Full GC (Ergonomics) [PSYoungGen: 1023K->1001K(1536K)] [ParOldGen: 4027K->4007K(4096K)] 5051K->5009K(5632K), [Metaspace: 20783K->20783K(1069056K)], 0.0108060 secs] [Times: user=0.00 sys=0.00, real=0.01 secs] 
9.873: [Full GC (Ergonomics) [PSYoungGen: 1023K->1001K(1536K)] [ParOldGen: 4007K->4007K(4096K)] 5031K->5008K(5632K), [Metaspace: 20783K->20783K(1069056K)], 0.0110285 secs] [Times: user=0.13 sys=0.00, real=0.01 secs] 
9.885: [Full GC (Ergonomics) [PSYoungGen: 1023K->990K(1536K)] [ParOldGen: 4007K->4006K(4096K)] 5030K->4997K(5632K), [Metaspace: 20786K->20786K(1069056K)], 0.0161109 secs] [Times: user=0.02 sys=0.00, real=0.02 secs] 
9.902: [Full GC (Ergonomics) [PSYoungGen: 1024K->995K(1536K)] [ParOldGen: 4006K->4006K(4096K)] 5030K->5001K(5632K), [Metaspace: 20788K->20788K(1069056K)], 0.0107543 secs] [Times: user=0.02 sys=0.00, real=0.01 secs] 
9.913: [Full GC (Ergonomics) [PSYoungGen: 1024K->912K(1536K)] [ParOldGen: 4006K->4002K(4096K)] 5030K->4914K(5632K), [Metaspace: 20790K->20790K(1069056K)], 0.0094987 secs] [Times: user=0.13 sys=0.00, real=0.01 secs] 
9.923: [Full GC (Ergonomics) [PSYoungGen: 1017K->915K(1536K)] [ParOldGen: 4002K->4002K(4096K)] 5019K->4917K(5632K), [Metaspace: 20796K->20796K(1069056K)], 0.0108023 secs] [Times: user=0.00 sys=0.00, real=0.01 secs] 
9.938: [Full GC (Ergonomics) [PSYoungGen: 1018K->922K(1536K)] [ParOldGen: 4002K->4002K(4096K)] 5020K->4924K(5632K), [Metaspace: 20797K->20797K(1069056K)], 0.0110057 secs] [Times: user=0.00 sys=0.00, real=0.01 secs] 
9.950: [Full GC (Ergonomics) [PSYoungGen: 1022K->946K(1536K)] [ParOldGen: 4002K->4002K(4096K)] 5024K->4948K(5632K), [Metaspace: 20797K->20797K(1069056K)], 0.0108783 secs] [Times: user=0.01 sys=0.00, real=0.01 secs] 
9.961: [Full GC (Ergonomics) [PSYoungGen: 1020K->981K(1536K)] [ParOldGen: 4002K->4002K(4096K)] 5022K->4983K(5632K), [Metaspace: 20797K->20797K(1069056K)], 0.0105119 secs] [Times: user=0.11 sys=0.00, real=0.01 secs] 
9.972: [Full GC (Ergonomics) [PSYoungGen: 1022K->1020K(1536K)] [ParOldGen: 4002K->4002K(4096K)] 5024K->5022K(5632K), [Metaspace: 20797K->20797K(1069056K)], 0.0121017 secs] [Times: user=0.11 sys=0.00, real=0.01 secs] 
9.984: [Full GC (Ergonomics) [PSYoungGen: 1024K->940K(1536K)] [ParOldGen: 4025K->4025K(4096K)] 5049K->4966K(5632K), [Metaspace: 20797K->20797K(1069056K)], 0.0115988 secs] [Times: user=0.00 sys=0.00, real=0.01 secs] 
9.996: [Full GC (Ergonomics) [PSYoungGen: 1024K->956K(1536K)] [ParOldGen: 4025K->4005K(4096K)] 5049K->4962K(5632K), [Metaspace: 20797K->20797K(1069056K)], 0.0107725 secs] [Times: user=0.02 sys=0.00, real=0.01 secs] 
10.008: [Full GC (Ergonomics) [PSYoungGen: 1024K->961K(1536K)] [ParOldGen: 4005K->4005K(4096K)] 5029K->4966K(5632K), [Metaspace: 20797K->20797K(1069056K)], 0.0116011 secs] [Times: user=0.01 sys=0.00, real=0.01 secs] 
10.021: [Full GC (Ergonomics) [PSYoungGen: 1016K->964K(1536K)] [ParOldGen: 4005K->4005K(4096K)] 5021K->4970K(5632K), [Metaspace: 20797K->20797K(1069056K)], 0.0107577 secs] [Times: user=0.13 sys=0.00, real=0.01 secs] 
10.032: [Full GC (Ergonomics) [PSYoungGen: 1024K->963K(1536K)] [ParOldGen: 4005K->4005K(4096K)] 5029K->4969K(5632K), [Metaspace: 20797K->20797K(1069056K)], 0.0114110 secs] [Times: user=0.00 sys=0.00, real=0.01 secs] 
10.045: [Full GC (Ergonomics) [PSYoungGen: 1024K->962K(1536K)] [ParOldGen: 4005K->4005K(4096K)] 5029K->4968K(5632K), [Metaspace: 20797K->20797K(1069056K)], 0.0127235 secs] [Times: user=0.08 sys=0.00, real=0.01 secs] 
10.058: [Full GC (Ergonomics) [PSYoungGen: 1024K->966K(1536K)] [ParOldGen: 4005K->4005K(4096K)] 5029K->4972K(5632K), [Metaspace: 20797K->20797K(1069056K)], 0.0128242 secs] [Times: user=0.02 sys=0.00, real=0.01 secs] 
10.072: [Full GC (Ergonomics) [PSYoungGen: 1024K->965K(1536K)] [ParOldGen: 4005K->4005K(4096K)] 5029K->4971K(5632K), [Metaspace: 20797K->20797K(1069056K)], 0.0126743 secs] [Times: user=0.02 sys=0.00, real=0.01 secs] 
10.085: [Full GC (Ergonomics) [PSYoungGen: 1017K->971K(1536K)] [ParOldGen: 4005K->4005K(4096K)] 5022K->4976K(5632K), [Metaspace: 20797K->20797K(1069056K)], 0.0100736 secs] [Times: user=0.13 sys=0.00, real=0.01 secs] 
10.096: [Full GC (Ergonomics) [PSYoungGen: 1024K->974K(1536K)] [ParOldGen: 4005K->4005K(4096K)] 5029K->4979K(5632K), [Metaspace: 20797K->20797K(1069056K)], 0.0102528 secs] [Times: user=0.00 sys=0.00, real=0.01 secs] 
10.107: [Full GC (Ergonomics) [PSYoungGen: 1017K->973K(1536K)] [ParOldGen: 4005K->4005K(4096K)] 5022K->4979K(5632K), [Metaspace: 20797K->20797K(1069056K)], 0.0125007 secs] [Times: user=0.01 sys=0.00, real=0.01 secs] 
10.119: [Full GC (Ergonomics) [PSYoungGen: 1009K->999K(1536K)] [ParOldGen: 4005K->4005K(4096K)] 5015K->5005K(5632K), [Metaspace: 20797K->20797K(1069056K)], 0.0127587 secs] [Times: user=0.02 sys=0.00, real=0.01 secs] 
10.132: [Full GC (Ergonomics) [PSYoungGen: 1017K->1007K(1536K)] [ParOldGen: 4005K->4005K(4096K)] 5023K->5013K(5632K), [Metaspace: 20797K->20797K(1069056K)], 0.0139514 secs] [Times: user=0.01 sys=0.00, real=0.01 secs] 
10.147: [Full GC (Ergonomics) [PSYoungGen: 1024K->994K(1536K)] [ParOldGen: 4095K->4029K(4096K)] 5119K->5024K(5632K), [Metaspace: 20797K->20797K(1069056K)], 0.0140589 secs] [Times: user=0.02 sys=0.00, real=0.01 secs] 
10.162: [Full GC (Ergonomics) [PSYoungGen: 1024K->998K(1536K)] [ParOldGen: 4029K->4012K(4096K)] 5053K->5010K(5632K), [Metaspace: 20797K->20797K(1069056K)], 0.0138991 secs] [Times: user=0.09 sys=0.00, real=0.01 secs] 
10.176: [Full GC (Ergonomics) [PSYoungGen: 1024K->1010K(1536K)] [ParOldGen: 4012K->4012K(4096K)] 5036K->5022K(5632K), [Metaspace: 20797K->20797K(1069056K)], 0.0114193 secs] [Times: user=0.11 sys=0.00, real=0.01 secs] 
10.188: [Full GC (Ergonomics) [PSYoungGen: 1024K->1015K(1536K)] [ParOldGen: 4012K->4012K(4096K)] 5036K->5027K(5632K), [Metaspace: 20797K->20797K(1069056K)], 0.0118841 secs] [Times: user=0.00 sys=0.00, real=0.01 secs] 
10.200: [Full GC (Ergonomics) [PSYoungGen: 1024K->1018K(1536K)] [ParOldGen: 4012K->4012K(4096K)] 5036K->5031K(5632K), [Metaspace: 20797K->20797K(1069056K)], 0.0112737 secs] [Times: user=0.02 sys=0.00, real=0.01 secs] 
10.211: [Full GC (Ergonomics) [PSYoungGen: 1024K->1020K(1536K)] [ParOldGen: 4012K->4012K(4096K)] 5036K->5033K(5632K), [Metaspace: 20797K->20797K(1069056K)], 0.0132375 secs] [Times: user=0.01 sys=0.00, real=0.01 secs] 
10.225: [Full GC (Ergonomics) [PSYoungGen: 1024K->1022K(1536K)] [ParOldGen: 4012K->4012K(4096K)] 5036K->5034K(5632K), [Metaspace: 20797K->20797K(1069056K)], 0.0115718 secs] [Times: user=0.09 sys=0.00, real=0.01 secs] 
10.237: [Full GC (Ergonomics) [PSYoungGen: 1024K->1022K(1536K)] [ParOldGen: 4012K->4012K(4096K)] 5036K->5035K(5632K), [Metaspace: 20797K->20797K(1069056K)], 0.0126899 secs] [Times: user=0.00 sys=0.00, real=0.01 secs] 
10.250: [Full GC (Ergonomics) [PSYoungGen: 1024K->1023K(1536K)] [ParOldGen: 4012K->4012K(4096K)] 5036K->5035K(5632K), [Metaspace: 20797K->20797K(1069056K)], 0.0131106 secs] [Times: user=0.11 sys=0.00, real=0.01 secs] 
10.263: [Full GC (Ergonomics) [PSYoungGen: 1024K->1023K(1536K)] [ParOldGen: 4012K->4012K(4096K)] 5036K->5036K(5632K), [Metaspace: 20797K->20797K(1069056K)], 0.0125926 secs] [Times: user=0.09 sys=0.00, real=0.01 secs] 
10.276: [Full GC (Ergonomics) [PSYoungGen: 1024K->1023K(1536K)] [ParOldGen: 4012K->4012K(4096K)] 5036K->5036K(5632K), [Metaspace: 20797K->20797K(1069056K)], 0.0116739 secs] [Times: user=0.02 sys=0.00, real=0.01 secs] 
10.288: [Full GC (Ergonomics) [PSYoungGen: 1024K->1023K(1536K)] [ParOldGen: 4012K->4012K(4096K)] 5036K->5036K(5632K), [Metaspace: 20797K->20797K(1069056K)], 0.0173198 secs] [Times: user=0.02 sys=0.00, real=0.02 secs] 
10.305: [Full GC (Ergonomics) [PSYoungGen: 1024K->1023K(1536K)] [ParOldGen: 4014K->4013K(4096K)] 5038K->5037K(5632K), [Metaspace: 20797K->20797K(1069056K)], 0.0145288 secs] [Times: user=0.01 sys=0.00, real=0.02 secs] 
10.320: [Full GC (Ergonomics) [PSYoungGen: 1024K->1023K(1536K)] [ParOldGen: 4013K->4013K(4096K)] 5037K->5037K(5632K), [Metaspace: 20797K->20797K(1069056K)], 0.0109502 secs] [Times: user=0.02 sys=0.00, real=0.01 secs] 
10.331: [Full GC (Ergonomics) [PSYoungGen: 1023K->1023K(1536K)] [ParOldGen: 4013K->4013K(4096K)] 5037K->5037K(5632K), [Metaspace: 20797K->20797K(1069056K)], 0.0102935 secs] [Times: user=0.00 sys=0.00, real=0.01 secs] 
10.342: [Full GC (Ergonomics) [PSYoungGen: 1023K->1023K(1536K)] [ParOldGen: 4015K->4014K(4096K)] 5039K->5038K(5632K), [Metaspace: 20797K->20797K(1069056K)], 0.0110521 secs] [Times: user=0.09 sys=0.00, real=0.01 secs] 
10.353: [Full GC (Ergonomics) [PSYoungGen: 1024K->1023K(1536K)] [ParOldGen: 4014K->4014K(4096K)] 5038K->5038K(5632K), [Metaspace: 20797K->20797K(1069056K)], 0.0106393 secs] [Times: user=0.01 sys=0.00, real=0.01 secs] 
10.364: [Full GC (Ergonomics) [PSYoungGen: 1024K->1023K(1536K)] [ParOldGen: 4014K->4014K(4096K)] 5038K->5038K(5632K), [Metaspace: 20797K->20797K(1069056K)], 0.0102886 secs] [Times: user=0.00 sys=0.00, real=0.01 secs] 
10.374: [Full GC (Ergonomics) [PSYoungGen: 1024K->1023K(1536K)] [ParOldGen: 4014K->4014K(4096K)] 5038K->5038K(5632K), [Metaspace: 20797K->20797K(1069056K)], 0.0104744 secs] [Times: user=0.13 sys=0.00, real=0.01 secs] 
10.385: [Full GC (Ergonomics) [PSYoungGen: 1024K->1023K(1536K)] [ParOldGen: 4014K->4014K(4096K)] 5038K->5037K(5632K), [Metaspace: 20797K->20797K(1069056K)], 0.0103378 secs] [Times: user=0.02 sys=0.00, real=0.01 secs] 
10.395: [Full GC (Ergonomics) [PSYoungGen: 1024K->1023K(1536K)] [ParOldGen: 4014K->4014K(4096K)] 5038K->5037K(5632K), [Metaspace: 20797K->20797K(1069056K)], 0.0112705 secs] [Times: user=0.13 sys=0.00, real=0.01 secs] 
10.407: [Full GC (Ergonomics) [PSYoungGen: 1024K->1023K(1536K)] [ParOldGen: 4014K->4014K(4096K)] 5038K->5037K(5632K), [Metaspace: 20797K->20797K(1069056K)], 0.0105674 secs] [Times: user=0.00 sys=0.00, real=0.01 secs] 
10.417: [Full GC (Ergonomics) [PSYoungGen: 1024K->1023K(1536K)] [ParOldGen: 4014K->4014K(4096K)] 5038K->5037K(5632K), [Metaspace: 20797K->20797K(1069056K)], 0.0104877 secs] [Times: user=0.01 sys=0.00, real=0.01 secs] 
10.428: [Full GC (Ergonomics) [PSYoungGen: 1024K->1018K(1536K)] [ParOldGen: 4014K->4014K(4096K)] 5038K->5032K(5632K), [Metaspace: 20797K->20797K(1069056K)], 0.0099026 secs] [Times: user=0.13 sys=0.00, real=0.01 secs] 
10.438: [Full GC (Ergonomics) [PSYoungGen: 1024K->1021K(1536K)] [ParOldGen: 4014K->4014K(4096K)] 5038K->5035K(5632K), [Metaspace: 20797K->20797K(1069056K)], 0.0113815 secs] [Times: user=0.00 sys=0.00, real=0.01 secs] 
10.450: [Full GC (Ergonomics) [PSYoungGen: 1024K->1021K(1536K)] [ParOldGen: 4014K->4014K(4096K)] 5038K->5036K(5632K), [Metaspace: 20797K->20797K(1069056K)], 0.0102588 secs] [Times: user=0.02 sys=0.00, real=0.01 secs] 
10.460: [Full GC (Ergonomics) [PSYoungGen: 1024K->1022K(1536K)] [ParOldGen: 4014K->4014K(4096K)] 5038K->5036K(5632K), [Metaspace: 20797K->20797K(1069056K)], 0.0104243 secs] [Times: user=0.13 sys=0.00, real=0.01 secs] 
10.471: [Full GC (Ergonomics) [PSYoungGen: 1024K->1022K(1536K)] [ParOldGen: 4014K->4014K(4096K)] 5038K->5036K(5632K), [Metaspace: 20797K->20797K(1069056K)], 0.0099496 secs] [Times: user=0.00 sys=0.00, real=0.01 secs] 
10.481: [Full GC (Ergonomics) [PSYoungGen: 1024K->1022K(1536K)] [ParOldGen: 4014K->4014K(4096K)] 5038K->5036K(5632K), [Metaspace: 20797K->20797K(1069056K)], 0.0101035 secs] [Times: user=0.02 sys=0.00, real=0.01 secs] 
10.491: [Full GC (Ergonomics) [PSYoungGen: 1024K->1023K(1536K)] [ParOldGen: 4014K->4014K(4096K)] 5038K->5037K(5632K), [Metaspace: 20797K->20797K(1069056K)], 0.0115524 secs] [Times: user=0.02 sys=0.00, real=0.01 secs] 
10.503: [Full GC (Ergonomics) [PSYoungGen: 1024K->1023K(1536K)] [ParOldGen: 4014K->4013K(4096K)] 5038K->5037K(5632K), [Metaspace: 20797K->20797K(1069056K)], 0.0167503 secs] [Times: user=0.11 sys=0.02, real=0.02 secs] 
10.520: [Full GC (Ergonomics) [PSYoungGen: 1024K->1023K(1536K)] [ParOldGen: 4013K->4013K(4096K)] 5037K->5037K(5632K), [Metaspace: 20797K->20797K(1069056K)], 0.0107719 secs] [Times: user=0.00 sys=0.00, real=0.01 secs] 
10.531: [Full GC (Ergonomics) [PSYoungGen: 1024K->1023K(1536K)] [ParOldGen: 4013K->4013K(4096K)] 5037K->5037K(5632K), [Metaspace: 20797K->20797K(1069056K)], 0.0109702 secs] [Times: user=0.03 sys=0.00, real=0.01 secs] 
10.542: [Full GC (Ergonomics) [PSYoungGen: 1024K->1023K(1536K)] [ParOldGen: 4013K->4013K(4096K)] 5037K->5037K(5632K), [Metaspace: 20797K->20797K(1069056K)], 0.0136525 secs] [Times: user=0.02 sys=0.00, real=0.01 secs] 
10.556: [Full GC (Ergonomics) [PSYoungGen: 1023K->1020K(1536K)] [ParOldGen: 4013K->4013K(4096K)] 5037K->5034K(5632K), [Metaspace: 20797K->20797K(1069056K)], 0.0131191 secs] [Times: user=0.01 sys=0.00, real=0.01 secs] 
10.569: [Full GC (Ergonomics) [PSYoungGen: 1024K->1020K(1536K)] [ParOldGen: 4013K->4013K(4096K)] 5037K->5034K(5632K), [Metaspace: 20797K->20797K(1069056K)], 0.0196818 secs] [Times: user=0.02 sys=0.00, real=0.02 secs] 
10.589: [Full GC (Ergonomics) [PSYoungGen: 1024K->1020K(1536K)] [ParOldGen: 4013K->4013K(4096K)] 5037K->5034K(5632K), [Metaspace: 20797K->20797K(1069056K)], 0.0240264 secs] [Times: user=0.06 sys=0.00, real=0.02 secs] 
10.614: [Full GC (Ergonomics) [PSYoungGen: 1024K->1021K(1536K)] [ParOldGen: 4013K->4013K(4096K)] 5037K->5034K(5632K), [Metaspace: 20797K->20797K(1069056K)], 0.0290750 secs] [Times: user=0.08 sys=0.00, real=0.03 secs] 
10.643: [Full GC (Ergonomics) [PSYoungGen: 1024K->1022K(1536K)] [ParOldGen: 4013K->4013K(4096K)] 5037K->5036K(5632K), [Metaspace: 20797K->20797K(1069056K)], 0.0226924 secs] [Times: user=0.02 sys=0.00, real=0.02 secs] 
10.666: [Full GC (Ergonomics) [PSYoungGen: 1024K->1023K(1536K)] [ParOldGen: 4013K->4013K(4096K)] 5037K->5036K(5632K), [Metaspace: 20797K->20797K(1069056K)], 0.0278294 secs] [Times: user=0.05 sys=0.00, real=0.03 secs] 
10.694: [Full GC (Ergonomics) [PSYoungGen: 1024K->1023K(1536K)] [ParOldGen: 4013K->4013K(4096K)] 5037K->5037K(5632K), [Metaspace: 20797K->20797K(1069056K)], 0.0250038 secs] [Times: user=0.02 sys=0.00, real=0.03 secs] 
10.719: [Full GC (Ergonomics) [PSYoungGen: 1024K->1023K(1536K)] [ParOldGen: 4013K->4013K(4096K)] 5037K->5037K(5632K), [Metaspace: 20797K->20797K(1069056K)], 0.0208941 secs] [Times: user=0.01 sys=0.00, real=0.02 secs] 
10.741: [Full GC (Ergonomics) [PSYoungGen: 1024K->1024K(1536K)] [ParOldGen: 4013K->4013K(4096K)] 5037K->5037K(5632K), [Metaspace: 20797K->20797K(1069056K)], 0.0175482 secs] [Times: user=0.02 sys=0.00, real=0.02 secs] 
10.758: [Full GC (Ergonomics) [PSYoungGen: 1024K->1016K(1536K)] [ParOldGen: 4015K->4013K(4096K)] 5039K->5029K(5632K), [Metaspace: 20797K->20797K(1069056K)], 0.0297736 secs] [Times: user=0.06 sys=0.00, real=0.03 secs] 
10.789: [Full GC (Ergonomics) [PSYoungGen: 1024K->1016K(1536K)] [ParOldGen: 4013K->4013K(4096K)] 5037K->5029K(5632K), [Metaspace: 20797K->20797K(1069056K)], 0.0210833 secs] [Times: user=0.02 sys=0.00, real=0.02 secs] 
10.811: [Full GC (Ergonomics) [PSYoungGen: 1024K->1008K(1536K)] [ParOldGen: 4013K->4003K(4096K)] 5037K->5011K(5632K), [Metaspace: 20797K->20778K(1069056K)], 0.0308986 secs] [Times: user=0.08 sys=0.00, real=0.03 secs] 
10.842: [Full GC (Ergonomics) [PSYoungGen: 1024K->1008K(1536K)] [ParOldGen: 4003K->4003K(4096K)] 5027K->5011K(5632K), [Metaspace: 20778K->20778K(1069056K)], 0.0274104 secs] [Times: user=0.03 sys=0.00, real=0.03 secs] 
10.870: [Full GC (Ergonomics) [PSYoungGen: 1024K->1007K(1536K)] [ParOldGen: 4003K->3995K(4096K)] 5027K->5003K(5632K), [Metaspace: 20778K->20759K(1069056K)], 0.0271274 secs] [Times: user=0.06 sys=0.00, real=0.03 secs] 
10.897: [Full GC (Ergonomics) [PSYoungGen: 1024K->1008K(1536K)] [ParOldGen: 3995K->3983K(4096K)] 5019K->4992K(5632K), [Metaspace: 20759K->20737K(1069056K)], 0.0254785 secs] [Times: user=0.06 sys=0.00, real=0.03 secs] 
10.923: [Full GC (Ergonomics) [PSYoungGen: 1024K->1008K(1536K)] [ParOldGen: 3983K->3983K(4096K)] 5007K->4992K(5632K), [Metaspace: 20737K->20737K(1069056K)], 0.0278929 secs] [Times: user=0.02 sys=0.00, real=0.03 secs] 
10.951: [Full GC (Ergonomics) [PSYoungGen: 1021K->1015K(1536K)] [ParOldGen: 3983K->3983K(4096K)] 5005K->4999K(5632K), [Metaspace: 20737K->20737K(1069056K)], 0.0372977 secs] [Times: user=0.14 sys=0.00, real=0.04 secs] 
10.990: [Full GC (Ergonomics) [PSYoungGen: 1024K->1018K(1536K)] [ParOldGen: 3983K->3983K(4096K)] 5007K->5001K(5632K), [Metaspace: 20737K->20737K(1069056K)], 0.0282228 secs] [Times: user=0.06 sys=0.00, real=0.03 secs] 
11.018: [Full GC (Ergonomics) [PSYoungGen: 1024K->1014K(1536K)] [ParOldGen: 3983K->3983K(4096K)] 5007K->4997K(5632K), [Metaspace: 20740K->20740K(1069056K)], 0.0208256 secs] [Times: user=0.02 sys=0.00, real=0.02 secs] 
11.040: [Full GC (Ergonomics) [PSYoungGen: 1024K->1011K(1536K)] [ParOldGen: 3983K->3983K(4096K)] 5007K->4995K(5632K), [Metaspace: 20741K->20741K(1069056K)], 0.0267497 secs] [Times: user=0.02 sys=0.00, real=0.03 secs] 
11.067: [Full GC (Ergonomics) [PSYoungGen: 1024K->1012K(1536K)] [ParOldGen: 3983K->3983K(4096K)] 5007K->4995K(5632K), [Metaspace: 20741K->20741K(1069056K)], 0.0269417 secs] [Times: user=0.02 sys=0.00, real=0.03 secs] 
11.094: [Full GC (Ergonomics) [PSYoungGen: 1024K->1011K(1536K)] [ParOldGen: 3983K->3983K(4096K)] 5007K->4995K(5632K), [Metaspace: 20745K->20745K(1069056K)], 0.0278474 secs] [Times: user=0.02 sys=0.00, real=0.03 secs] 
11.123: [Full GC (Ergonomics) [PSYoungGen: 1024K->1012K(1536K)] [ParOldGen: 3983K->3983K(4096K)] 5007K->4996K(5632K), [Metaspace: 20745K->20745K(1069056K)], 0.0230403 secs] [Times: user=0.11 sys=0.00, real=0.02 secs] 
11.146: [Full GC (Ergonomics) [PSYoungGen: 1024K->1012K(1536K)] [ParOldGen: 3983K->3983K(4096K)] 5007K->4996K(5632K), [Metaspace: 20745K->20745K(1069056K)], 0.0215478 secs] [Times: user=0.02 sys=0.00, real=0.02 secs] 
11.168: [Full GC (Ergonomics) [PSYoungGen: 1024K->1014K(1536K)] [ParOldGen: 3983K->3983K(4096K)] 5007K->4997K(5632K), [Metaspace: 20745K->20745K(1069056K)], 0.0220777 secs] [Times: user=0.11 sys=0.00, real=0.02 secs] 
11.190: [Full GC (Ergonomics) [PSYoungGen: 1024K->902K(1536K)] [ParOldGen: 3983K->3970K(4096K)] 5007K->4873K(5632K), [Metaspace: 20745K->20745K(1069056K)], 0.0183757 secs] [Times: user=0.02 sys=0.00, real=0.02 secs] 
11.210: [Full GC (Ergonomics) [PSYoungGen: 1024K->915K(1536K)] [ParOldGen: 3970K->3969K(4096K)] 4994K->4885K(5632K), [Metaspace: 20752K->20752K(1069056K)], 0.0243973 secs] [Times: user=0.03 sys=0.00, real=0.03 secs] 
11.236: [Full GC (Ergonomics) [PSYoungGen: 1024K->929K(1536K)] [ParOldGen: 3969K->3969K(4096K)] 4993K->4898K(5632K), [Metaspace: 20765K->20765K(1069056K)], 0.0252495 secs] [Times: user=0.01 sys=0.00, real=0.03 secs] 
11.262: [Full GC (Ergonomics) [PSYoungGen: 1017K->913K(1536K)] [ParOldGen: 3969K->3968K(4096K)] 4986K->4881K(5632K), [Metaspace: 20773K->20773K(1069056K)], 0.0314154 secs] [Times: user=0.08 sys=0.00, real=0.03 secs] 
11.294: [Full GC (Ergonomics) [PSYoungGen: 980K->938K(1536K)] [ParOldGen: 3968K->3968K(4096K)] 4949K->4907K(5632K), [Metaspace: 20773K->20773K(1069056K)], 0.0274909 secs] [Times: user=0.11 sys=0.00, real=0.03 secs] 
11.322: [Full GC (Ergonomics) [PSYoungGen: 1024K->1006K(1536K)] [ParOldGen: 3968K->3968K(4096K)] 4992K->4975K(5632K), [Metaspace: 20777K->20777K(1069056K)], 0.0159607 secs] [Times: user=0.02 sys=0.00, real=0.02 secs] 
11.340: [Full GC (Ergonomics) [PSYoungGen: 1024K->994K(1536K)] [ParOldGen: 4095K->4017K(4096K)] 5119K->5011K(5632K), [Metaspace: 20818K->20818K(1069056K)], 0.0233213 secs] [Times: user=0.06 sys=0.00, real=0.02 secs] 
11.364: [Full GC (Ergonomics) [PSYoungGen: 1024K->962K(1536K)] [ParOldGen: 4017K->3970K(4096K)] 5041K->4933K(5632K), [Metaspace: 20827K->20827K(1069056K)], 0.0176805 secs] [Times: user=0.02 sys=0.00, real=0.02 secs] 
11.382: [Full GC (Ergonomics) [PSYoungGen: 1024K->966K(1536K)] [ParOldGen: 3970K->3970K(4096K)] 4994K->4936K(5632K), [Metaspace: 20828K->20828K(1069056K)], 0.0177129 secs] [Times: user=0.02 sys=0.00, real=0.02 secs] 
11.400: [Full GC (Ergonomics) [PSYoungGen: 1022K->967K(1536K)] [ParOldGen: 3970K->3969K(4096K)] 4993K->4937K(5632K), [Metaspace: 20828K->20828K(1069056K)], 0.0299483 secs] [Times: user=0.08 sys=0.00, real=0.03 secs] 
11.431: [Full GC (Ergonomics) [PSYoungGen: 1023K->965K(1536K)] [ParOldGen: 3969K->3969K(4096K)] 4993K->4935K(5632K), [Metaspace: 20837K->20837K(1069056K)], 0.0257570 secs] [Times: user=0.06 sys=0.00, real=0.03 secs] 
11.458: [Full GC (Ergonomics) [PSYoungGen: 1024K->971K(1536K)] [ParOldGen: 3969K->3969K(4096K)] 4993K->4940K(5632K), [Metaspace: 20842K->20842K(1069056K)], 0.0243956 secs] [Times: user=0.02 sys=0.00, real=0.02 secs] 
11.483: [Full GC (Ergonomics) [PSYoungGen: 1024K->970K(1536K)] [ParOldGen: 3969K->3969K(4096K)] 4993K->4940K(5632K), [Metaspace: 20848K->20848K(1069056K)], 0.0190808 secs] [Times: user=0.14 sys=0.00, real=0.02 secs] 
11.503: [Full GC (Ergonomics) [PSYoungGen: 1024K->976K(1536K)] [ParOldGen: 3969K->3969K(4096K)] 4993K->4945K(5632K), [Metaspace: 20853K->20853K(1069056K)], 0.0261174 secs] [Times: user=0.02 sys=0.00, real=0.03 secs] 
11.530: [Full GC (Ergonomics) [PSYoungGen: 1024K->972K(1536K)] [ParOldGen: 3969K->3969K(4096K)] 4993K->4942K(5632K), [Metaspace: 20856K->20856K(1069056K)], 0.0200607 secs] [Times: user=0.11 sys=0.00, real=0.02 secs] 
11.551: [Full GC (Ergonomics) [PSYoungGen: 1024K->991K(1536K)] [ParOldGen: 3969K->3969K(4096K)] 4993K->4960K(5632K), [Metaspace: 20856K->20856K(1069056K)], 0.0299904 secs] [Times: user=0.06 sys=0.00, real=0.03 secs] 
11.581: [Full GC (Ergonomics) [PSYoungGen: 1023K->991K(1536K)] [ParOldGen: 3969K->3969K(4096K)] 4993K->4960K(5632K), [Metaspace: 20866K->20866K(1069056K)], 0.0252734 secs] [Times: user=0.02 sys=0.00, real=0.03 secs] 
11.607: [Full GC (Ergonomics) [PSYoungGen: 1024K->982K(1536K)] [ParOldGen: 3969K->3969K(4096K)] 4993K->4951K(5632K), [Metaspace: 20866K->20866K(1069056K)], 0.0252157 secs] [Times: user=0.08 sys=0.00, real=0.03 secs] 
11.633: [Full GC (Ergonomics) [PSYoungGen: 1023K->984K(1536K)] [ParOldGen: 3969K->3957K(4096K)] 4993K->4942K(5632K), [Metaspace: 20870K->20870K(1069056K)], 0.0329673 secs] [Times: user=0.05 sys=0.00, real=0.03 secs] 
11.668: [Full GC (Ergonomics) [PSYoungGen: 1024K->996K(1536K)] [ParOldGen: 3957K->3957K(4096K)] 4981K->4953K(5632K), [Metaspace: 20874K->20874K(1069056K)], 0.0215412 secs] [Times: user=0.14 sys=0.00, real=0.02 secs] 
11.690: [Full GC (Ergonomics) [PSYoungGen: 1024K->1007K(1536K)] [ParOldGen: 3957K->3957K(4096K)] 4981K->4964K(5632K), [Metaspace: 20874K->20874K(1069056K)], 0.0217298 secs] [Times: user=0.02 sys=0.00, real=0.02 secs] 
11.712: [Full GC (Ergonomics) [PSYoungGen: 1024K->1007K(1536K)] [ParOldGen: 3957K->3957K(4096K)] 4981K->4964K(5632K), [Metaspace: 20888K->20888K(1069056K)], 0.0183114 secs] [Times: user=0.01 sys=0.00, real=0.02 secs] 
11.731: [Full GC (Ergonomics) [PSYoungGen: 1024K->987K(1536K)] [ParOldGen: 3957K->3957K(4096K)] 4981K->4944K(5632K), [Metaspace: 20891K->20891K(1069056K)], 0.0298530 secs] [Times: user=0.14 sys=0.00, real=0.03 secs] 
11.762: [Full GC (Ergonomics) [PSYoungGen: 1024K->996K(1536K)] [ParOldGen: 3957K->3956K(4096K)] 4981K->4953K(5632K), [Metaspace: 20895K->20895K(1069056K)], 0.0344533 secs] [Times: user=0.05 sys=0.00, real=0.03 secs] 
11.797: [Full GC (Ergonomics) [PSYoungGen: 1024K->999K(1536K)] [ParOldGen: 3956K->3952K(4096K)] 4980K->4952K(5632K), [Metaspace: 20899K->20887K(1069056K)], 0.0379702 secs] [Times: user=0.05 sys=0.00, real=0.04 secs] 
11.836: [GC (Allocation Failure) --[PSYoungGen: 1024K->1024K(1536K)] 4976K->5112K(5632K), 0.0077969 secs] [Times: user=0.02 sys=0.00, real=0.01 secs] 
11.844: [Full GC (Ergonomics) [PSYoungGen: 1024K->871K(1536K)] [ParOldGen: 4088K->4084K(4096K)] 5112K->4956K(5632K), [Metaspace: 20891K->20891K(1069056K)], 0.0264351 secs] [Times: user=0.02 sys=0.00, real=0.03 secs] 
11.878: [Full GC (Ergonomics) [PSYoungGen: 1024K->883K(1536K)] [ParOldGen: 4084K->4080K(4096K)] 5108K->4964K(5632K), [Metaspace: 20899K->20899K(1069056K)], 0.0308178 secs] [Times: user=0.09 sys=0.00, real=0.03 secs] 
11.911: [Full GC (Ergonomics) [PSYoungGen: 1022K->895K(1536K)] [ParOldGen: 4080K->4080K(4096K)] 5103K->4975K(5632K), [Metaspace: 20906K->20906K(1069056K)], 0.0226557 secs] [Times: user=0.02 sys=0.00, real=0.02 secs] 
11.935: [Full GC (Ergonomics) [PSYoungGen: 1024K->905K(1536K)] [ParOldGen: 4080K->4080K(4096K)] 5104K->4985K(5632K), [Metaspace: 20914K->20914K(1069056K)], 0.0239599 secs] [Times: user=0.16 sys=0.00, real=0.02 secs] 
11.960: [Full GC (Ergonomics) [PSYoungGen: 1020K->917K(1536K)] [ParOldGen: 4080K->4080K(4096K)] 5100K->4998K(5632K), [Metaspace: 20917K->20917K(1069056K)], 0.0168129 secs] [Times: user=0.02 sys=0.00, real=0.02 secs] 
11.978: [Full GC (Ergonomics) [PSYoungGen: 1024K->906K(1536K)] [ParOldGen: 4080K->4080K(4096K)] 5104K->4987K(5632K), [Metaspace: 20931K->20931K(1069056K)], 0.0153682 secs] [Times: user=0.02 sys=0.00, real=0.02 secs] 
11.995: [Full GC (Ergonomics) [PSYoungGen: 1020K->944K(1536K)] [ParOldGen: 4080K->4080K(4096K)] 5101K->5024K(5632K), [Metaspace: 20938K->20938K(1069056K)], 0.0135338 secs] [Times: user=0.01 sys=0.00, real=0.01 secs] 
12.009: [Full GC (Ergonomics) [PSYoungGen: 1011K->962K(1536K)] [ParOldGen: 4080K->4080K(4096K)] 5092K->5042K(5632K), [Metaspace: 20938K->20938K(1069056K)], 0.0109212 secs] [Times: user=0.02 sys=0.00, real=0.01 secs] 
12.020: [Full GC (Ergonomics) [PSYoungGen: 1024K->897K(1536K)] [ParOldGen: 4080K->4080K(4096K)] 5104K->4977K(5632K), [Metaspace: 20970K->20970K(1069056K)], 0.0107730 secs] [Times: user=0.00 sys=0.00, real=0.01 secs] 
12.032: [Full GC (Ergonomics) [PSYoungGen: 1020K->912K(1536K)] [ParOldGen: 4080K->4080K(4096K)] 5100K->4992K(5632K), [Metaspace: 20980K->20980K(1069056K)], 0.0116798 secs] [Times: user=0.00 sys=0.00, real=0.01 secs] 
12.044: [Full GC (Ergonomics) [PSYoungGen: 1023K->888K(1536K)] [ParOldGen: 4080K->4080K(4096K)] 5104K->4968K(5632K), [Metaspace: 20986K->20986K(1069056K)], 0.0131828 secs] [Times: user=0.13 sys=0.00, real=0.01 secs] 
12.067: [Full GC (Ergonomics) [PSYoungGen: 1021K->907K(1536K)] [ParOldGen: 4080K->4080K(4096K)] 5101K->4988K(5632K), [Metaspace: 20988K->20988K(1069056K)], 0.0288415 secs] [Times: user=0.14 sys=0.00, real=0.03 secs] 
12.098: [Full GC (Ergonomics) [PSYoungGen: 1024K->911K(1536K)] [ParOldGen: 4080K->4080K(4096K)] 5104K->4991K(5632K), [Metaspace: 20997K->20997K(1069056K)], 0.0202442 secs] [Times: user=0.02 sys=0.00, real=0.02 secs] 
12.119: [Full GC (Ergonomics) [PSYoungGen: 1024K->902K(1536K)] [ParOldGen: 4080K->4080K(4096K)] 5104K->4982K(5632K), [Metaspace: 21007K->21007K(1069056K)], 0.0198249 secs] [Times: user=0.02 sys=0.00, real=0.02 secs] 
12.140: [Full GC (Ergonomics) [PSYoungGen: 1017K->904K(1536K)] [ParOldGen: 4080K->4080K(4096K)] 5098K->4984K(5632K), [Metaspace: 21014K->21014K(1069056K)], 0.0112071 secs] [Times: user=0.00 sys=0.00, real=0.01 secs] 
12.152: [Full GC (Ergonomics) [PSYoungGen: 1023K->906K(1536K)] [ParOldGen: 4080K->4080K(4096K)] 5103K->4987K(5632K), [Metaspace: 21019K->21019K(1069056K)], 0.0186311 secs] [Times: user=0.02 sys=0.00, real=0.02 secs] 
12.172: [Full GC (Ergonomics) [PSYoungGen: 1024K->921K(1536K)] [ParOldGen: 4080K->4080K(4096K)] 5104K->5002K(5632K), [Metaspace: 21024K->21024K(1069056K)], 0.0181643 secs] [Times: user=0.11 sys=0.00, real=0.02 secs] 
12.191: [Full GC (Ergonomics) [PSYoungGen: 1017K->955K(1536K)] [ParOldGen: 4080K->4080K(4096K)] 5098K->5035K(5632K), [Metaspace: 21024K->21024K(1069056K)], 0.0221696 secs] [Times: user=0.11 sys=0.00, real=0.02 secs] 
12.213: [Full GC (Ergonomics) [PSYoungGen: 1024K->965K(1536K)] [ParOldGen: 4080K->4080K(4096K)] 5104K->5045K(5632K), [Metaspace: 21030K->21030K(1069056K)], 0.0124592 secs] [Times: user=0.02 sys=0.00, real=0.01 secs] 
12.227: [Full GC (Ergonomics) [PSYoungGen: 1023K->917K(1536K)] [ParOldGen: 4080K->4080K(4096K)] 5103K->4997K(5632K), [Metaspace: 21042K->21038K(1069056K)], 0.0148887 secs] [Times: user=0.01 sys=0.00, real=0.02 secs] 
12.243: [Full GC (Ergonomics) [PSYoungGen: 1024K->918K(1536K)] [ParOldGen: 4080K->4079K(4096K)] 5104K->4998K(5632K), [Metaspace: 21040K->21040K(1069056K)], 0.0135620 secs] [Times: user=0.02 sys=0.00, real=0.01 secs] 
12.258: [Full GC (Ergonomics) [PSYoungGen: 1024K->913K(1536K)] [ParOldGen: 4079K->4079K(4096K)] 5103K->4993K(5632K), [Metaspace: 21041K->21030K(1069056K)], 0.0168732 secs] [Times: user=0.01 sys=0.00, real=0.02 secs] 
12.276: [Full GC (Ergonomics) [PSYoungGen: 1024K->925K(1536K)] [ParOldGen: 4079K->4079K(4096K)] 5103K->5005K(5632K), [Metaspace: 21032K->21032K(1069056K)], 0.0124757 secs] [Times: user=0.02 sys=0.00, real=0.01 secs] 
12.289: [Full GC (Ergonomics) [PSYoungGen: 1024K->932K(1536K)] [ParOldGen: 4079K->4079K(4096K)] 5103K->5012K(5632K), [Metaspace: 21037K->21037K(1069056K)], 0.0186154 secs] [Times: user=0.02 sys=0.00, real=0.02 secs] 
12.323: [Full GC (Ergonomics) [PSYoungGen: 1024K->934K(1536K)] [ParOldGen: 4079K->4079K(4096K)] 5103K->5014K(5632K), [Metaspace: 21042K->21042K(1069056K)], 0.0203341 secs] [Times: user=0.02 sys=0.00, real=0.02 secs] 
12.344: [Full GC (Ergonomics) [PSYoungGen: 1024K->953K(1536K)] [ParOldGen: 4079K->4079K(4096K)] 5103K->5033K(5632K), [Metaspace: 21045K->21045K(1069056K)], 0.0163968 secs] [Times: user=0.09 sys=0.00, real=0.02 secs] 
12.361: [Full GC (Ergonomics) [PSYoungGen: 1022K->952K(1536K)] [ParOldGen: 4079K->4079K(4096K)] 5102K->5032K(5632K), [Metaspace: 21049K->21049K(1069056K)], 0.0163954 secs] [Times: user=0.11 sys=0.00, real=0.02 secs] 
12.379: [Full GC (Ergonomics) [PSYoungGen: 1024K->945K(1536K)] [ParOldGen: 4079K->4079K(4096K)] 5103K->5025K(5632K), [Metaspace: 21063K->21063K(1069056K)], 0.0228110 secs] [Times: user=0.11 sys=0.00, real=0.02 secs] 
12.402: [Full GC (Ergonomics) [PSYoungGen: 1024K->923K(1536K)] [ParOldGen: 4079K->4077K(4096K)] 5103K->5000K(5632K), [Metaspace: 21064K->21060K(1069056K)], 0.0298043 secs] [Times: user=0.13 sys=0.00, real=0.03 secs] 
12.433: [Full GC (Ergonomics) [PSYoungGen: 1024K->927K(1536K)] [ParOldGen: 4077K->4077K(4096K)] 5101K->5005K(5632K), [Metaspace: 21064K->21064K(1069056K)], 0.0269605 secs] [Times: user=0.25 sys=0.00, real=0.03 secs] 
12.461: [Full GC (Ergonomics) [PSYoungGen: 1024K->933K(1536K)] [ParOldGen: 4077K->4077K(4096K)] 5101K->5010K(5632K), [Metaspace: 21064K->21064K(1069056K)], 0.0221659 secs] [Times: user=0.02 sys=0.00, real=0.02 secs] 
12.484: [Full GC (Ergonomics) [PSYoungGen: 1024K->944K(1536K)] [ParOldGen: 4077K->4077K(4096K)] 5101K->5022K(5632K), [Metaspace: 21075K->21075K(1069056K)], 0.0228394 secs] [Times: user=0.22 sys=0.00, real=0.02 secs] 
12.507: [Full GC (Ergonomics) [PSYoungGen: 1023K->952K(1536K)] [ParOldGen: 4077K->4077K(4096K)] 5101K->5029K(5632K), [Metaspace: 21078K->21078K(1069056K)], 0.0117254 secs] [Times: user=0.02 sys=0.00, real=0.01 secs] 
12.519: [Full GC (Ergonomics) [PSYoungGen: 1024K->954K(1536K)] [ParOldGen: 4077K->4077K(4096K)] 5101K->5032K(5632K), [Metaspace: 21079K->21079K(1069056K)], 0.0150295 secs] [Times: user=0.13 sys=0.00, real=0.02 secs] 
12.535: [Full GC (Ergonomics) [PSYoungGen: 1024K->968K(1536K)] [ParOldGen: 4077K->4077K(4096K)] 5101K->5045K(5632K), [Metaspace: 21085K->21085K(1069056K)], 0.0148050 secs] [Times: user=0.11 sys=0.00, real=0.02 secs] 
12.550: [Full GC (Ergonomics) [PSYoungGen: 1024K->963K(1536K)] [ParOldGen: 4077K->4077K(4096K)] 5101K->5040K(5632K), [Metaspace: 21092K->21092K(1069056K)], 0.0158617 secs] [Times: user=0.13 sys=0.00, real=0.02 secs] 
12.567: [Full GC (Ergonomics) [PSYoungGen: 1024K->969K(1536K)] [ParOldGen: 4077K->4077K(4096K)] 5101K->5047K(5632K), [Metaspace: 21100K->21100K(1069056K)], 0.0153898 secs] [Times: user=0.11 sys=0.01, real=0.01 secs] 
12.584: [Full GC (Ergonomics) [PSYoungGen: 1024K->969K(1536K)] [ParOldGen: 4077K->4077K(4096K)] 5101K->5047K(5632K), [Metaspace: 21104K->21104K(1069056K)], 0.0145371 secs] [Times: user=0.11 sys=0.00, real=0.02 secs] 
12.599: [Full GC (Ergonomics) [PSYoungGen: 1024K->978K(1536K)] [ParOldGen: 4077K->4077K(4096K)] 5101K->5055K(5632K), [Metaspace: 21122K->21122K(1069056K)], 0.0112535 secs] [Times: user=0.11 sys=0.00, real=0.01 secs] 
12.612: [Full GC (Ergonomics) [PSYoungGen: 1023K->976K(1536K)] [ParOldGen: 4077K->4077K(4096K)] 5101K->5053K(5632K), [Metaspace: 21158K->21158K(1069056K)], 0.0152772 secs] [Times: user=0.11 sys=0.00, real=0.01 secs] 
12.628: [Full GC (Ergonomics) [PSYoungGen: 1024K->977K(1536K)] [ParOldGen: 4077K->4077K(4096K)] 5101K->5054K(5632K), [Metaspace: 21176K->21176K(1069056K)], 0.0137477 secs] [Times: user=0.11 sys=0.00, real=0.01 secs] 
12.643: [Full GC (Ergonomics) [PSYoungGen: 1024K->972K(1536K)] [ParOldGen: 4077K->4077K(4096K)] 5101K->5049K(5632K), [Metaspace: 21178K->21178K(1069056K)], 0.0117640 secs] [Times: user=0.00 sys=0.00, real=0.01 secs] 
12.655: [Full GC (Ergonomics) [PSYoungGen: 1023K->995K(1536K)] [ParOldGen: 4077K->4077K(4096K)] 5100K->5072K(5632K), [Metaspace: 21178K->21178K(1069056K)], 0.0157406 secs] [Times: user=0.13 sys=0.00, real=0.02 secs] 
12.671: [Full GC (Ergonomics) [PSYoungGen: 1013K->1007K(1536K)] [ParOldGen: 4077K->4077K(4096K)] 5090K->5084K(5632K), [Metaspace: 21178K->21178K(1069056K)], 0.0116363 secs] [Times: user=0.13 sys=0.00, real=0.01 secs] 
12.683: [Full GC (Ergonomics) [PSYoungGen: 1023K->1015K(1536K)] [ParOldGen: 4077K->4077K(4096K)] 5100K->5092K(5632K), [Metaspace: 21178K->21178K(1069056K)], 0.0114625 secs] [Times: user=0.02 sys=0.00, real=0.01 secs] 
12.694: [Full GC (Ergonomics) [PSYoungGen: 1024K->992K(1536K)] [ParOldGen: 4092K->4091K(4096K)] 5116K->5084K(5632K), [Metaspace: 21178K->21178K(1069056K)], 0.0113559 secs] [Times: user=0.13 sys=0.00, real=0.01 secs] 
12.706: [Full GC (Ergonomics) [PSYoungGen: 1024K->973K(1536K)] [ParOldGen: 4091K->4077K(4096K)] 5115K->5050K(5632K), [Metaspace: 21178K->21178K(1069056K)], 0.0118735 secs] [Times: user=0.00 sys=0.00, real=0.01 secs] 
12.719: [Full GC (Ergonomics) [PSYoungGen: 1024K->979K(1536K)] [ParOldGen: 4077K->4077K(4096K)] 5101K->5057K(5632K), [Metaspace: 21181K->21181K(1069056K)], 0.0151978 secs] [Times: user=0.00 sys=0.00, real=0.01 secs] 
12.734: [Full GC (Ergonomics) [PSYoungGen: 1024K->976K(1536K)] [ParOldGen: 4077K->4077K(4096K)] 5101K->5053K(5632K), [Metaspace: 21181K->21181K(1069056K)], 0.0146025 secs] [Times: user=0.00 sys=0.00, real=0.01 secs] 
12.750: [Full GC (Ergonomics) [PSYoungGen: 1023K->979K(1536K)] [ParOldGen: 4077K->4077K(4096K)] 5101K->5056K(5632K), [Metaspace: 21182K->21182K(1069056K)], 0.0151284 secs] [Times: user=0.00 sys=0.00, real=0.02 secs] 
12.765: [Full GC (Ergonomics) [PSYoungGen: 1024K->979K(1536K)] [ParOldGen: 4077K->4077K(4096K)] 5101K->5056K(5632K), [Metaspace: 21182K->21182K(1069056K)], 0.0111670 secs] [Times: user=0.00 sys=0.00, real=0.01 secs] 
12.777: [Full GC (Ergonomics) [PSYoungGen: 1024K->986K(1536K)] [ParOldGen: 4077K->4077K(4096K)] 5101K->5063K(5632K), [Metaspace: 21187K->21187K(1069056K)], 0.0123235 secs] [Times: user=0.01 sys=0.00, real=0.01 secs] 
12.790: [Full GC (Ergonomics) [PSYoungGen: 1024K->984K(1536K)] [ParOldGen: 4077K->4077K(4096K)] 5101K->5061K(5632K), [Metaspace: 21187K->21187K(1069056K)], 0.0155247 secs] [Times: user=0.02 sys=0.00, real=0.02 secs] 
12.806: [Full GC (Ergonomics) [PSYoungGen: 1023K->982K(1536K)] [ParOldGen: 4077K->4077K(4096K)] 5101K->5059K(5632K), [Metaspace: 21187K->21187K(1069056K)], 0.0125500 secs] [Times: user=0.02 sys=0.00, real=0.01 secs] 
12.820: [Full GC (Ergonomics) [PSYoungGen: 1024K->985K(1536K)] [ParOldGen: 4077K->4077K(4096K)] 5101K->5063K(5632K), [Metaspace: 21187K->21187K(1069056K)], 0.0176261 secs] [Times: user=0.02 sys=0.00, real=0.02 secs] 
12.838: [Full GC (Ergonomics) [PSYoungGen: 1024K->987K(1536K)] [ParOldGen: 4077K->4077K(4096K)] 5101K->5065K(5632K), [Metaspace: 21187K->21187K(1069056K)], 0.0138871 secs] [Times: user=0.02 sys=0.00, real=0.01 secs] 
12.852: [Full GC (Ergonomics) [PSYoungGen: 1024K->988K(1536K)] [ParOldGen: 4077K->4077K(4096K)] 5101K->5065K(5632K), [Metaspace: 21187K->21187K(1069056K)], 0.0128296 secs] [Times: user=0.02 sys=0.00, real=0.01 secs] 
12.866: [Full GC (Ergonomics) [PSYoungGen: 1024K->970K(1536K)] [ParOldGen: 4077K->4077K(4096K)] 5101K->5048K(5632K), [Metaspace: 21187K->21187K(1069056K)], 0.0168422 secs] [Times: user=0.01 sys=0.00, real=0.02 secs] 
12.883: [Full GC (Ergonomics) [PSYoungGen: 1017K->976K(1536K)] [ParOldGen: 4077K->4077K(4096K)] 5094K->5053K(5632K), [Metaspace: 21187K->21187K(1069056K)], 0.0128572 secs] [Times: user=0.02 sys=0.00, real=0.01 secs] 
12.896: [Full GC (Ergonomics) [PSYoungGen: 1024K->975K(1536K)] [ParOldGen: 4077K->4077K(4096K)] 5101K->5053K(5632K), [Metaspace: 21187K->21187K(1069056K)], 0.0109992 secs] [Times: user=0.13 sys=0.00, real=0.01 secs] 
12.907: [Full GC (Ergonomics) [PSYoungGen: 1016K->975K(1536K)] [ParOldGen: 4077K->4077K(4096K)] 5094K->5052K(5632K), [Metaspace: 21187K->21187K(1069056K)], 0.0121512 secs] [Times: user=0.00 sys=0.00, real=0.01 secs] 
12.920: [Full GC (Ergonomics) [PSYoungGen: 1024K->974K(1536K)] [ParOldGen: 4077K->4077K(4096K)] 5101K->5051K(5632K), [Metaspace: 21187K->21187K(1069056K)], 0.0108723 secs] [Times: user=0.13 sys=0.00, real=0.01 secs] 
12.932: [Full GC (Ergonomics) [PSYoungGen: 1024K->973K(1536K)] [ParOldGen: 4077K->4077K(4096K)] 5101K->5051K(5632K), [Metaspace: 21189K->21189K(1069056K)], 0.0117794 secs] [Times: user=0.01 sys=0.00, real=0.01 secs] 
12.944: [Full GC (Ergonomics) [PSYoungGen: 1024K->973K(1536K)] [ParOldGen: 4077K->4077K(4096K)] 5101K->5050K(5632K), [Metaspace: 21189K->21189K(1069056K)], 0.0111454 secs] [Times: user=0.09 sys=0.01, real=0.01 secs] 
12.956: [Full GC (Ergonomics) [PSYoungGen: 1024K->981K(1536K)] [ParOldGen: 4077K->4077K(4096K)] 5101K->5059K(5632K), [Metaspace: 21190K->21190K(1069056K)], 0.0115945 secs] [Times: user=0.00 sys=0.00, real=0.01 secs] 
12.968: [Full GC (Ergonomics) [PSYoungGen: 1023K->977K(1536K)] [ParOldGen: 4077K->4077K(4096K)] 5101K->5054K(5632K), [Metaspace: 21192K->21192K(1069056K)], 0.0132531 secs] [Times: user=0.13 sys=0.00, real=0.01 secs] 
12.982: [Full GC (Ergonomics) [PSYoungGen: 1024K->983K(1536K)] [ParOldGen: 4077K->4077K(4096K)] 5101K->5060K(5632K), [Metaspace: 21197K->21197K(1069056K)], 0.0116195 secs] [Times: user=0.13 sys=0.00, real=0.01 secs] 
12.994: [Full GC (Ergonomics) [PSYoungGen: 1023K->978K(1536K)] [ParOldGen: 4077K->4077K(4096K)] 5101K->5056K(5632K), [Metaspace: 21197K->21197K(1069056K)], 0.0111482 secs] [Times: user=0.02 sys=0.00, real=0.01 secs] 
13.006: [Full GC (Ergonomics) [PSYoungGen: 1024K->983K(1536K)] [ParOldGen: 4077K->4077K(4096K)] 5101K->5061K(5632K), [Metaspace: 21202K->21202K(1069056K)], 0.0106561 secs] [Times: user=0.11 sys=0.00, real=0.01 secs] 
13.017: [Full GC (Ergonomics) [PSYoungGen: 1023K->981K(1536K)] [ParOldGen: 4077K->4077K(4096K)] 5100K->5059K(5632K), [Metaspace: 21202K->21202K(1069056K)], 0.0116559 secs] [Times: user=0.00 sys=0.00, real=0.01 secs] 
13.029: [Full GC (Ergonomics) [PSYoungGen: 1023K->990K(1536K)] [ParOldGen: 4077K->4077K(4096K)] 5100K->5068K(5632K), [Metaspace: 21210K->21210K(1069056K)], 0.0109810 secs] [Times: user=0.13 sys=0.00, real=0.01 secs] 
13.040: [Full GC (Ergonomics) [PSYoungGen: 1024K->990K(1536K)] [ParOldGen: 4077K->4077K(4096K)] 5101K->5067K(5632K), [Metaspace: 21213K->21213K(1069056K)], 0.0108151 secs] [Times: user=0.02 sys=0.00, real=0.01 secs] 
13.052: [Full GC (Ergonomics) [PSYoungGen: 1023K->991K(1536K)] [ParOldGen: 4077K->4077K(4096K)] 5101K->5068K(5632K), [Metaspace: 21216K->21216K(1069056K)], 0.0161172 secs] [Times: user=0.13 sys=0.00, real=0.02 secs] 
13.069: [Full GC (Ergonomics) [PSYoungGen: 1024K->996K(1536K)] [ParOldGen: 4077K->4077K(4096K)] 5101K->5073K(5632K), [Metaspace: 21219K->21219K(1069056K)], 0.0158774 secs] [Times: user=0.11 sys=0.00, real=0.02 secs] 
13.085: [Full GC (Ergonomics) [PSYoungGen: 1024K->989K(1536K)] [ParOldGen: 4077K->4077K(4096K)] 5101K->5067K(5632K), [Metaspace: 21224K->21224K(1069056K)], 0.0165970 secs] [Times: user=0.02 sys=0.00, real=0.02 secs] 
13.102: [Full GC (Ergonomics) [PSYoungGen: 1023K->997K(1536K)] [ParOldGen: 4077K->4077K(4096K)] 5101K->5074K(5632K), [Metaspace: 21231K->21231K(1069056K)], 0.0110839 secs] [Times: user=0.01 sys=0.00, real=0.01 secs] 
13.114: [Full GC (Ergonomics) [PSYoungGen: 1024K->990K(1536K)] [ParOldGen: 4077K->4077K(4096K)] 5101K->5067K(5632K), [Metaspace: 21231K->21231K(1069056K)], 0.0110342 secs] [Times: user=0.13 sys=0.00, real=0.01 secs] 
13.125: [Full GC (Ergonomics) [PSYoungGen: 1024K->1002K(1536K)] [ParOldGen: 4077K->4077K(4096K)] 5101K->5079K(5632K), [Metaspace: 21231K->21231K(1069056K)], 0.0152971 secs] [Times: user=0.13 sys=0.00, real=0.02 secs] 
13.141: [Full GC (Ergonomics) [PSYoungGen: 1024K->1000K(1536K)] [ParOldGen: 4077K->4077K(4096K)] 5101K->5077K(5632K), [Metaspace: 21234K->21234K(1069056K)], 0.0120442 secs] [Times: user=0.00 sys=0.00, real=0.01 secs] 
13.154: [Full GC (Ergonomics) [PSYoungGen: 1024K->996K(1536K)] [ParOldGen: 4077K->4077K(4096K)] 5101K->5074K(5632K), [Metaspace: 21235K->21235K(1069056K)], 0.0111451 secs] [Times: user=0.02 sys=0.00, real=0.01 secs] 
13.165: [Full GC (Ergonomics) [PSYoungGen: 1024K->997K(1536K)] [ParOldGen: 4077K->4077K(4096K)] 5101K->5075K(5632K), [Metaspace: 21235K->21235K(1069056K)], 0.0109721 secs] [Times: user=0.02 sys=0.00, real=0.01 secs] 
13.176: [Full GC (Ergonomics) [PSYoungGen: 1024K->997K(1536K)] [ParOldGen: 4077K->4077K(4096K)] 5101K->5075K(5632K), [Metaspace: 21236K->21236K(1069056K)], 0.0114423 secs] [Times: user=0.13 sys=0.00, real=0.01 secs] 
13.188: [Full GC (Ergonomics) [PSYoungGen: 1024K->997K(1536K)] [ParOldGen: 4077K->4077K(4096K)] 5101K->5074K(5632K), [Metaspace: 21236K->21236K(1069056K)], 0.0126088 secs] [Times: user=0.00 sys=0.00, real=0.01 secs] 
13.201: [Full GC (Ergonomics) [PSYoungGen: 1024K->1000K(1536K)] [ParOldGen: 4077K->4077K(4096K)] 5101K->5078K(5632K), [Metaspace: 21238K->21238K(1069056K)], 0.0121392 secs] [Times: user=0.11 sys=0.00, real=0.01 secs] 
13.214: [Full GC (Ergonomics) [PSYoungGen: 1024K->991K(1536K)] [ParOldGen: 4077K->4077K(4096K)] 5101K->5069K(5632K), [Metaspace: 21238K->21238K(1069056K)], 0.0112162 secs] [Times: user=0.02 sys=0.00, real=0.01 secs] 
13.225: [Full GC (Ergonomics) [PSYoungGen: 1024K->1000K(1536K)] [ParOldGen: 4077K->4077K(4096K)] 5101K->5078K(5632K), [Metaspace: 21238K->21238K(1069056K)], 0.0118192 secs] [Times: user=0.13 sys=0.00, real=0.01 secs] 
13.238: [Full GC (Ergonomics) [PSYoungGen: 1024K->997K(1536K)] [ParOldGen: 4077K->4077K(4096K)] 5101K->5074K(5632K), [Metaspace: 21239K->21239K(1069056K)], 0.0118448 secs] [Times: user=0.00 sys=0.00, real=0.01 secs] 
13.250: [Full GC (Ergonomics) [PSYoungGen: 1024K->1000K(1536K)] [ParOldGen: 4077K->4077K(4096K)] 5101K->5078K(5632K), [Metaspace: 21239K->21239K(1069056K)], 0.0120823 secs] [Times: user=0.13 sys=0.00, real=0.01 secs] 
13.262: [Full GC (Ergonomics) [PSYoungGen: 1024K->1008K(1536K)] [ParOldGen: 4077K->4077K(4096K)] 5101K->5085K(5632K), [Metaspace: 21239K->21239K(1069056K)], 0.0128372 secs] [Times: user=0.02 sys=0.00, real=0.01 secs] 
13.275: [Full GC (Ergonomics) [PSYoungGen: 1023K->1010K(1536K)] [ParOldGen: 4077K->4077K(4096K)] 5101K->5088K(5632K), [Metaspace: 21243K->21243K(1069056K)], 0.0111678 secs] [Times: user=0.02 sys=0.00, real=0.01 secs] 
13.287: [Full GC (Ergonomics) [PSYoungGen: 1024K->1003K(1536K)] [ParOldGen: 4077K->4077K(4096K)] 5101K->5081K(5632K), [Metaspace: 21244K->21244K(1069056K)], 0.0113052 secs] [Times: user=0.13 sys=0.00, real=0.01 secs] 
13.298: [Full GC (Ergonomics) [PSYoungGen: 1024K->997K(1536K)] [ParOldGen: 4077K->4077K(4096K)] 5101K->5074K(5632K), [Metaspace: 21244K->21244K(1069056K)], 0.0118442 secs] [Times: user=0.00 sys=0.00, real=0.01 secs] 
13.310: [Full GC (Ergonomics) [PSYoungGen: 1024K->1005K(1536K)] [ParOldGen: 4077K->4077K(4096K)] 5101K->5082K(5632K), [Metaspace: 21244K->21244K(1069056K)], 0.0113359 secs] [Times: user=0.13 sys=0.00, real=0.01 secs] 
13.322: [Full GC (Ergonomics) [PSYoungGen: 1023K->996K(1536K)] [ParOldGen: 4077K->4077K(4096K)] 5101K->5074K(5632K), [Metaspace: 21248K->21248K(1069056K)], 0.0112429 secs] [Times: user=0.02 sys=0.00, real=0.01 secs] 
13.334: [Full GC (Ergonomics) [PSYoungGen: 1024K->992K(1536K)] [ParOldGen: 4077K->4077K(4096K)] 5101K->5069K(5632K), [Metaspace: 21248K->21248K(1069056K)], 0.0108518 secs] [Times: user=0.11 sys=0.00, real=0.01 secs] 
13.345: [Full GC (Ergonomics) [PSYoungGen: 1024K->995K(1536K)] [ParOldGen: 4077K->4077K(4096K)] 5101K->5073K(5632K), [Metaspace: 21252K->21252K(1069056K)], 0.0123343 secs] [Times: user=0.00 sys=0.00, real=0.01 secs] 
13.358: [Full GC (Ergonomics) [PSYoungGen: 1024K->994K(1536K)] [ParOldGen: 4077K->4077K(4096K)] 5101K->5071K(5632K), [Metaspace: 21254K->21254K(1069056K)], 0.0113024 secs] [Times: user=0.13 sys=0.00, real=0.01 secs] 
13.369: [Full GC (Ergonomics) [PSYoungGen: 1023K->992K(1536K)] [ParOldGen: 4077K->4077K(4096K)] 5101K->5069K(5632K), [Metaspace: 21254K->21254K(1069056K)], 0.0112267 secs] [Times: user=0.02 sys=0.00, real=0.01 secs] 
13.381: [Full GC (Ergonomics) [PSYoungGen: 1024K->993K(1536K)] [ParOldGen: 4077K->4077K(4096K)] 5101K->5071K(5632K), [Metaspace: 21256K->21256K(1069056K)], 0.0108578 secs] [Times: user=0.13 sys=0.00, real=0.01 secs] 
13.392: [Full GC (Ergonomics) [PSYoungGen: 1024K->993K(1536K)] [ParOldGen: 4077K->4077K(4096K)] 5101K->5070K(5632K), [Metaspace: 21257K->21257K(1069056K)], 0.0114810 secs] [Times: user=0.00 sys=0.00, real=0.01 secs] 
13.404: [Full GC (Ergonomics) [PSYoungGen: 1023K->998K(1536K)] [ParOldGen: 4077K->4077K(4096K)] 5101K->5076K(5632K), [Metaspace: 21257K->21257K(1069056K)], 0.0113849 secs] [Times: user=0.13 sys=0.00, real=0.01 secs] 
13.416: [Full GC (Ergonomics) [PSYoungGen: 1024K->995K(1536K)] [ParOldGen: 4077K->4077K(4096K)] 5101K->5073K(5632K), [Metaspace: 21262K->21262K(1069056K)], 0.0109684 secs] [Times: user=0.01 sys=0.00, real=0.01 secs] 
13.427: [Full GC (Ergonomics) [PSYoungGen: 1022K->993K(1536K)] [ParOldGen: 4077K->4077K(4096K)] 5099K->5070K(5632K), [Metaspace: 21262K->21262K(1069056K)], 0.0111445 secs] [Times: user=0.11 sys=0.00, real=0.01 secs] 
13.439: [Full GC (Ergonomics) [PSYoungGen: 1023K->995K(1536K)] [ParOldGen: 4077K->4077K(4096K)] 5101K->5072K(5632K), [Metaspace: 21265K->21265K(1069056K)], 0.0110438 secs] [Times: user=0.00 sys=0.00, real=0.01 secs] 
13.450: [Full GC (Ergonomics) [PSYoungGen: 1023K->997K(1536K)] [ParOldGen: 4077K->4077K(4096K)] 5101K->5074K(5632K), [Metaspace: 21265K->21265K(1069056K)], 0.0113906 secs] [Times: user=0.01 sys=0.00, real=0.01 secs] 
13.462: [Full GC (Ergonomics) [PSYoungGen: 1024K->993K(1536K)] [ParOldGen: 4077K->4077K(4096K)] 5101K->5070K(5632K), [Metaspace: 21268K->21268K(1069056K)], 0.0112216 secs] [Times: user=0.02 sys=0.00, real=0.01 secs] 
13.473: [Full GC (Ergonomics) [PSYoungGen: 1023K->992K(1536K)] [ParOldGen: 4077K->4077K(4096K)] 5101K->5069K(5632K), [Metaspace: 21268K->21268K(1069056K)], 0.0123443 secs] [Times: user=0.11 sys=0.02, real=0.01 secs] 
13.486: [Full GC (Ergonomics) [PSYoungGen: 1017K->996K(1536K)] [ParOldGen: 4077K->4077K(4096K)] 5094K->5073K(5632K), [Metaspace: 21268K->21268K(1069056K)], 0.0109138 secs] [Times: user=0.00 sys=0.00, real=0.01 secs] 
13.497: [Full GC (Ergonomics) [PSYoungGen: 1024K->995K(1536K)] [ParOldGen: 4077K->4077K(4096K)] 5101K->5073K(5632K), [Metaspace: 21268K->21268K(1069056K)], 0.0110563 secs] [Times: user=0.13 sys=0.00, real=0.01 secs] 
13.508: [Full GC (Ergonomics) [PSYoungGen: 1024K->993K(1536K)] [ParOldGen: 4077K->4077K(4096K)] 5101K->5070K(5632K), [Metaspace: 21268K->21268K(1069056K)], 0.0108325 secs] [Times: user=0.02 sys=0.00, real=0.01 secs] 
13.520: [Full GC (Ergonomics) [PSYoungGen: 1024K->992K(1536K)] [ParOldGen: 4077K->4077K(4096K)] 5101K->5070K(5632K), [Metaspace: 21268K->21268K(1069056K)], 0.0113266 secs] [Times: user=0.00 sys=0.00, real=0.01 secs] 
13.531: [Full GC (Ergonomics) [PSYoungGen: 1024K->995K(1536K)] [ParOldGen: 4077K->4077K(4096K)] 5101K->5072K(5632K), [Metaspace: 21268K->21268K(1069056K)], 0.0115080 secs] [Times: user=0.00 sys=0.00, real=0.01 secs] 
13.543: [Full GC (Ergonomics) [PSYoungGen: 1024K->992K(1536K)] [ParOldGen: 4077K->4077K(4096K)] 5101K->5069K(5632K), [Metaspace: 21268K->21268K(1069056K)], 0.0116767 secs] [Times: user=0.02 sys=0.00, real=0.01 secs] 
13.555: [Full GC (Ergonomics) [PSYoungGen: 1024K->988K(1536K)] [ParOldGen: 4077K->4077K(4096K)] 5101K->5066K(5632K), [Metaspace: 21268K->21268K(1069056K)], 0.0133242 secs] [Times: user=0.02 sys=0.00, real=0.01 secs] 
13.568: [Full GC (Ergonomics) [PSYoungGen: 1020K->999K(1536K)] [ParOldGen: 4077K->4077K(4096K)] 5098K->5077K(5632K), [Metaspace: 21268K->21268K(1069056K)], 0.0111044 secs] [Times: user=0.11 sys=0.00, real=0.01 secs] 
13.580: [Full GC (Ergonomics) [PSYoungGen: 1024K->995K(1536K)] [ParOldGen: 4077K->4077K(4096K)] 5101K->5072K(5632K), [Metaspace: 21268K->21265K(1069056K)], 0.0152542 secs] [Times: user=0.09 sys=0.00, real=0.01 secs] 
13.596: [Full GC (Ergonomics) [PSYoungGen: 1024K->991K(1536K)] [ParOldGen: 4077K->4077K(4096K)] 5101K->5068K(5632K), [Metaspace: 21265K->21265K(1069056K)], 0.0122246 secs] [Times: user=0.00 sys=0.00, real=0.01 secs] 
13.609: [Full GC (Ergonomics) [PSYoungGen: 1024K->977K(1536K)] [ParOldGen: 4077K->4077K(4096K)] 5101K->5055K(5632K), [Metaspace: 21265K->21265K(1069056K)], 0.0149174 secs] [Times: user=0.13 sys=0.00, real=0.02 secs] 
13.624: [Full GC (Ergonomics) [PSYoungGen: 1018K->984K(1536K)] [ParOldGen: 4077K->4077K(4096K)] 5095K->5061K(5632K), [Metaspace: 21265K->21265K(1069056K)], 0.0122092 secs] [Times: user=0.09 sys=0.02, real=0.01 secs] 
13.637: [Full GC (Ergonomics) [PSYoungGen: 1024K->985K(1536K)] [ParOldGen: 4077K->4077K(4096K)] 5101K->5063K(5632K), [Metaspace: 21265K->21265K(1069056K)], 0.0125352 secs] [Times: user=0.01 sys=0.00, real=0.01 secs] 
13.650: [Full GC (Ergonomics) [PSYoungGen: 1024K->981K(1536K)] [ParOldGen: 4077K->4077K(4096K)] 5101K->5058K(5632K), [Metaspace: 21265K->21265K(1069056K)], 0.0121876 secs] [Times: user=0.02 sys=0.00, real=0.01 secs] 
13.662: [Full GC (Ergonomics) [PSYoungGen: 1022K->988K(1536K)] [ParOldGen: 4077K->4077K(4096K)] 5100K->5066K(5632K), [Metaspace: 21265K->21265K(1069056K)], 0.0148855 secs] [Times: user=0.11 sys=0.00, real=0.01 secs] 
13.678: [Full GC (Ergonomics) [PSYoungGen: 1024K->995K(1536K)] [ParOldGen: 4077K->4075K(4096K)] 5101K->5070K(5632K), [Metaspace: 21267K->21267K(1069056K)], 0.0277196 secs] [Times: user=0.13 sys=0.00, real=0.03 secs] 
13.706: [Full GC (Ergonomics) [PSYoungGen: 1024K->992K(1536K)] [ParOldGen: 4075K->4075K(4096K)] 5099K->5067K(5632K), [Metaspace: 21267K->21267K(1069056K)], 0.0148949 secs] [Times: user=0.11 sys=0.00, real=0.02 secs] 
13.721: [Full GC (Ergonomics) [PSYoungGen: 1024K->995K(1536K)] [ParOldGen: 4075K->4075K(4096K)] 5099K->5070K(5632K), [Metaspace: 21269K->21269K(1069056K)], 0.0121324 secs] [Times: user=0.00 sys=0.00, real=0.01 secs] 
13.734: [Full GC (Ergonomics) [PSYoungGen: 1024K->992K(1536K)] [ParOldGen: 4075K->4075K(4096K)] 5099K->5067K(5632K), [Metaspace: 21269K->21269K(1069056K)], 0.0120317 secs] [Times: user=0.00 sys=0.00, real=0.01 secs] 
13.746: [Full GC (Ergonomics) [PSYoungGen: 1024K->993K(1536K)] [ParOldGen: 4075K->4075K(4096K)] 5099K->5068K(5632K), [Metaspace: 21269K->21269K(1069056K)], 0.0116289 secs] [Times: user=0.02 sys=0.00, real=0.01 secs] 
13.758: [Full GC (Ergonomics) [PSYoungGen: 1023K->994K(1536K)] [ParOldGen: 4075K->4075K(4096K)] 5099K->5069K(5632K), [Metaspace: 21271K->21271K(1069056K)], 0.0115245 secs] [Times: user=0.01 sys=0.00, real=0.01 secs] 
13.770: [Full GC (Ergonomics) [PSYoungGen: 1023K->992K(1536K)] [ParOldGen: 4075K->4075K(4096K)] 5098K->5067K(5632K), [Metaspace: 21271K->21271K(1069056K)], 0.0119896 secs] [Times: user=0.09 sys=0.02, real=0.01 secs] 
13.782: [Full GC (Ergonomics) [PSYoungGen: 1024K->995K(1536K)] [ParOldGen: 4075K->4075K(4096K)] 5099K->5070K(5632K), [Metaspace: 21271K->21271K(1069056K)], 0.0114861 secs] [Times: user=0.00 sys=0.00, real=0.01 secs] 
13.794: [Full GC (Ergonomics) [PSYoungGen: 1022K->1011K(1536K)] [ParOldGen: 4075K->4075K(4096K)] 5097K->5086K(5632K), [Metaspace: 21271K->21271K(1069056K)], 0.0117857 secs] [Times: user=0.02 sys=0.00, real=0.01 secs] 
13.806: [Full GC (Ergonomics) [PSYoungGen: 1024K->1010K(1536K)] [ParOldGen: 4075K->4075K(4096K)] 5099K->5085K(5632K), [Metaspace: 21271K->21271K(1069056K)], 0.0112990 secs] [Times: user=0.01 sys=0.00, real=0.01 secs] 
13.817: [Full GC (Ergonomics) [PSYoungGen: 1024K->1001K(1536K)] [ParOldGen: 4075K->4075K(4096K)] 5099K->5076K(5632K), [Metaspace: 21273K->21273K(1069056K)], 0.0112694 secs] [Times: user=0.13 sys=0.00, real=0.01 secs] 
13.829: [Full GC (Ergonomics) [PSYoungGen: 1024K->1001K(1536K)] [ParOldGen: 4075K->4075K(4096K)] 5099K->5076K(5632K), [Metaspace: 21273K->21273K(1069056K)], 0.0159050 secs] [Times: user=0.13 sys=0.00, real=0.02 secs] 
13.845: [Full GC (Ergonomics) [PSYoungGen: 1024K->1003K(1536K)] [ParOldGen: 4075K->4075K(4096K)] 5099K->5078K(5632K), [Metaspace: 21273K->21273K(1069056K)], 0.0112008 secs] [Times: user=0.00 sys=0.00, real=0.01 secs] 
13.857: [Full GC (Ergonomics) [PSYoungGen: 1024K->1005K(1536K)] [ParOldGen: 4075K->4075K(4096K)] 5099K->5080K(5632K), [Metaspace: 21276K->21276K(1069056K)], 0.0112859 secs] [Times: user=0.02 sys=0.00, real=0.01 secs] 
13.868: [Full GC (Ergonomics) [PSYoungGen: 1024K->1004K(1536K)] [ParOldGen: 4075K->4075K(4096K)] 5099K->5079K(5632K), [Metaspace: 21276K->21276K(1069056K)], 0.0137347 secs] [Times: user=0.02 sys=0.00, real=0.01 secs] 
13.882: [Full GC (Ergonomics) [PSYoungGen: 1024K->1005K(1536K)] [ParOldGen: 4075K->4075K(4096K)] 5099K->5080K(5632K), [Metaspace: 21276K->21276K(1069056K)], 0.0116821 secs] [Times: user=0.13 sys=0.00, real=0.01 secs] 
13.894: [Full GC (Ergonomics) [PSYoungGen: 1024K->1006K(1536K)] [ParOldGen: 4075K->4075K(4096K)] 5099K->5081K(5632K), [Metaspace: 21276K->21276K(1069056K)], 0.0113391 secs] [Times: user=0.00 sys=0.00, real=0.01 secs] 
13.906: [Full GC (Ergonomics) [PSYoungGen: 1024K->1004K(1536K)] [ParOldGen: 4075K->4075K(4096K)] 5099K->5079K(5632K), [Metaspace: 21276K->21276K(1069056K)], 0.0120641 secs] [Times: user=0.13 sys=0.00, real=0.01 secs] 
13.919: [Full GC (Ergonomics) [PSYoungGen: 1024K->995K(1536K)] [ParOldGen: 4075K->4074K(4096K)] 5099K->5070K(5632K), [Metaspace: 21285K->21285K(1069056K)], 0.0221681 secs] [Times: user=0.09 sys=0.00, real=0.02 secs] 
13.941: [Full GC (Ergonomics) [PSYoungGen: 1024K->1004K(1536K)] [ParOldGen: 4074K->4074K(4096K)] 5098K->5079K(5632K), [Metaspace: 21285K->21285K(1069056K)], 0.0146540 secs] [Times: user=0.13 sys=0.00, real=0.01 secs] 
13.956: [Full GC (Ergonomics) [PSYoungGen: 1024K->1013K(1536K)] [ParOldGen: 4074K->4074K(4096K)] 5098K->5088K(5632K), [Metaspace: 21285K->21285K(1069056K)], 0.0116932 secs] [Times: user=0.00 sys=0.00, real=0.01 secs] 
13.968: [Full GC (Ergonomics) [PSYoungGen: 1024K->1017K(1536K)] [ParOldGen: 4074K->4074K(4096K)] 5098K->5092K(5632K), [Metaspace: 21285K->21285K(1069056K)], 0.0129340 secs] [Times: user=0.00 sys=0.00, real=0.01 secs] 
13.982: [Full GC (Ergonomics) [PSYoungGen: 1024K->1012K(1536K)] [ParOldGen: 4074K->4074K(4096K)] 5098K->5087K(5632K), [Metaspace: 21285K->21285K(1069056K)], 0.0135498 secs] [Times: user=0.02 sys=0.00, real=0.01 secs] 
13.995: [Full GC (Ergonomics) [PSYoungGen: 1024K->1018K(1536K)] [ParOldGen: 4074K->4074K(4096K)] 5098K->5093K(5632K), [Metaspace: 21285K->21285K(1069056K)], 0.0116713 secs] [Times: user=0.02 sys=0.00, real=0.01 secs] 
14.007: [Full GC (Ergonomics) [PSYoungGen: 1024K->1021K(1536K)] [ParOldGen: 4074K->4074K(4096K)] 5098K->5095K(5632K), [Metaspace: 21285K->21285K(1069056K)], 0.0116158 secs] [Times: user=0.02 sys=0.00, real=0.01 secs] 
14.019: [Full GC (Ergonomics) [PSYoungGen: 1024K->934K(1536K)] [ParOldGen: 4074K->4074K(4096K)] 5098K->5009K(5632K), [Metaspace: 21285K->21214K(1069056K)], 0.0197694 secs] [Times: user=0.11 sys=0.00, real=0.02 secs] 
14.040: [Full GC (Ergonomics) [PSYoungGen: 1024K->939K(1536K)] [ParOldGen: 4074K->4074K(4096K)] 5098K->5014K(5632K), [Metaspace: 21218K->21218K(1069056K)], 0.0144796 secs] [Times: user=0.02 sys=0.00, real=0.02 secs] 
14.055: [Full GC (Ergonomics) [PSYoungGen: 1024K->944K(1536K)] [ParOldGen: 4074K->4074K(4096K)] 5098K->5019K(5632K), [Metaspace: 21218K->21214K(1069056K)], 0.0171167 secs] [Times: user=0.02 sys=0.00, real=0.02 secs] 
14.073: [Full GC (Ergonomics) [PSYoungGen: 1024K->924K(1536K)] [ParOldGen: 4074K->4074K(4096K)] 5098K->4999K(5632K), [Metaspace: 21221K->21221K(1069056K)], 0.0149481 secs] [Times: user=0.01 sys=0.00, real=0.02 secs] 
14.088: [Full GC (Ergonomics) [PSYoungGen: 1024K->938K(1536K)] [ParOldGen: 4074K->4074K(4096K)] 5098K->5012K(5632K), [Metaspace: 21226K->21226K(1069056K)], 0.0114375 secs] [Times: user=0.02 sys=0.00, real=0.01 secs] 
14.100: [Full GC (Ergonomics) [PSYoungGen: 1024K->941K(1536K)] [ParOldGen: 4074K->4074K(4096K)] 5098K->5016K(5632K), [Metaspace: 21234K->21234K(1069056K)], 0.0141406 secs] [Times: user=0.13 sys=0.00, real=0.01 secs] 
14.115: [Full GC (Ergonomics) [PSYoungGen: 1024K->947K(1536K)] [ParOldGen: 4074K->4074K(4096K)] 5098K->5021K(5632K), [Metaspace: 21237K->21237K(1069056K)], 0.0107662 secs] [Times: user=0.13 sys=0.00, real=0.01 secs] 
14.126: [Full GC (Ergonomics) [PSYoungGen: 1024K->946K(1536K)] [ParOldGen: 4074K->4074K(4096K)] 5098K->5020K(5632K), [Metaspace: 21237K->21234K(1069056K)], 0.0151040 secs] [Times: user=0.13 sys=0.00, real=0.02 secs] 
14.142: [Full GC (Ergonomics) [PSYoungGen: 1024K->952K(1536K)] [ParOldGen: 4074K->4074K(4096K)] 5098K->5026K(5632K), [Metaspace: 21237K->21237K(1069056K)], 0.0143417 secs] [Times: user=0.13 sys=0.00, real=0.01 secs] 
14.157: [Full GC (Ergonomics) [PSYoungGen: 1024K->951K(1536K)] [ParOldGen: 4074K->4074K(4096K)] 5098K->5026K(5632K), [Metaspace: 21241K->21237K(1069056K)], 0.0115715 secs] [Times: user=0.00 sys=0.00, real=0.01 secs] 
14.169: [Full GC (Ergonomics) [PSYoungGen: 1024K->953K(1536K)] [ParOldGen: 4074K->4074K(4096K)] 5098K->5028K(5632K), [Metaspace: 21241K->21241K(1069056K)], 0.0145445 secs] [Times: user=0.01 sys=0.00, real=0.01 secs] 
14.184: [Full GC (Ergonomics) [PSYoungGen: 1024K->959K(1536K)] [ParOldGen: 4074K->4074K(4096K)] 5098K->5033K(5632K), [Metaspace: 21245K->21245K(1069056K)], 0.0122809 secs] [Times: user=0.02 sys=0.00, real=0.01 secs] 
14.197: [Full GC (Ergonomics) [PSYoungGen: 1024K->960K(1536K)] [ParOldGen: 4074K->4074K(4096K)] 5098K->5035K(5632K), [Metaspace: 21248K->21248K(1069056K)], 0.0161644 secs] [Times: user=0.02 sys=0.00, real=0.02 secs] 
14.214: [Full GC (Ergonomics) [PSYoungGen: 1020K->964K(1536K)] [ParOldGen: 4074K->4074K(4096K)] 5095K->5038K(5632K), [Metaspace: 21248K->21245K(1069056K)], 0.0128481 secs] [Times: user=0.02 sys=0.00, real=0.01 secs] 
14.227: [Full GC (Ergonomics) [PSYoungGen: 1024K->967K(1536K)] [ParOldGen: 4074K->4074K(4096K)] 5098K->5041K(5632K), [Metaspace: 21248K->21248K(1069056K)], 0.0108905 secs] [Times: user=0.02 sys=0.00, real=0.01 secs] 
14.238: [Full GC (Ergonomics) [PSYoungGen: 1024K->960K(1536K)] [ParOldGen: 4074K->4074K(4096K)] 5098K->5035K(5632K), [Metaspace: 21248K->21248K(1069056K)], 0.0111934 secs] [Times: user=0.13 sys=0.00, real=0.01 secs] 
14.250: [Full GC (Ergonomics) [PSYoungGen: 1024K->964K(1536K)] [ParOldGen: 4074K->4074K(4096K)] 5098K->5038K(5632K), [Metaspace: 21248K->21248K(1069056K)], 0.0123574 secs] [Times: user=0.00 sys=0.00, real=0.01 secs] 
14.263: [Full GC (Ergonomics) [PSYoungGen: 1021K->946K(1536K)] [ParOldGen: 4074K->4074K(4096K)] 5095K->5020K(5632K), [Metaspace: 21248K->21215K(1069056K)], 0.0113010 secs] [Times: user=0.02 sys=0.00, real=0.01 secs] 
14.275: [Full GC (Ergonomics) [PSYoungGen: 1024K->929K(1536K)] [ParOldGen: 4074K->4074K(4096K)] 5098K->5004K(5632K), [Metaspace: 21215K->21215K(1069056K)], 0.0113012 secs] [Times: user=0.01 sys=0.00, real=0.01 secs] 
14.287: [Full GC (Ergonomics) [PSYoungGen: 1024K->908K(1536K)] [ParOldGen: 4074K->4074K(4096K)] 5098K->4983K(5632K), [Metaspace: 21215K->21215K(1069056K)], 0.0110609 secs] [Times: user=0.11 sys=0.00, real=0.01 secs] 
14.299: [Full GC (Ergonomics) [PSYoungGen: 1024K->911K(1536K)] [ParOldGen: 4074K->4074K(4096K)] 5098K->4985K(5632K), [Metaspace: 21221K->21221K(1069056K)], 0.0149882 secs] [Times: user=0.11 sys=0.00, real=0.02 secs] 
14.315: [Full GC (Ergonomics) [PSYoungGen: 1024K->925K(1536K)] [ParOldGen: 4074K->4074K(4096K)] 5098K->5000K(5632K), [Metaspace: 21221K->21221K(1069056K)], 0.0109286 secs] [Times: user=0.00 sys=0.00, real=0.01 secs] 
14.327: [Full GC (Ergonomics) [PSYoungGen: 1017K->927K(1536K)] [ParOldGen: 4074K->4074K(4096K)] 5091K->5001K(5632K), [Metaspace: 21221K->21221K(1069056K)], 0.0152004 secs] [Times: user=0.11 sys=0.00, real=0.02 secs] 
14.343: [Full GC (Ergonomics) [PSYoungGen: 1024K->927K(1536K)] [ParOldGen: 4074K->4074K(4096K)] 5098K->5001K(5632K), [Metaspace: 21224K->21224K(1069056K)], 0.0110848 secs] [Times: user=0.00 sys=0.00, real=0.01 secs] 
14.355: [Full GC (Ergonomics) [PSYoungGen: 1024K->935K(1536K)] [ParOldGen: 4074K->4074K(4096K)] 5098K->5009K(5632K), [Metaspace: 21224K->21224K(1069056K)], 0.0118696 secs] [Times: user=0.01 sys=0.00, real=0.01 secs] 
14.368: [Full GC (Ergonomics) [PSYoungGen: 1022K->944K(1536K)] [ParOldGen: 4074K->4074K(4096K)] 5097K->5018K(5632K), [Metaspace: 21224K->21224K(1069056K)], 0.0113931 secs] [Times: user=0.02 sys=0.00, real=0.01 secs] 
14.380: [Full GC (Ergonomics) [PSYoungGen: 1024K->950K(1536K)] [ParOldGen: 4074K->4074K(4096K)] 5098K->5024K(5632K), [Metaspace: 21224K->21224K(1069056K)], 0.0110177 secs] [Times: user=0.13 sys=0.00, real=0.01 secs] 
14.392: [Full GC (Ergonomics) [PSYoungGen: 1024K->954K(1536K)] [ParOldGen: 4074K->4074K(4096K)] 5098K->5028K(5632K), [Metaspace: 21224K->21224K(1069056K)], 0.0117709 secs] [Times: user=0.00 sys=0.00, real=0.01 secs] 
14.404: [Full GC (Ergonomics) [PSYoungGen: 1022K->963K(1536K)] [ParOldGen: 4074K->4074K(4096K)] 5097K->5038K(5632K), [Metaspace: 21224K->21224K(1069056K)], 0.0121352 secs] [Times: user=0.13 sys=0.00, real=0.01 secs] 
14.417: [Full GC (Ergonomics) [PSYoungGen: 1024K->944K(1536K)] [ParOldGen: 4074K->4074K(4096K)] 5098K->5018K(5632K), [Metaspace: 21224K->21224K(1069056K)], 0.0112054 secs] [Times: user=0.01 sys=0.00, real=0.01 secs] 
14.428: [Full GC (Ergonomics) [PSYoungGen: 1023K->935K(1536K)] [ParOldGen: 4074K->4074K(4096K)] 5098K->5010K(5632K), [Metaspace: 21224K->21224K(1069056K)], 0.0114861 secs] [Times: user=0.13 sys=0.00, real=0.01 secs] 
14.441: [Full GC (Ergonomics) [PSYoungGen: 1024K->948K(1536K)] [ParOldGen: 4074K->4074K(4096K)] 5098K->5023K(5632K), [Metaspace: 21224K->21224K(1069056K)], 0.0110302 secs] [Times: user=0.00 sys=0.00, real=0.01 secs] 
14.453: [Full GC (Ergonomics) [PSYoungGen: 1024K->954K(1536K)] [ParOldGen: 4074K->4074K(4096K)] 5098K->5029K(5632K), [Metaspace: 21224K->21224K(1069056K)], 0.0113911 secs] [Times: user=0.00 sys=0.00, real=0.01 secs] 
14.465: [Full GC (Ergonomics) [PSYoungGen: 1024K->961K(1536K)] [ParOldGen: 4074K->4074K(4096K)] 5098K->5035K(5632K), [Metaspace: 21224K->21224K(1069056K)], 0.0114176 secs] [Times: user=0.02 sys=0.00, real=0.01 secs] 
14.477: [Full GC (Ergonomics) [PSYoungGen: 1018K->964K(1536K)] [ParOldGen: 4074K->4074K(4096K)] 5092K->5039K(5632K), [Metaspace: 21224K->21224K(1069056K)], 0.0123929 secs] [Times: user=0.02 sys=0.00, real=0.01 secs] 
14.490: [Full GC (Ergonomics) [PSYoungGen: 1024K->966K(1536K)] [ParOldGen: 4074K->4074K(4096K)] 5098K->5041K(5632K), [Metaspace: 21224K->21224K(1069056K)], 0.0112392 secs] [Times: user=0.13 sys=0.00, real=0.01 secs] 
14.502: [Full GC (Ergonomics) [PSYoungGen: 1024K->954K(1536K)] [ParOldGen: 4074K->4074K(4096K)] 5098K->5028K(5632K), [Metaspace: 21224K->21224K(1069056K)], 0.0111075 secs] [Times: user=0.00 sys=0.00, real=0.01 secs] 
14.513: [Full GC (Ergonomics) [PSYoungGen: 1024K->965K(1536K)] [ParOldGen: 4074K->4074K(4096K)] 5098K->5040K(5632K), [Metaspace: 21224K->21224K(1069056K)], 0.0111593 secs] [Times: user=0.02 sys=0.00, real=0.01 secs] 
14.526: [Full GC (Ergonomics) [PSYoungGen: 1024K->971K(1536K)] [ParOldGen: 4074K->4074K(4096K)] 5098K->5046K(5632K), [Metaspace: 21226K->21226K(1069056K)], 0.0174478 secs] [Times: user=0.01 sys=0.00, real=0.02 secs] 
14.543: [Full GC (Ergonomics) [PSYoungGen: 1024K->971K(1536K)] [ParOldGen: 4074K->4074K(4096K)] 5098K->5045K(5632K), [Metaspace: 21226K->21226K(1069056K)], 0.0130691 secs] [Times: user=0.02 sys=0.00, real=0.01 secs] 
14.557: [Full GC (Ergonomics) [PSYoungGen: 1024K->971K(1536K)] [ParOldGen: 4074K->4074K(4096K)] 5098K->5045K(5632K), [Metaspace: 21226K->21226K(1069056K)], 0.0128435 secs] [Times: user=0.01 sys=0.00, real=0.01 secs] 
14.570: [Full GC (Ergonomics) [PSYoungGen: 1023K->956K(1536K)] [ParOldGen: 4074K->4074K(4096K)] 5098K->5030K(5632K), [Metaspace: 21226K->21226K(1069056K)], 0.0116625 secs] [Times: user=0.02 sys=0.00, real=0.01 secs] 
14.582: [Full GC (Ergonomics) [PSYoungGen: 1024K->965K(1536K)] [ParOldGen: 4074K->4074K(4096K)] 5098K->5039K(5632K), [Metaspace: 21226K->21226K(1069056K)], 0.0115698 secs] [Times: user=0.11 sys=0.00, real=0.01 secs] 
14.595: [Full GC (Ergonomics) [PSYoungGen: 1024K->964K(1536K)] [ParOldGen: 4074K->4074K(4096K)] 5098K->5039K(5632K), [Metaspace: 21227K->21227K(1069056K)], 0.0111087 secs] [Times: user=0.00 sys=0.00, real=0.01 secs] 
14.606: [Full GC (Ergonomics) [PSYoungGen: 1024K->964K(1536K)] [ParOldGen: 4074K->4074K(4096K)] 5098K->5039K(5632K), [Metaspace: 21227K->21227K(1069056K)], 0.0112159 secs] [Times: user=0.02 sys=0.00, real=0.01 secs] 
14.618: [Full GC (Ergonomics) [PSYoungGen: 1024K->976K(1536K)] [ParOldGen: 4074K->4074K(4096K)] 5098K->5050K(5632K), [Metaspace: 21227K->21227K(1069056K)], 0.0108689 secs] [Times: user=0.02 sys=0.00, real=0.01 secs] 
14.629: [Full GC (Ergonomics) [PSYoungGen: 1024K->981K(1536K)] [ParOldGen: 4074K->4074K(4096K)] 5098K->5055K(5632K), [Metaspace: 21227K->21227K(1069056K)], 0.0111966 secs] [Times: user=0.09 sys=0.00, real=0.01 secs] 
14.641: [Full GC (Ergonomics) [PSYoungGen: 1024K->994K(1536K)] [ParOldGen: 4074K->4074K(4096K)] 5098K->5069K(5632K), [Metaspace: 21227K->21227K(1069056K)], 0.0111684 secs] [Times: user=0.00 sys=0.00, real=0.01 secs] 
14.653: [Full GC (Ergonomics) [PSYoungGen: 1024K->993K(1536K)] [ParOldGen: 4074K->4074K(4096K)] 5098K->5067K(5632K), [Metaspace: 21227K->21227K(1069056K)], 0.0121125 secs] [Times: user=0.02 sys=0.00, real=0.01 secs] 
14.666: [Full GC (Ergonomics) [PSYoungGen: 1024K->994K(1536K)] [ParOldGen: 4074K->4074K(4096K)] 5098K->5068K(5632K), [Metaspace: 21230K->21230K(1069056K)], 0.0154820 secs] [Times: user=0.02 sys=0.00, real=0.01 secs] 
14.682: [Full GC (Ergonomics) [PSYoungGen: 1024K->995K(1536K)] [ParOldGen: 4074K->4074K(4096K)] 5098K->5069K(5632K), [Metaspace: 21230K->21230K(1069056K)], 0.0122334 secs] [Times: user=0.02 sys=0.00, real=0.01 secs] 
14.694: [Full GC (Ergonomics) [PSYoungGen: 1023K->1004K(1536K)] [ParOldGen: 4074K->4074K(4096K)] 5098K->5079K(5632K), [Metaspace: 21230K->21230K(1069056K)], 0.0119094 secs] [Times: user=0.11 sys=0.00, real=0.01 secs] 
14.707: [Full GC (Ergonomics) [PSYoungGen: 1024K->1002K(1536K)] [ParOldGen: 4074K->4074K(4096K)] 5098K->5077K(5632K), [Metaspace: 21235K->21235K(1069056K)], 0.0138837 secs] [Times: user=0.11 sys=0.00, real=0.01 secs] 
14.721: [Full GC (Ergonomics) [PSYoungGen: 1024K->1001K(1536K)] [ParOldGen: 4074K->4074K(4096K)] 5098K->5075K(5632K), [Metaspace: 21238K->21238K(1069056K)], 0.0116938 secs] [Times: user=0.00 sys=0.00, real=0.01 secs] 
14.733: [Full GC (Ergonomics) [PSYoungGen: 1024K->997K(1536K)] [ParOldGen: 4074K->4074K(4096K)] 5098K->5071K(5632K), [Metaspace: 21239K->21239K(1069056K)], 0.0112313 secs] [Times: user=0.13 sys=0.00, real=0.01 secs] 
14.745: [Full GC (Ergonomics) [PSYoungGen: 1024K->1007K(1536K)] [ParOldGen: 4074K->4074K(4096K)] 5098K->5081K(5632K), [Metaspace: 21240K->21240K(1069056K)], 0.0117242 secs] [Times: user=0.02 sys=0.00, real=0.01 secs] 
14.757: [Full GC (Ergonomics) [PSYoungGen: 1024K->1014K(1536K)] [ParOldGen: 4074K->4074K(4096K)] 5098K->5088K(5632K), [Metaspace: 21241K->21241K(1069056K)], 0.0118039 secs] [Times: user=0.13 sys=0.00, real=0.01 secs] 
14.769: [Full GC (Ergonomics) [PSYoungGen: 1024K->1017K(1536K)] [ParOldGen: 4074K->4074K(4096K)] 5098K->5092K(5632K), [Metaspace: 21241K->21241K(1069056K)], 0.0112788 secs] [Times: user=0.00 sys=0.00, real=0.01 secs] 
14.780: [Full GC (Ergonomics) [PSYoungGen: 1024K->1021K(1536K)] [ParOldGen: 4074K->4074K(4096K)] 5098K->5095K(5632K), [Metaspace: 21241K->21241K(1069056K)], 0.0114546 secs] [Times: user=0.13 sys=0.00, real=0.01 secs] 
14.792: [Full GC (Ergonomics) [PSYoungGen: 1024K->1022K(1536K)] [ParOldGen: 4074K->4074K(4096K)] 5098K->5096K(5632K), [Metaspace: 21241K->21241K(1069056K)], 0.0117754 secs] [Times: user=0.02 sys=0.00, real=0.01 secs] 
14.804: [Full GC (Ergonomics) [PSYoungGen: 1024K->1023K(1536K)] [ParOldGen: 4074K->4074K(4096K)] 5098K->5097K(5632K), [Metaspace: 21241K->21241K(1069056K)], 0.0110711 secs] [Times: user=0.13 sys=0.00, real=0.01 secs] 
14.815: [Full GC (Ergonomics) [PSYoungGen: 1024K->1023K(1536K)] [ParOldGen: 4074K->4074K(4096K)] 5098K->5097K(5632K), [Metaspace: 21241K->21241K(1069056K)], 0.0114759 secs] [Times: user=0.00 sys=0.00, real=0.01 secs] 
14.827: [Full GC (Ergonomics) [PSYoungGen: 1024K->1023K(1536K)] [ParOldGen: 4074K->4074K(4096K)] 5098K->5097K(5632K), [Metaspace: 21241K->21241K(1069056K)], 0.0109975 secs] [Times: user=0.13 sys=0.00, real=0.01 secs] 
14.838: [Full GC (Ergonomics) [PSYoungGen: 1024K->1023K(1536K)] [ParOldGen: 4074K->4074K(4096K)] 5098K->5098K(5632K), [Metaspace: 21241K->21241K(1069056K)], 0.0110521 secs] [Times: user=0.02 sys=0.00, real=0.01 secs] 
14.849: [Full GC (Ergonomics) [PSYoungGen: 1024K->1023K(1536K)] [ParOldGen: 4076K->4075K(4096K)] 5100K->5099K(5632K), [Metaspace: 21241K->21241K(1069056K)], 0.0117430 secs] [Times: user=0.13 sys=0.00, real=0.01 secs] 
14.861: [Full GC (Ergonomics) [PSYoungGen: 1024K->1023K(1536K)] [ParOldGen: 4075K->4075K(4096K)] 5099K->5099K(5632K), [Metaspace: 21241K->21241K(1069056K)], 0.0128031 secs] [Times: user=0.00 sys=0.00, real=0.01 secs] 
14.874: [Full GC (Ergonomics) [PSYoungGen: 1024K->1023K(1536K)] [ParOldGen: 4075K->4075K(4096K)] 5099K->5099K(5632K), [Metaspace: 21241K->21241K(1069056K)], 0.0139417 secs] [Times: user=0.11 sys=0.00, real=0.01 secs] 
14.889: [Full GC (Ergonomics) [PSYoungGen: 1023K->1023K(1536K)] [ParOldGen: 4075K->4074K(4096K)] 5099K->5098K(5632K), [Metaspace: 21241K->21241K(1069056K)], 0.0189556 secs] [Times: user=0.13 sys=0.00, real=0.02 secs] 
14.908: [Full GC (Ergonomics) [PSYoungGen: 1024K->1023K(1536K)] [ParOldGen: 4074K->4074K(4096K)] 5098K->5098K(5632K), [Metaspace: 21241K->21241K(1069056K)], 0.0137253 secs] [Times: user=0.02 sys=0.00, real=0.01 secs] 
14.922: [Full GC (Ergonomics) [PSYoungGen: 1024K->1021K(1536K)] [ParOldGen: 4078K->4077K(4096K)] 5102K->5098K(5632K), [Metaspace: 21241K->21241K(1069056K)], 0.0125155 secs] [Times: user=0.00 sys=0.00, real=0.01 secs] 
14.934: [Full GC (Ergonomics) [PSYoungGen: 1024K->996K(1536K)] [ParOldGen: 4077K->4076K(4096K)] 5101K->5073K(5632K), [Metaspace: 21242K->21242K(1069056K)], 0.0134423 secs] [Times: user=0.02 sys=0.00, real=0.01 secs] 
14.948: [Full GC (Ergonomics) [PSYoungGen: 1024K->1002K(1536K)] [ParOldGen: 4076K->4076K(4096K)] 5100K->5078K(5632K), [Metaspace: 21242K->21242K(1069056K)], 0.0132429 secs] [Times: user=0.01 sys=0.00, real=0.01 secs] 
14.962: [Full GC (Ergonomics) [PSYoungGen: 1024K->1002K(1536K)] [ParOldGen: 4076K->4076K(4096K)] 5100K->5079K(5632K), [Metaspace: 21245K->21245K(1069056K)], 0.0136581 secs] [Times: user=0.02 sys=0.00, real=0.01 secs] 
14.976: [Full GC (Ergonomics) [PSYoungGen: 1024K->1003K(1536K)] [ParOldGen: 4076K->4076K(4096K)] 5100K->5079K(5632K), [Metaspace: 21246K->21246K(1069056K)], 0.0126592 secs] [Times: user=0.01 sys=0.00, real=0.01 secs] 
14.989: [Full GC (Ergonomics) [PSYoungGen: 1024K->1003K(1536K)] [ParOldGen: 4076K->4076K(4096K)] 5100K->5079K(5632K), [Metaspace: 21246K->21246K(1069056K)], 0.0140589 secs] [Times: user=0.11 sys=0.00, real=0.01 secs] 
15.003: [Full GC (Ergonomics) [PSYoungGen: 1024K->1001K(1536K)] [ParOldGen: 4076K->4076K(4096K)] 5100K->5078K(5632K), [Metaspace: 21246K->21246K(1069056K)], 0.0130218 secs] [Times: user=0.13 sys=0.00, real=0.01 secs] 
15.016: [Full GC (Ergonomics) [PSYoungGen: 1024K->1004K(1536K)] [ParOldGen: 4076K->4076K(4096K)] 5100K->5080K(5632K), [Metaspace: 21246K->21246K(1069056K)], 0.0118946 secs] [Times: user=0.00 sys=0.00, real=0.01 secs] 
15.029: [Full GC (Ergonomics) [PSYoungGen: 1024K->1004K(1536K)] [ParOldGen: 4076K->4076K(4096K)] 5100K->5081K(5632K), [Metaspace: 21246K->21246K(1069056K)], 0.0125266 secs] [Times: user=0.01 sys=0.00, real=0.01 secs] 
15.041: [Full GC (Ergonomics) [PSYoungGen: 1024K->1018K(1536K)] [ParOldGen: 4076K->4076K(4096K)] 5100K->5095K(5632K), [Metaspace: 21246K->21246K(1069056K)], 0.0118152 secs] [Times: user=0.02 sys=0.00, real=0.01 secs] 
15.053: [Full GC (Ergonomics) [PSYoungGen: 1023K->1020K(1536K)] [ParOldGen: 4076K->4076K(4096K)] 5099K->5097K(5632K), [Metaspace: 21246K->21246K(1069056K)], 0.0125255 secs] [Times: user=0.13 sys=0.00, real=0.01 secs] 
15.066: [Full GC (Ergonomics) [PSYoungGen: 1024K->1016K(1536K)] [ParOldGen: 4076K->4076K(4096K)] 5100K->5093K(5632K), [Metaspace: 21246K->21246K(1069056K)], 0.0123460 secs] [Times: user=0.13 sys=0.00, real=0.01 secs] 
15.079: [Full GC (Ergonomics) [PSYoungGen: 1024K->976K(1536K)] [ParOldGen: 4076K->4076K(4096K)] 5100K->5053K(5632K), [Metaspace: 21246K->21246K(1069056K)], 0.0114349 secs] [Times: user=0.00 sys=0.00, real=0.01 secs] 
15.091: [Full GC (Ergonomics) [PSYoungGen: 1024K->981K(1536K)] [ParOldGen: 4076K->4076K(4096K)] 5100K->5057K(5632K), [Metaspace: 21250K->21250K(1069056K)], 0.0119486 secs] [Times: user=0.02 sys=0.00, real=0.01 secs] 
15.103: [Full GC (Ergonomics) [PSYoungGen: 1023K->981K(1536K)] [ParOldGen: 4076K->4076K(4096K)] 5099K->5058K(5632K), [Metaspace: 21252K->21252K(1069056K)], 0.0112270 secs] [Times: user=0.02 sys=0.00, real=0.01 secs] 
15.115: [Full GC (Ergonomics) [PSYoungGen: 1023K->979K(1536K)] [ParOldGen: 4076K->4076K(4096K)] 5100K->5055K(5632K), [Metaspace: 21259K->21259K(1069056K)], 0.0117928 secs] [Times: user=0.13 sys=0.00, real=0.01 secs] 
15.127: [Full GC (Ergonomics) [PSYoungGen: 1023K->981K(1536K)] [ParOldGen: 4076K->4076K(4096K)] 5099K->5058K(5632K), [Metaspace: 21262K->21262K(1069056K)], 0.0114620 secs] [Times: user=0.00 sys=0.00, real=0.01 secs] 
15.139: [Full GC (Ergonomics) [PSYoungGen: 1024K->982K(1536K)] [ParOldGen: 4076K->4076K(4096K)] 5100K->5059K(5632K), [Metaspace: 21265K->21265K(1069056K)], 0.0201187 secs] [Times: user=0.23 sys=0.00, real=0.02 secs] 
15.159: [Full GC (Ergonomics) [PSYoungGen: 1024K->878K(1536K)] [ParOldGen: 4076K->4076K(4096K)] 5100K->4954K(5632K), [Metaspace: 21269K->21269K(1069056K)], 0.0136232 secs] [Times: user=0.08 sys=0.00, real=0.01 secs] 
15.174: [Full GC (Ergonomics) [PSYoungGen: 1023K->907K(1536K)] [ParOldGen: 4076K->4075K(4096K)] 5099K->4982K(5632K), [Metaspace: 21278K->21278K(1069056K)], 0.0239539 secs] [Times: user=0.11 sys=0.00, real=0.02 secs] 
15.198: [Full GC (Ergonomics) [PSYoungGen: 1024K->920K(1536K)] [ParOldGen: 4075K->4075K(4096K)] 5099K->4996K(5632K), [Metaspace: 21278K->21278K(1069056K)], 0.0113732 secs] [Times: user=0.02 sys=0.00, real=0.01 secs] 
15.210: [Full GC (Ergonomics) [PSYoungGen: 1020K->897K(1536K)] [ParOldGen: 4075K->4075K(4096K)] 5096K->4973K(5632K), [Metaspace: 21283K->21279K(1069056K)], 0.0204663 secs] [Times: user=0.01 sys=0.00, real=0.02 secs] 
15.232: [Full GC (Ergonomics) [PSYoungGen: 1024K->906K(1536K)] [ParOldGen: 4075K->4075K(4096K)] 5099K->4981K(5632K), [Metaspace: 21300K->21296K(1069056K)], 0.0182519 secs] [Times: user=0.24 sys=0.00, real=0.02 secs] 
15.251: [Full GC (Ergonomics) [PSYoungGen: 1024K->895K(1536K)] [ParOldGen: 4075K->4075K(4096K)] 5099K->4970K(5632K), [Metaspace: 21312K->21308K(1069056K)], 0.0147541 secs] [Times: user=0.11 sys=0.00, real=0.01 secs] 
15.266: [Full GC (Ergonomics) [PSYoungGen: 1024K->912K(1536K)] [ParOldGen: 4075K->4075K(4096K)] 5099K->4988K(5632K), [Metaspace: 21308K->21308K(1069056K)], 0.0110947 secs] [Times: user=0.00 sys=0.00, real=0.01 secs] 
15.277: [Full GC (Ergonomics) [PSYoungGen: 1022K->914K(1536K)] [ParOldGen: 4075K->4075K(4096K)] 5097K->4990K(5632K), [Metaspace: 21308K->21308K(1069056K)], 0.0113172 secs] [Times: user=0.02 sys=0.00, real=0.01 secs] 
15.290: [Full GC (Ergonomics) [PSYoungGen: 1024K->907K(1536K)] [ParOldGen: 4075K->4074K(4096K)] 5099K->4982K(5632K), [Metaspace: 21325K->21325K(1069056K)], 0.0209914 secs] [Times: user=0.01 sys=0.00, real=0.02 secs] 
15.311: [Full GC (Ergonomics) [PSYoungGen: 1024K->908K(1536K)] [ParOldGen: 4074K->4074K(4096K)] 5098K->4983K(5632K), [Metaspace: 21336K->21336K(1069056K)], 0.0121065 secs] [Times: user=0.13 sys=0.00, real=0.01 secs] 
15.325: [Full GC (Ergonomics) [PSYoungGen: 1024K->878K(1536K)] [ParOldGen: 4074K->4069K(4096K)] 5098K->4948K(5632K), [Metaspace: 21342K->21294K(1069056K)], 0.0263572 secs] [Times: user=0.09 sys=0.00, real=0.03 secs] 
15.352: [Full GC (Ergonomics) [PSYoungGen: 1024K->839K(1536K)] [ParOldGen: 4069K->4069K(4096K)] 5093K->4909K(5632K), [Metaspace: 21310K->21310K(1069056K)], 0.0130045 secs] [Times: user=0.02 sys=0.00, real=0.01 secs] 
15.367: [Full GC (Ergonomics) [PSYoungGen: 1024K->847K(1536K)] [ParOldGen: 4069K->4067K(4096K)] 5093K->4914K(5632K), [Metaspace: 21318K->21318K(1069056K)], 0.0216533 secs] [Times: user=0.01 sys=0.00, real=0.02 secs] 
15.390: [Full GC (Ergonomics) [PSYoungGen: 1019K->847K(1536K)] [ParOldGen: 4067K->4066K(4096K)] 5087K->4913K(5632K), [Metaspace: 21328K->21328K(1069056K)], 0.0173960 secs] [Times: user=0.13 sys=0.00, real=0.02 secs] 
15.409: [Full GC (Ergonomics) [PSYoungGen: 1024K->862K(1536K)] [ParOldGen: 4066K->4066K(4096K)] 5090K->4929K(5632K), [Metaspace: 21343K->21343K(1069056K)], 0.0115789 secs] [Times: user=0.00 sys=0.00, real=0.01 secs] 
15.422: [Full GC (Ergonomics) [PSYoungGen: 1022K->876K(1536K)] [ParOldGen: 4066K->4066K(4096K)] 5089K->4943K(5632K), [Metaspace: 21348K->21348K(1069056K)], 0.0117470 secs] [Times: user=0.00 sys=0.00, real=0.01 secs] 
15.435: [Full GC (Ergonomics) [PSYoungGen: 1024K->863K(1536K)] [ParOldGen: 4066K->4066K(4096K)] 5090K->4929K(5632K), [Metaspace: 21377K->21377K(1069056K)], 0.0112404 secs] [Times: user=0.13 sys=0.00, real=0.01 secs] 
15.448: [Full GC (Ergonomics) [PSYoungGen: 1024K->870K(1536K)] [ParOldGen: 4066K->4066K(4096K)] 5090K->4936K(5632K), [Metaspace: 21387K->21387K(1069056K)], 0.0112247 secs] [Times: user=0.02 sys=0.00, real=0.01 secs] 
15.460: [Full GC (Ergonomics) [PSYoungGen: 1024K->868K(1536K)] [ParOldGen: 4066K->4066K(4096K)] 5090K->4934K(5632K), [Metaspace: 21391K->21391K(1069056K)], 0.0110487 secs] [Times: user=0.13 sys=0.00, real=0.01 secs] 
15.472: [Full GC (Ergonomics) [PSYoungGen: 1024K->873K(1536K)] [ParOldGen: 4066K->4066K(4096K)] 5090K->4939K(5632K), [Metaspace: 21395K->21395K(1069056K)], 0.0104041 secs] [Times: user=0.00 sys=0.00, real=0.01 secs] 
15.493: [Full GC (Ergonomics) [PSYoungGen: 1024K->885K(1536K)] [ParOldGen: 4066K->4066K(4096K)] 5090K->4951K(5632K), [Metaspace: 21399K->21399K(1069056K)], 0.0122152 secs] [Times: user=0.02 sys=0.00, real=0.01 secs] 
15.506: [Full GC (Ergonomics) [PSYoungGen: 1024K->880K(1536K)] [ParOldGen: 4066K->4066K(4096K)] 5090K->4946K(5632K), [Metaspace: 21406K->21406K(1069056K)], 0.0115385 secs] [Times: user=0.13 sys=0.00, real=0.01 secs] 
15.518: [Full GC (Ergonomics) [PSYoungGen: 1024K->878K(1536K)] [ParOldGen: 4066K->4066K(4096K)] 5090K->4944K(5632K), [Metaspace: 21407K->21407K(1069056K)], 0.0145285 secs] [Times: user=0.13 sys=0.00, real=0.02 secs] 
15.543: [Full GC (Ergonomics) [PSYoungGen: 1024K->887K(1536K)] [ParOldGen: 4066K->4066K(4096K)] 5090K->4953K(5632K), [Metaspace: 21409K->21409K(1069056K)], 0.0233850 secs] [Times: user=0.06 sys=0.00, real=0.02 secs] 
15.568: [Full GC (Ergonomics) [PSYoungGen: 1018K->925K(1536K)] [ParOldGen: 4066K->4066K(4096K)] 5084K->4991K(5632K), [Metaspace: 21409K->21409K(1069056K)], 0.0139193 secs] [Times: user=0.11 sys=0.00, real=0.01 secs] 
15.582: [Full GC (Ergonomics) [PSYoungGen: 1023K->986K(1536K)] [ParOldGen: 4066K->4066K(4096K)] 5090K->5052K(5632K), [Metaspace: 21409K->21409K(1069056K)], 0.0108587 secs] [Times: user=0.00 sys=0.00, real=0.01 secs] 
15.593: [Full GC (Ergonomics) [PSYoungGen: 1024K->939K(1536K)] [ParOldGen: 4066K->4066K(4096K)] 5090K->5005K(5632K), [Metaspace: 21409K->21409K(1069056K)], 0.0120402 secs] [Times: user=0.13 sys=0.00, real=0.01 secs] 
15.606: [Full GC (Ergonomics) [PSYoungGen: 1024K->928K(1536K)] [ParOldGen: 4066K->4066K(4096K)] 5090K->4994K(5632K), [Metaspace: 21409K->21409K(1069056K)], 0.0107065 secs] [Times: user=0.02 sys=0.00, real=0.01 secs] 
15.617: [Full GC (Ergonomics) [PSYoungGen: 1024K->936K(1536K)] [ParOldGen: 4066K->4066K(4096K)] 5090K->5002K(5632K), [Metaspace: 21409K->21409K(1069056K)], 0.0121719 secs] [Times: user=0.02 sys=0.00, real=0.01 secs] 
15.631: [Full GC (Ergonomics) [PSYoungGen: 1023K->948K(1536K)] [ParOldGen: 4066K->4066K(4096K)] 5090K->5014K(5632K), [Metaspace: 21409K->21409K(1069056K)], 0.0108433 secs] [Times: user=0.09 sys=0.02, real=0.01 secs] 
15.642: [Full GC (Ergonomics) [PSYoungGen: 1024K->937K(1536K)] [ParOldGen: 4066K->4066K(4096K)] 5090K->5003K(5632K), [Metaspace: 21409K->21409K(1069056K)], 0.0117581 secs] [Times: user=0.00 sys=0.00, real=0.01 secs] 
15.655: [Full GC (Ergonomics) [PSYoungGen: 1016K->942K(1536K)] [ParOldGen: 4066K->4066K(4096K)] 5083K->5008K(5632K), [Metaspace: 21409K->21409K(1069056K)], 0.0116989 secs] [Times: user=0.13 sys=0.00, real=0.01 secs] 
15.667: [Full GC (Ergonomics) [PSYoungGen: 1020K->956K(1536K)] [ParOldGen: 4066K->4066K(4096K)] 5087K->5023K(5632K), [Metaspace: 21409K->21409K(1069056K)], 0.0110159 secs] [Times: user=0.02 sys=0.00, real=0.01 secs] 
15.679: [Full GC (Ergonomics) [PSYoungGen: 1024K->946K(1536K)] [ParOldGen: 4066K->4066K(4096K)] 5090K->5012K(5632K), [Metaspace: 21409K->21409K(1069056K)], 0.0109639 secs] [Times: user=0.13 sys=0.00, real=0.01 secs] 
15.691: [Full GC (Ergonomics) [PSYoungGen: 1010K->979K(1536K)] [ParOldGen: 4066K->4066K(4096K)] 5076K->5045K(5632K), [Metaspace: 21409K->21409K(1069056K)], 0.0110754 secs] [Times: user=0.00 sys=0.00, real=0.01 secs] 
15.702: [Full GC (Ergonomics) [PSYoungGen: 1013K->995K(1536K)] [ParOldGen: 4066K->4066K(4096K)] 5079K->5061K(5632K), [Metaspace: 21409K->21409K(1069056K)], 0.0110848 secs] [Times: user=0.13 sys=0.00, real=0.01 secs] 
15.713: [Full GC (Allocation Failure) [PSYoungGen: 995K->995K(1536K)] [ParOldGen: 4066K->4066K(4096K)] 5061K->5061K(5632K), [Metaspace: 21409K->21409K(1069056K)], 0.0110239 secs] [Times: user=0.02 sys=0.00, real=0.01 secs] 
15.725: [Full GC (Ergonomics) [PSYoungGen: 1024K->889K(1536K)] [ParOldGen: 4094K->4082K(4096K)] 5118K->4972K(5632K), [Metaspace: 21409K->21409K(1069056K)], 0.0115521 secs] [Times: user=0.11 sys=0.00, real=0.01 secs] 
15.736: [Full GC (Ergonomics) [PSYoungGen: 1023K->890K(1536K)] [ParOldGen: 4082K->4081K(4096K)] 5106K->4971K(5632K), [Metaspace: 21409K->21409K(1069056K)], 0.0125778 secs] [Times: user=0.00 sys=0.00, real=0.01 secs] 
15.750: [Full GC (Ergonomics) [PSYoungGen: 1018K->902K(1536K)] [ParOldGen: 4081K->4073K(4096K)] 5100K->4976K(5632K), [Metaspace: 21418K->21418K(1069056K)], 0.0115766 secs] [Times: user=0.00 sys=0.00, real=0.01 secs] 
15.762: [Full GC (Ergonomics) [PSYoungGen: 1022K->903K(1536K)] [ParOldGen: 4073K->4073K(4096K)] 5095K->4976K(5632K), [Metaspace: 21425K->21425K(1069056K)], 0.0107588 secs] [Times: user=0.02 sys=0.00, real=0.01 secs] 
15.773: [Full GC (Ergonomics) [PSYoungGen: 1024K->898K(1536K)] [ParOldGen: 4073K->4066K(4096K)] 5097K->4965K(5632K), [Metaspace: 21430K->21430K(1069056K)], 0.0108228 secs] [Times: user=0.11 sys=0.00, real=0.01 secs] 
15.784: [Full GC (Ergonomics) [PSYoungGen: 1021K->915K(1536K)] [ParOldGen: 4066K->4066K(4096K)] 5087K->4982K(5632K), [Metaspace: 21430K->21430K(1069056K)], 0.0112048 secs] [Times: user=0.00 sys=0.00, real=0.01 secs] 
15.796: [Full GC (Ergonomics) [PSYoungGen: 1021K->906K(1536K)] [ParOldGen: 4066K->4066K(4096K)] 5088K->4972K(5632K), [Metaspace: 21430K->21430K(1069056K)], 0.0112688 secs] [Times: user=0.13 sys=0.00, real=0.01 secs] 
15.808: [Full GC (Ergonomics) [PSYoungGen: 1023K->927K(1536K)] [ParOldGen: 4066K->4066K(4096K)] 5090K->4993K(5632K), [Metaspace: 21439K->21439K(1069056K)], 0.0114392 secs] [Times: user=0.02 sys=0.00, real=0.01 secs] 
15.819: [Full GC (Ergonomics) [PSYoungGen: 1023K->921K(1536K)] [ParOldGen: 4066K->4066K(4096K)] 5089K->4987K(5632K), [Metaspace: 21439K->21439K(1069056K)], 0.0120271 secs] [Times: user=0.13 sys=0.00, real=0.01 secs] 
15.832: [Full GC (Ergonomics) [PSYoungGen: 1023K->908K(1536K)] [ParOldGen: 4066K->4066K(4096K)] 5090K->4974K(5632K), [Metaspace: 21444K->21444K(1069056K)], 0.0110083 secs] [Times: user=0.13 sys=0.00, real=0.01 secs] 
15.843: [Full GC (Ergonomics) [PSYoungGen: 1024K->902K(1536K)] [ParOldGen: 4066K->4066K(4096K)] 5090K->4968K(5632K), [Metaspace: 21444K->21444K(1069056K)], 0.0145533 secs] [Times: user=0.00 sys=0.00, real=0.01 secs] 
15.859: [Full GC (Ergonomics) [PSYoungGen: 1017K->907K(1536K)] [ParOldGen: 4066K->4066K(4096K)] 5084K->4973K(5632K), [Metaspace: 21445K->21445K(1069056K)], 0.0116511 secs] [Times: user=0.09 sys=0.01, real=0.01 secs] 
15.871: [Full GC (Ergonomics) [PSYoungGen: 1024K->941K(1536K)] [ParOldGen: 4066K->4066K(4096K)] 5090K->5007K(5632K), [Metaspace: 21445K->21445K(1069056K)], 0.0114699 secs] [Times: user=0.02 sys=0.02, real=0.01 secs] 
15.882: [Full GC (Ergonomics) [PSYoungGen: 986K->929K(1536K)] [ParOldGen: 4066K->4066K(4096K)] 5053K->4996K(5632K), [Metaspace: 21445K->21445K(1069056K)], 0.0111403 secs] [Times: user=0.02 sys=0.01, real=0.01 secs] 
15.894: [Full GC (Ergonomics) [PSYoungGen: 1013K->929K(1536K)] [ParOldGen: 4066K->4066K(4096K)] 5079K->4996K(5632K), [Metaspace: 21445K->21445K(1069056K)], 0.0115166 secs] [Times: user=0.00 sys=0.00, real=0.01 secs] 
15.906: [Full GC (Ergonomics) [PSYoungGen: 1024K->888K(1536K)] [ParOldGen: 4066K->4066K(4096K)] 5090K->4954K(5632K), [Metaspace: 21446K->21446K(1069056K)], 0.0120417 secs] [Times: user=0.11 sys=0.02, real=0.01 secs] 
15.919: [Full GC (Ergonomics) [PSYoungGen: 1023K->866K(1536K)] [ParOldGen: 4066K->4043K(4096K)] 5089K->4910K(5632K), [Metaspace: 21448K->21448K(1069056K)], 0.0309723 secs] [Times: user=0.13 sys=0.02, real=0.03 secs] 
15.950: [Full GC (Ergonomics) [PSYoungGen: 1020K->872K(1536K)] [ParOldGen: 4043K->4043K(4096K)] 5063K->4916K(5632K), [Metaspace: 21448K->21448K(1069056K)], 0.0132659 secs] [Times: user=0.02 sys=0.00, real=0.01 secs] 
15.964: [Full GC (Ergonomics) [PSYoungGen: 1023K->912K(1536K)] [ParOldGen: 4043K->4043K(4096K)] 5067K->4955K(5632K), [Metaspace: 21448K->21448K(1069056K)], 0.0140979 secs] [Times: user=0.02 sys=0.00, real=0.01 secs] 
15.978: [Full GC (Ergonomics) [PSYoungGen: 1015K->920K(1536K)] [ParOldGen: 4043K->4043K(4096K)] 5058K->4963K(5632K), [Metaspace: 21448K->21448K(1069056K)], 0.0107193 secs] [Times: user=0.02 sys=0.00, real=0.01 secs] 
15.989: [Full GC (Ergonomics) [PSYoungGen: 1016K->920K(1536K)] [ParOldGen: 4043K->4043K(4096K)] 5059K->4963K(5632K), [Metaspace: 21448K->21448K(1069056K)], 0.0126637 secs] [Times: user=0.13 sys=0.00, real=0.01 secs] 
16.003: [Full GC (Ergonomics) [PSYoungGen: 1024K->878K(1536K)] [ParOldGen: 4043K->4037K(4096K)] 5067K->4916K(5632K), [Metaspace: 21448K->21448K(1069056K)], 0.0329116 secs] [Times: user=0.22 sys=0.02, real=0.03 secs] 
Heap
 PSYoungGen      total 1536K, used 991K [0x00000000ffe00000, 0x0000000100000000, 0x0000000100000000)
  eden space 1024K, 96% used [0x00000000ffe00000,0x00000000ffef7d00,0x00000000fff00000)
  from space 512K, 0% used [0x00000000fff80000,0x00000000fff80000,0x0000000100000000)
  to   space 512K, 0% used [0x00000000fff00000,0x00000000fff00000,0x00000000fff80000)
 ParOldGen       total 4096K, used 4037K [0x00000000ffa00000, 0x00000000ffe00000, 0x00000000ffe00000)
  object space 4096K, 98% used [0x00000000ffa00000,0x00000000ffdf16f0,0x00000000ffe00000)
 Metaspace       used 21460K, capacity 22232K, committed 22400K, reserved 1069056K
  class space    used 2907K, capacity 3106K, committed 3200K, reserved 1048576K
